ARM GAS  C:\Users\ARTEM\AppData\Local\Temp\cc9gATOx.s 			page 1


   1              		.syntax unified
   2              		.cpu cortex-m0
   3              		.fpu softvfp
   4              		.eabi_attribute 20, 1
   5              		.eabi_attribute 21, 1
   6              		.eabi_attribute 23, 3
   7              		.eabi_attribute 24, 1
   8              		.eabi_attribute 25, 1
   9              		.eabi_attribute 26, 1
  10              		.eabi_attribute 30, 1
  11              		.eabi_attribute 34, 0
  12              		.eabi_attribute 18, 4
  13              		.thumb
  14              		.syntax unified
  15              		.file	"ballServeController.c"
  16              		.text
  17              	.Ltext0:
  18              		.cfi_sections	.debug_frame
  19              		.section	.text.CheckForBallServeRequest,"ax",%progbits
  20              		.align	2
  21              		.global	CheckForBallServeRequest
  22              		.code	16
  23              		.thumb_func
  24              		.type	CheckForBallServeRequest, %function
  25              	CheckForBallServeRequest:
  26              	.LFB35:
  27              		.file 1 "ballServeController.c"
   1:ballServeController.c **** #include "ballServeController.h"
   2:ballServeController.c **** #include "main_data.h"
   3:ballServeController.c **** #include "motorController.h"
   4:ballServeController.c **** 
   5:ballServeController.c **** void CheckForBallServeRequest() {
  28              		.loc 1 5 0
  29              		.cfi_startproc
  30              		@ args = 0, pretend = 0, frame = 0
  31              		@ frame_needed = 0, uses_anonymous_args = 0
  32 0000 10B5     		push	{r4, lr}
  33              		.cfi_def_cfa_offset 8
  34              		.cfi_offset 4, -8
  35              		.cfi_offset 14, -4
   6:ballServeController.c ****     if(doServe) {
  36              		.loc 1 6 0
  37 0002 094B     		ldr	r3, .L3
  38 0004 1B78     		ldrb	r3, [r3]
  39 0006 002B     		cmp	r3, #0
  40 0008 0CD0     		beq	.L1
   7:ballServeController.c ****         doServe = false;
  41              		.loc 1 7 0
  42 000a 0022     		movs	r2, #0
  43 000c 064B     		ldr	r3, .L3
  44 000e 1A70     		strb	r2, [r3]
   8:ballServeController.c ****         if(motorsEnabled == false)
  45              		.loc 1 8 0
  46 0010 064B     		ldr	r3, .L3+4
  47 0012 1B78     		ldrb	r3, [r3]
  48 0014 002B     		cmp	r3, #0
  49 0016 05D0     		beq	.L1
ARM GAS  C:\Users\ARTEM\AppData\Local\Temp\cc9gATOx.s 			page 2


   9:ballServeController.c ****             return;
  10:ballServeController.c ****         isServing = true;
  50              		.loc 1 10 0
  51 0018 0132     		adds	r2, r2, #1
  52 001a 054B     		ldr	r3, .L3+8
  53 001c 1A70     		strb	r2, [r3]
  11:ballServeController.c ****         Pin_Output_Serve_Write(1);
  54              		.loc 1 11 0
  55 001e 0120     		movs	r0, #1
  56 0020 FFF7FEFF 		bl	Pin_Output_Serve_Write
  57              	.LVL0:
  58              	.L1:
  12:ballServeController.c ****     }
  13:ballServeController.c **** }
  59              		.loc 1 13 0
  60              		@ sp needed
  61 0024 10BD     		pop	{r4, pc}
  62              	.L4:
  63 0026 C046     		.align	2
  64              	.L3:
  65 0028 00000000 		.word	doServe
  66 002c 00000000 		.word	motorsEnabled
  67 0030 00000000 		.word	isServing
  68              		.cfi_endproc
  69              	.LFE35:
  70              		.size	CheckForBallServeRequest, .-CheckForBallServeRequest
  71              		.section	.text.StopBallServe,"ax",%progbits
  72              		.align	2
  73              		.global	StopBallServe
  74              		.code	16
  75              		.thumb_func
  76              		.type	StopBallServe, %function
  77              	StopBallServe:
  78              	.LFB36:
  14:ballServeController.c **** 
  15:ballServeController.c **** void StopBallServe() {
  79              		.loc 1 15 0
  80              		.cfi_startproc
  81              		@ args = 0, pretend = 0, frame = 0
  82              		@ frame_needed = 0, uses_anonymous_args = 0
  83 0000 10B5     		push	{r4, lr}
  84              		.cfi_def_cfa_offset 8
  85              		.cfi_offset 4, -8
  86              		.cfi_offset 14, -4
  16:ballServeController.c ****     Pin_Output_Serve_Write(0);
  87              		.loc 1 16 0
  88 0002 0020     		movs	r0, #0
  89 0004 FFF7FEFF 		bl	Pin_Output_Serve_Write
  90              	.LVL1:
  17:ballServeController.c ****     isServing = false;
  91              		.loc 1 17 0
  92 0008 0022     		movs	r2, #0
  93 000a 014B     		ldr	r3, .L6
  94 000c 1A70     		strb	r2, [r3]
  18:ballServeController.c **** }
  95              		.loc 1 18 0
  96              		@ sp needed
ARM GAS  C:\Users\ARTEM\AppData\Local\Temp\cc9gATOx.s 			page 3


  97 000e 10BD     		pop	{r4, pc}
  98              	.L7:
  99              		.align	2
 100              	.L6:
 101 0010 00000000 		.word	isServing
 102              		.cfi_endproc
 103              	.LFE36:
 104              		.size	StopBallServe, .-StopBallServe
 105              		.section	.text.UpdateServing,"ax",%progbits
 106              		.align	2
 107              		.global	UpdateServing
 108              		.code	16
 109              		.thumb_func
 110              		.type	UpdateServing, %function
 111              	UpdateServing:
 112              	.LFB37:
  19:ballServeController.c **** 
  20:ballServeController.c **** void UpdateServing() {
 113              		.loc 1 20 0
 114              		.cfi_startproc
 115              		@ args = 0, pretend = 0, frame = 0
 116              		@ frame_needed = 0, uses_anonymous_args = 0
 117 0000 10B5     		push	{r4, lr}
 118              		.cfi_def_cfa_offset 8
 119              		.cfi_offset 4, -8
 120              		.cfi_offset 14, -4
  21:ballServeController.c ****     // turn on and off to reduce speed
  22:ballServeController.c ****     if(isServing) {
 121              		.loc 1 22 0
 122 0002 0B4B     		ldr	r3, .L11
 123 0004 1B78     		ldrb	r3, [r3]
 124 0006 002B     		cmp	r3, #0
 125 0008 10D0     		beq	.L8
  23:ballServeController.c ****         counter = (counter + 1) % 8;
 126              		.loc 1 23 0
 127 000a 0A48     		ldr	r0, .L11+4
 128 000c 0368     		ldr	r3, [r0]
 129 000e 5A1C     		adds	r2, r3, #1
 130 0010 D317     		asrs	r3, r2, #31
 131 0012 590F     		lsrs	r1, r3, #29
 132 0014 5218     		adds	r2, r2, r1
 133 0016 0723     		movs	r3, #7
 134 0018 1A40     		ands	r2, r3
 135 001a 531A     		subs	r3, r2, r1
 136 001c 0360     		str	r3, [r0]
  24:ballServeController.c ****         Pin_Output_Serve_Write(counter > 3);
 137              		.loc 1 24 0
 138 001e 0120     		movs	r0, #1
 139 0020 032B     		cmp	r3, #3
 140 0022 00DC     		bgt	.L10
 141 0024 0020     		movs	r0, #0
 142              	.L10:
 143 0026 C0B2     		uxtb	r0, r0
 144 0028 FFF7FEFF 		bl	Pin_Output_Serve_Write
 145              	.LVL2:
 146              	.L8:
  25:ballServeController.c ****     }
ARM GAS  C:\Users\ARTEM\AppData\Local\Temp\cc9gATOx.s 			page 4


  26:ballServeController.c **** }
 147              		.loc 1 26 0
 148              		@ sp needed
 149 002c 10BD     		pop	{r4, pc}
 150              	.L12:
 151 002e C046     		.align	2
 152              	.L11:
 153 0030 00000000 		.word	isServing
 154 0034 00000000 		.word	counter
 155              		.cfi_endproc
 156              	.LFE37:
 157              		.size	UpdateServing, .-UpdateServing
 158              		.section	.text.Pin_Input_BallTrigger_Handler,"ax",%progbits
 159              		.align	2
 160              		.global	Pin_Input_BallTrigger_Handler
 161              		.code	16
 162              		.thumb_func
 163              		.type	Pin_Input_BallTrigger_Handler, %function
 164              	Pin_Input_BallTrigger_Handler:
 165              	.LFB38:
  27:ballServeController.c **** 
  28:ballServeController.c **** 
  29:ballServeController.c **** CY_ISR(Pin_Input_BallTrigger_Handler){
 166              		.loc 1 29 0
 167              		.cfi_startproc
 168              		@ args = 0, pretend = 0, frame = 0
 169              		@ frame_needed = 0, uses_anonymous_args = 0
 170 0000 10B5     		push	{r4, lr}
 171              		.cfi_def_cfa_offset 8
 172              		.cfi_offset 4, -8
 173              		.cfi_offset 14, -4
  30:ballServeController.c ****     StopBallServe();
 174              		.loc 1 30 0
 175 0002 FFF7FEFF 		bl	StopBallServe
 176              	.LVL3:
  31:ballServeController.c ****     ballCounter++;
 177              		.loc 1 31 0
 178 0006 0B4A     		ldr	r2, .L14
 179 0008 1368     		ldr	r3, [r2]
 180 000a 0133     		adds	r3, r3, #1
 181 000c 1360     		str	r3, [r2]
  32:ballServeController.c ****     Pin_Output_Serve_Write(0);
 182              		.loc 1 32 0
 183 000e 0020     		movs	r0, #0
 184 0010 FFF7FEFF 		bl	Pin_Output_Serve_Write
 185              	.LVL4:
  33:ballServeController.c ****     Pin_Motor_Write(0);
 186              		.loc 1 33 0
 187 0014 0020     		movs	r0, #0
 188 0016 FFF7FEFF 		bl	Pin_Motor_Write
 189              	.LVL5:
  34:ballServeController.c ****     CyDelay(400);
 190              		.loc 1 34 0
 191 001a C820     		movs	r0, #200
 192 001c 4000     		lsls	r0, r0, #1
 193 001e FFF7FEFF 		bl	CyDelay
 194              	.LVL6:
ARM GAS  C:\Users\ARTEM\AppData\Local\Temp\cc9gATOx.s 			page 5


  35:ballServeController.c ****     Pin_Output_Serve_Write(1);
 195              		.loc 1 35 0
 196 0022 0120     		movs	r0, #1
 197 0024 FFF7FEFF 		bl	Pin_Output_Serve_Write
 198              	.LVL7:
  36:ballServeController.c ****     Pin_Motor_Write(1);
 199              		.loc 1 36 0
 200 0028 0120     		movs	r0, #1
 201 002a FFF7FEFF 		bl	Pin_Motor_Write
 202              	.LVL8:
  37:ballServeController.c ****     Pin_Input_BallTrigger_ClearInterrupt();
 203              		.loc 1 37 0
 204 002e FFF7FEFF 		bl	Pin_Input_BallTrigger_ClearInterrupt
 205              	.LVL9:
  38:ballServeController.c **** }...
 206              		.loc 1 38 0
 207              		@ sp needed
 208 0032 10BD     		pop	{r4, pc}
 209              	.L15:
 210              		.align	2
 211              	.L14:
 212 0034 00000000 		.word	ballCounter
 213              		.cfi_endproc
 214              	.LFE38:
 215              		.size	Pin_Input_BallTrigger_Handler, .-Pin_Input_BallTrigger_Handler
 216              		.comm	counter,4,4
 217              		.comm	isServing,1,1
 218              		.comm	doServe,1,1
 219              		.comm	motorsEnabled,1,1
 220              		.comm	motor_speeds,16,4
 221              		.comm	newDiffuculty,4,4
 222              		.comm	oldDifficulty,4,4
 223              		.comm	ballCounter,4,4
 224              		.comm	str,16,4
 225              		.comm	uart_rpm_buff,4,4
 226              		.text
 227              	.Letext0:
 228              		.file 2 "Generated_Source\\PSoC4/Bluetooth_Stack.h"
 229              		.file 3 "Generated_Source\\PSoC4/Bluetooth_aios.h"
 230              		.file 4 "main_data.h"
 231              		.file 5 "ballServeController.h"
 232              		.file 6 "Generated_Source\\PSoC4/Pin_Output_Serve.h"
 233              		.file 7 "Generated_Source\\PSoC4/Pin_Motor.h"
 234              		.file 8 "Generated_Source\\PSoC4/CyLib.h"
 235              		.file 9 "Generated_Source\\PSoC4/Pin_Input_BallTrigger.h"
 236              		.section	.debug_info,"",%progbits
 237              	.Ldebug_info0:
 238 0000 B0040000 		.4byte	0x4b0
 239 0004 0400     		.2byte	0x4
 240 0006 00000000 		.4byte	.Ldebug_abbrev0
 241 000a 04       		.byte	0x4
 242 000b 01       		.uleb128 0x1
 243 000c 69020000 		.4byte	.LASF116
 244 0010 0C       		.byte	0xc
 245 0011 620B0000 		.4byte	.LASF117
 246 0015 29020000 		.4byte	.LASF118
 247 0019 00000000 		.4byte	.Ldebug_ranges0+0
ARM GAS  C:\Users\ARTEM\AppData\Local\Temp\cc9gATOx.s 			page 6


 248 001d 00000000 		.4byte	0
 249 0021 00000000 		.4byte	.Ldebug_line0
 250 0025 02       		.uleb128 0x2
 251 0026 01       		.byte	0x1
 252 0027 06       		.byte	0x6
 253 0028 A7060000 		.4byte	.LASF0
 254 002c 02       		.uleb128 0x2
 255 002d 01       		.byte	0x1
 256 002e 08       		.byte	0x8
 257 002f 6B060000 		.4byte	.LASF1
 258 0033 02       		.uleb128 0x2
 259 0034 02       		.byte	0x2
 260 0035 05       		.byte	0x5
 261 0036 EF000000 		.4byte	.LASF2
 262 003a 02       		.uleb128 0x2
 263 003b 02       		.byte	0x2
 264 003c 07       		.byte	0x7
 265 003d 19080000 		.4byte	.LASF3
 266 0041 02       		.uleb128 0x2
 267 0042 04       		.byte	0x4
 268 0043 05       		.byte	0x5
 269 0044 A6040000 		.4byte	.LASF4
 270 0048 02       		.uleb128 0x2
 271 0049 04       		.byte	0x4
 272 004a 07       		.byte	0x7
 273 004b 56070000 		.4byte	.LASF5
 274 004f 02       		.uleb128 0x2
 275 0050 08       		.byte	0x8
 276 0051 05       		.byte	0x5
 277 0052 87010000 		.4byte	.LASF6
 278 0056 02       		.uleb128 0x2
 279 0057 08       		.byte	0x8
 280 0058 07       		.byte	0x7
 281 0059 70010000 		.4byte	.LASF7
 282 005d 03       		.uleb128 0x3
 283 005e 04       		.byte	0x4
 284 005f 05       		.byte	0x5
 285 0060 696E7400 		.ascii	"int\000"
 286 0064 02       		.uleb128 0x2
 287 0065 04       		.byte	0x4
 288 0066 07       		.byte	0x7
 289 0067 1E070000 		.4byte	.LASF8
 290 006b 02       		.uleb128 0x2
 291 006c 04       		.byte	0x4
 292 006d 04       		.byte	0x4
 293 006e CF030000 		.4byte	.LASF9
 294 0072 02       		.uleb128 0x2
 295 0073 08       		.byte	0x8
 296 0074 04       		.byte	0x4
 297 0075 C0090000 		.4byte	.LASF10
 298 0079 02       		.uleb128 0x2
 299 007a 01       		.byte	0x1
 300 007b 08       		.byte	0x8
 301 007c 94080000 		.4byte	.LASF11
 302 0080 02       		.uleb128 0x2
 303 0081 08       		.byte	0x8
 304 0082 04       		.byte	0x4
ARM GAS  C:\Users\ARTEM\AppData\Local\Temp\cc9gATOx.s 			page 7


 305 0083 1A060000 		.4byte	.LASF12
 306 0087 02       		.uleb128 0x2
 307 0088 04       		.byte	0x4
 308 0089 07       		.byte	0x7
 309 008a 31010000 		.4byte	.LASF13
 310 008e 04       		.uleb128 0x4
 311 008f 01       		.byte	0x1
 312 0090 2C000000 		.4byte	0x2c
 313 0094 02       		.byte	0x2
 314 0095 3501     		.2byte	0x135
 315 0097 4C020000 		.4byte	0x24c
 316 009b 05       		.uleb128 0x5
 317 009c 67030000 		.4byte	.LASF14
 318 00a0 00       		.byte	0
 319 00a1 05       		.uleb128 0x5
 320 00a2 C3010000 		.4byte	.LASF15
 321 00a6 01       		.byte	0x1
 322 00a7 05       		.uleb128 0x5
 323 00a8 9C0B0000 		.4byte	.LASF16
 324 00ac 02       		.byte	0x2
 325 00ad 05       		.uleb128 0x5
 326 00ae 280A0000 		.4byte	.LASF17
 327 00b2 03       		.byte	0x3
 328 00b3 05       		.uleb128 0x5
 329 00b4 5B010000 		.4byte	.LASF18
 330 00b8 04       		.byte	0x4
 331 00b9 05       		.uleb128 0x5
 332 00ba 5A050000 		.4byte	.LASF19
 333 00be 05       		.byte	0x5
 334 00bf 05       		.uleb128 0x5
 335 00c0 5D000000 		.4byte	.LASF20
 336 00c4 06       		.byte	0x6
 337 00c5 05       		.uleb128 0x5
 338 00c6 860A0000 		.4byte	.LASF21
 339 00ca 20       		.byte	0x20
 340 00cb 05       		.uleb128 0x5
 341 00cc 68070000 		.4byte	.LASF22
 342 00d0 21       		.byte	0x21
 343 00d1 05       		.uleb128 0x5
 344 00d2 00000000 		.4byte	.LASF23
 345 00d6 22       		.byte	0x22
 346 00d7 05       		.uleb128 0x5
 347 00d8 8B050000 		.4byte	.LASF24
 348 00dc 23       		.byte	0x23
 349 00dd 05       		.uleb128 0x5
 350 00de 02070000 		.4byte	.LASF25
 351 00e2 24       		.byte	0x24
 352 00e3 05       		.uleb128 0x5
 353 00e4 F9000000 		.4byte	.LASF26
 354 00e8 25       		.byte	0x25
 355 00e9 05       		.uleb128 0x5
 356 00ea 11050000 		.4byte	.LASF27
 357 00ee 26       		.byte	0x26
 358 00ef 05       		.uleb128 0x5
 359 00f0 D0040000 		.4byte	.LASF28
 360 00f4 27       		.byte	0x27
 361 00f5 05       		.uleb128 0x5
ARM GAS  C:\Users\ARTEM\AppData\Local\Temp\cc9gATOx.s 			page 8


 362 00f6 9B000000 		.4byte	.LASF29
 363 00fa 28       		.byte	0x28
 364 00fb 05       		.uleb128 0x5
 365 00fc A3070000 		.4byte	.LASF30
 366 0100 29       		.byte	0x29
 367 0101 05       		.uleb128 0x5
 368 0102 44080000 		.4byte	.LASF31
 369 0106 2A       		.byte	0x2a
 370 0107 05       		.uleb128 0x5
 371 0108 3F090000 		.4byte	.LASF32
 372 010c 2B       		.byte	0x2b
 373 010d 05       		.uleb128 0x5
 374 010e F7020000 		.4byte	.LASF33
 375 0112 2C       		.byte	0x2c
 376 0113 05       		.uleb128 0x5
 377 0114 EE030000 		.4byte	.LASF34
 378 0118 2D       		.byte	0x2d
 379 0119 05       		.uleb128 0x5
 380 011a CB000000 		.4byte	.LASF35
 381 011e 2E       		.byte	0x2e
 382 011f 05       		.uleb128 0x5
 383 0120 AA0C0000 		.4byte	.LASF36
 384 0124 2F       		.byte	0x2f
 385 0125 05       		.uleb128 0x5
 386 0126 3A010000 		.4byte	.LASF37
 387 012a 30       		.byte	0x30
 388 012b 05       		.uleb128 0x5
 389 012c F6050000 		.4byte	.LASF38
 390 0130 31       		.byte	0x31
 391 0131 05       		.uleb128 0x5
 392 0132 17040000 		.4byte	.LASF39
 393 0136 32       		.byte	0x32
 394 0137 05       		.uleb128 0x5
 395 0138 6D080000 		.4byte	.LASF40
 396 013c 33       		.byte	0x33
 397 013d 05       		.uleb128 0x5
 398 013e E3070000 		.4byte	.LASF41
 399 0142 34       		.byte	0x34
 400 0143 05       		.uleb128 0x5
 401 0144 0B0A0000 		.4byte	.LASF42
 402 0148 35       		.byte	0x35
 403 0149 05       		.uleb128 0x5
 404 014a 6E040000 		.4byte	.LASF43
 405 014e 36       		.byte	0x36
 406 014f 05       		.uleb128 0x5
 407 0150 D6010000 		.4byte	.LASF44
 408 0154 37       		.byte	0x37
 409 0155 05       		.uleb128 0x5
 410 0156 4C0C0000 		.4byte	.LASF45
 411 015a 40       		.byte	0x40
 412 015b 05       		.uleb128 0x5
 413 015c 3B070000 		.4byte	.LASF46
 414 0160 41       		.byte	0x41
 415 0161 05       		.uleb128 0x5
 416 0162 13010000 		.4byte	.LASF47
 417 0166 42       		.byte	0x42
 418 0167 05       		.uleb128 0x5
ARM GAS  C:\Users\ARTEM\AppData\Local\Temp\cc9gATOx.s 			page 9


 419 0168 0B020000 		.4byte	.LASF48
 420 016c 43       		.byte	0x43
 421 016d 05       		.uleb128 0x5
 422 016e 350B0000 		.4byte	.LASF49
 423 0172 44       		.byte	0x44
 424 0173 05       		.uleb128 0x5
 425 0174 CF0A0000 		.4byte	.LASF50
 426 0178 45       		.byte	0x45
 427 0179 05       		.uleb128 0x5
 428 017a 140B0000 		.4byte	.LASF51
 429 017e 46       		.byte	0x46
 430 017f 05       		.uleb128 0x5
 431 0180 89060000 		.4byte	.LASF52
 432 0184 47       		.byte	0x47
 433 0185 05       		.uleb128 0x5
 434 0186 DB060000 		.4byte	.LASF53
 435 018a 48       		.byte	0x48
 436 018b 05       		.uleb128 0x5
 437 018c D5030000 		.4byte	.LASF54
 438 0190 49       		.byte	0x49
 439 0191 05       		.uleb128 0x5
 440 0192 02090000 		.4byte	.LASF55
 441 0196 4A       		.byte	0x4a
 442 0197 05       		.uleb128 0x5
 443 0198 1B030000 		.4byte	.LASF56
 444 019c 4B       		.byte	0x4b
 445 019d 05       		.uleb128 0x5
 446 019e B3060000 		.4byte	.LASF57
 447 01a2 4C       		.byte	0x4c
 448 01a3 05       		.uleb128 0x5
 449 01a4 43000000 		.4byte	.LASF58
 450 01a8 4D       		.byte	0x4d
 451 01a9 05       		.uleb128 0x5
 452 01aa F60A0000 		.4byte	.LASF59
 453 01ae 4E       		.byte	0x4e
 454 01af 05       		.uleb128 0x5
 455 01b0 24000000 		.4byte	.LASF60
 456 01b4 4F       		.byte	0x4f
 457 01b5 05       		.uleb128 0x5
 458 01b6 2D0C0000 		.4byte	.LASF61
 459 01ba 50       		.byte	0x50
 460 01bb 05       		.uleb128 0x5
 461 01bc 20090000 		.4byte	.LASF62
 462 01c0 51       		.byte	0x51
 463 01c1 05       		.uleb128 0x5
 464 01c2 39050000 		.4byte	.LASF63
 465 01c6 52       		.byte	0x52
 466 01c7 05       		.uleb128 0x5
 467 01c8 AF040000 		.4byte	.LASF64
 468 01cc 53       		.byte	0x53
 469 01cd 05       		.uleb128 0x5
 470 01ce 46030000 		.4byte	.LASF65
 471 01d2 54       		.byte	0x54
 472 01d3 05       		.uleb128 0x5
 473 01d4 740C0000 		.4byte	.LASF66
 474 01d8 55       		.byte	0x55
 475 01d9 05       		.uleb128 0x5
ARM GAS  C:\Users\ARTEM\AppData\Local\Temp\cc9gATOx.s 			page 10


 476 01da 030C0000 		.4byte	.LASF67
 477 01de 56       		.byte	0x56
 478 01df 05       		.uleb128 0x5
 479 01e0 DA0B0000 		.4byte	.LASF68
 480 01e4 57       		.byte	0x57
 481 01e5 05       		.uleb128 0x5
 482 01e6 C0070000 		.4byte	.LASF69
 483 01ea 58       		.byte	0x58
 484 01eb 05       		.uleb128 0x5
 485 01ec 45060000 		.4byte	.LASF70
 486 01f0 70       		.byte	0x70
 487 01f1 05       		.uleb128 0x5
 488 01f2 600A0000 		.4byte	.LASF71
 489 01f6 71       		.byte	0x71
 490 01f7 05       		.uleb128 0x5
 491 01f8 B2080000 		.4byte	.LASF72
 492 01fc 72       		.byte	0x72
 493 01fd 05       		.uleb128 0x5
 494 01fe 7E030000 		.4byte	.LASF73
 495 0202 73       		.byte	0x73
 496 0203 05       		.uleb128 0x5
 497 0204 D8050000 		.4byte	.LASF74
 498 0208 74       		.byte	0x74
 499 0209 05       		.uleb128 0x5
 500 020a C7090000 		.4byte	.LASF75
 501 020e 75       		.byte	0x75
 502 020f 05       		.uleb128 0x5
 503 0210 9C030000 		.4byte	.LASF76
 504 0214 76       		.byte	0x76
 505 0215 05       		.uleb128 0x5
 506 0216 410A0000 		.4byte	.LASF77
 507 021a 77       		.byte	0x77
 508 021b 05       		.uleb128 0x5
 509 021c 7C090000 		.4byte	.LASF78
 510 0220 78       		.byte	0x78
 511 0221 05       		.uleb128 0x5
 512 0222 E8090000 		.4byte	.LASF79
 513 0226 79       		.byte	0x79
 514 0227 05       		.uleb128 0x5
 515 0228 780B0000 		.4byte	.LASF80
 516 022c 7A       		.byte	0x7a
 517 022d 05       		.uleb128 0x5
 518 022e 5E090000 		.4byte	.LASF81
 519 0232 FA       		.byte	0xfa
 520 0233 05       		.uleb128 0x5
 521 0234 26060000 		.4byte	.LASF82
 522 0238 FB       		.byte	0xfb
 523 0239 05       		.uleb128 0x5
 524 023a 980C0000 		.4byte	.LASF83
 525 023e FC       		.byte	0xfc
 526 023f 05       		.uleb128 0x5
 527 0240 2C080000 		.4byte	.LASF84
 528 0244 FD       		.byte	0xfd
 529 0245 05       		.uleb128 0x5
 530 0246 BC0B0000 		.4byte	.LASF85
 531 024a FF       		.byte	0xff
 532 024b 00       		.byte	0
ARM GAS  C:\Users\ARTEM\AppData\Local\Temp\cc9gATOx.s 			page 11


 533 024c 06       		.uleb128 0x6
 534 024d 01       		.byte	0x1
 535 024e 2C000000 		.4byte	0x2c
 536 0252 03       		.byte	0x3
 537 0253 2B       		.byte	0x2b
 538 0254 71020000 		.4byte	0x271
 539 0258 05       		.uleb128 0x5
 540 0259 DC080000 		.4byte	.LASF86
 541 025d 00       		.byte	0
 542 025e 05       		.uleb128 0x5
 543 025f BD030000 		.4byte	.LASF87
 544 0263 01       		.byte	0x1
 545 0264 05       		.uleb128 0x5
 546 0265 76050000 		.4byte	.LASF88
 547 0269 02       		.byte	0x2
 548 026a 05       		.uleb128 0x5
 549 026b 38040000 		.4byte	.LASF89
 550 026f 03       		.byte	0x3
 551 0270 00       		.byte	0
 552 0271 06       		.uleb128 0x6
 553 0272 01       		.byte	0x1
 554 0273 2C000000 		.4byte	0x2c
 555 0277 03       		.byte	0x3
 556 0278 34       		.byte	0x34
 557 0279 B4020000 		.4byte	0x2b4
 558 027d 05       		.uleb128 0x5
 559 027e CA0B0000 		.4byte	.LASF90
 560 0282 00       		.byte	0
 561 0283 05       		.uleb128 0x5
 562 0284 9F010000 		.4byte	.LASF91
 563 0288 01       		.byte	0x1
 564 0289 05       		.uleb128 0x5
 565 028a B1050000 		.4byte	.LASF92
 566 028e 02       		.byte	0x2
 567 028f 05       		.uleb128 0x5
 568 0290 7F070000 		.4byte	.LASF93
 569 0294 03       		.byte	0x3
 570 0295 05       		.uleb128 0x5
 571 0296 EF040000 		.4byte	.LASF94
 572 029a 04       		.byte	0x4
 573 029b 05       		.uleb128 0x5
 574 029c 9F090000 		.4byte	.LASF95
 575 02a0 05       		.byte	0x5
 576 02a1 05       		.uleb128 0x5
 577 02a2 530B0000 		.4byte	.LASF96
 578 02a6 06       		.byte	0x6
 579 02a7 05       		.uleb128 0x5
 580 02a8 4E040000 		.4byte	.LASF97
 581 02ac 06       		.byte	0x6
 582 02ad 05       		.uleb128 0x5
 583 02ae B80A0000 		.4byte	.LASF98
 584 02b2 07       		.byte	0x7
 585 02b3 00       		.byte	0
 586 02b4 07       		.uleb128 0x7
 587 02b5 99080000 		.4byte	.LASF99
 588 02b9 01       		.byte	0x1
 589 02ba 05       		.byte	0x5
ARM GAS  C:\Users\ARTEM\AppData\Local\Temp\cc9gATOx.s 			page 12


 590 02bb 00000000 		.4byte	.LFB35
 591 02bf 34000000 		.4byte	.LFE35-.LFB35
 592 02c3 01       		.uleb128 0x1
 593 02c4 9C       		.byte	0x9c
 594 02c5 D9020000 		.4byte	0x2d9
 595 02c9 08       		.uleb128 0x8
 596 02ca 24000000 		.4byte	.LVL0
 597 02ce 87040000 		.4byte	0x487
 598 02d2 09       		.uleb128 0x9
 599 02d3 01       		.uleb128 0x1
 600 02d4 50       		.byte	0x50
 601 02d5 01       		.uleb128 0x1
 602 02d6 31       		.byte	0x31
 603 02d7 00       		.byte	0
 604 02d8 00       		.byte	0
 605 02d9 07       		.uleb128 0x7
 606 02da BD000000 		.4byte	.LASF100
 607 02de 01       		.byte	0x1
 608 02df 0F       		.byte	0xf
 609 02e0 00000000 		.4byte	.LFB36
 610 02e4 14000000 		.4byte	.LFE36-.LFB36
 611 02e8 01       		.uleb128 0x1
 612 02e9 9C       		.byte	0x9c
 613 02ea FE020000 		.4byte	0x2fe
 614 02ee 08       		.uleb128 0x8
 615 02ef 08000000 		.4byte	.LVL1
 616 02f3 87040000 		.4byte	0x487
 617 02f7 09       		.uleb128 0x9
 618 02f8 01       		.uleb128 0x1
 619 02f9 50       		.byte	0x50
 620 02fa 01       		.uleb128 0x1
 621 02fb 30       		.byte	0x30
 622 02fc 00       		.byte	0
 623 02fd 00       		.byte	0
 624 02fe 07       		.uleb128 0x7
 625 02ff AA0A0000 		.4byte	.LASF101
 626 0303 01       		.byte	0x1
 627 0304 14       		.byte	0x14
 628 0305 00000000 		.4byte	.LFB37
 629 0309 38000000 		.4byte	.LFE37-.LFB37
 630 030d 01       		.uleb128 0x1
 631 030e 9C       		.byte	0x9c
 632 030f 1D030000 		.4byte	0x31d
 633 0313 0A       		.uleb128 0xa
 634 0314 2C000000 		.4byte	.LVL2
 635 0318 87040000 		.4byte	0x487
 636 031c 00       		.byte	0
 637 031d 0B       		.uleb128 0xb
 638 031e FB070000 		.4byte	.LASF119
 639 0322 01       		.byte	0x1
 640 0323 1D       		.byte	0x1d
 641 0324 00000000 		.4byte	.LFB38
 642 0328 38000000 		.4byte	.LFE38-.LFB38
 643 032c 01       		.uleb128 0x1
 644 032d 9C       		.byte	0x9c
 645 032e A6030000 		.4byte	0x3a6
 646 0332 0A       		.uleb128 0xa
ARM GAS  C:\Users\ARTEM\AppData\Local\Temp\cc9gATOx.s 			page 13


 647 0333 06000000 		.4byte	.LVL3
 648 0337 D9020000 		.4byte	0x2d9
 649 033b 0C       		.uleb128 0xc
 650 033c 14000000 		.4byte	.LVL4
 651 0340 87040000 		.4byte	0x487
 652 0344 4E030000 		.4byte	0x34e
 653 0348 09       		.uleb128 0x9
 654 0349 01       		.uleb128 0x1
 655 034a 50       		.byte	0x50
 656 034b 01       		.uleb128 0x1
 657 034c 30       		.byte	0x30
 658 034d 00       		.byte	0
 659 034e 0C       		.uleb128 0xc
 660 034f 1A000000 		.4byte	.LVL5
 661 0353 92040000 		.4byte	0x492
 662 0357 61030000 		.4byte	0x361
 663 035b 09       		.uleb128 0x9
 664 035c 01       		.uleb128 0x1
 665 035d 50       		.byte	0x50
 666 035e 01       		.uleb128 0x1
 667 035f 30       		.byte	0x30
 668 0360 00       		.byte	0
 669 0361 0C       		.uleb128 0xc
 670 0362 22000000 		.4byte	.LVL6
 671 0366 9D040000 		.4byte	0x49d
 672 036a 76030000 		.4byte	0x376
 673 036e 09       		.uleb128 0x9
 674 036f 01       		.uleb128 0x1
 675 0370 50       		.byte	0x50
 676 0371 03       		.uleb128 0x3
 677 0372 0A       		.byte	0xa
 678 0373 9001     		.2byte	0x190
 679 0375 00       		.byte	0
 680 0376 0C       		.uleb128 0xc
 681 0377 28000000 		.4byte	.LVL7
 682 037b 87040000 		.4byte	0x487
 683 037f 89030000 		.4byte	0x389
 684 0383 09       		.uleb128 0x9
 685 0384 01       		.uleb128 0x1
 686 0385 50       		.byte	0x50
 687 0386 01       		.uleb128 0x1
 688 0387 31       		.byte	0x31
 689 0388 00       		.byte	0
 690 0389 0C       		.uleb128 0xc
 691 038a 2E000000 		.4byte	.LVL8
 692 038e 92040000 		.4byte	0x492
 693 0392 9C030000 		.4byte	0x39c
 694 0396 09       		.uleb128 0x9
 695 0397 01       		.uleb128 0x1
 696 0398 50       		.byte	0x50
 697 0399 01       		.uleb128 0x1
 698 039a 31       		.byte	0x31
 699 039b 00       		.byte	0
 700 039c 0A       		.uleb128 0xa
 701 039d 32000000 		.4byte	.LVL9
 702 03a1 A8040000 		.4byte	0x4a8
 703 03a5 00       		.byte	0
ARM GAS  C:\Users\ARTEM\AppData\Local\Temp\cc9gATOx.s 			page 14


 704 03a6 0D       		.uleb128 0xd
 705 03a7 79000000 		.4byte	0x79
 706 03ab B6030000 		.4byte	0x3b6
 707 03af 0E       		.uleb128 0xe
 708 03b0 87000000 		.4byte	0x87
 709 03b4 03       		.byte	0x3
 710 03b5 00       		.byte	0
 711 03b6 0F       		.uleb128 0xf
 712 03b7 CE080000 		.4byte	.LASF102
 713 03bb 04       		.byte	0x4
 714 03bc 0C       		.byte	0xc
 715 03bd A6030000 		.4byte	0x3a6
 716 03c1 05       		.uleb128 0x5
 717 03c2 03       		.byte	0x3
 718 03c3 00000000 		.4byte	uart_rpm_buff
 719 03c7 0D       		.uleb128 0xd
 720 03c8 79000000 		.4byte	0x79
 721 03cc D7030000 		.4byte	0x3d7
 722 03d0 0E       		.uleb128 0xe
 723 03d1 87000000 		.4byte	0x87
 724 03d5 0F       		.byte	0xf
 725 03d6 00       		.byte	0
 726 03d7 10       		.uleb128 0x10
 727 03d8 73747200 		.ascii	"str\000"
 728 03dc 04       		.byte	0x4
 729 03dd 0D       		.byte	0xd
 730 03de C7030000 		.4byte	0x3c7
 731 03e2 05       		.uleb128 0x5
 732 03e3 03       		.byte	0x3
 733 03e4 00000000 		.4byte	str
 734 03e8 0F       		.uleb128 0xf
 735 03e9 3A030000 		.4byte	.LASF103
 736 03ed 04       		.byte	0x4
 737 03ee 0F       		.byte	0xf
 738 03ef 5D000000 		.4byte	0x5d
 739 03f3 05       		.uleb128 0x5
 740 03f4 03       		.byte	0x3
 741 03f5 00000000 		.4byte	ballCounter
 742 03f9 0F       		.uleb128 0xf
 743 03fa CD060000 		.4byte	.LASF104
 744 03fe 04       		.byte	0x4
 745 03ff 10       		.byte	0x10
 746 0400 5D000000 		.4byte	0x5d
 747 0404 05       		.uleb128 0x5
 748 0405 03       		.byte	0x3
 749 0406 00000000 		.4byte	oldDifficulty
 750 040a 0F       		.uleb128 0xf
 751 040b AE0B0000 		.4byte	.LASF105
 752 040f 04       		.byte	0x4
 753 0410 11       		.byte	0x11
 754 0411 5D000000 		.4byte	0x5d
 755 0415 05       		.uleb128 0x5
 756 0416 03       		.byte	0x3
 757 0417 00000000 		.4byte	newDiffuculty
 758 041b 0D       		.uleb128 0xd
 759 041c 5D000000 		.4byte	0x5d
 760 0420 2B040000 		.4byte	0x42b
ARM GAS  C:\Users\ARTEM\AppData\Local\Temp\cc9gATOx.s 			page 15


 761 0424 0E       		.uleb128 0xe
 762 0425 87000000 		.4byte	0x87
 763 0429 03       		.byte	0x3
 764 042a 00       		.byte	0
 765 042b 0F       		.uleb128 0xf
 766 042c F5080000 		.4byte	.LASF106
 767 0430 04       		.byte	0x4
 768 0431 13       		.byte	0x13
 769 0432 1B040000 		.4byte	0x41b
 770 0436 05       		.uleb128 0x5
 771 0437 03       		.byte	0x3
 772 0438 00000000 		.4byte	motor_speeds
 773 043c 0F       		.uleb128 0xf
 774 043d 660C0000 		.4byte	.LASF107
 775 0441 04       		.byte	0x4
 776 0442 14       		.byte	0x14
 777 0443 4D040000 		.4byte	0x44d
 778 0447 05       		.uleb128 0x5
 779 0448 03       		.byte	0x3
 780 0449 00000000 		.4byte	motorsEnabled
 781 044d 02       		.uleb128 0x2
 782 044e 01       		.byte	0x1
 783 044f 02       		.byte	0x2
 784 0450 EF080000 		.4byte	.LASF108
 785 0454 0F       		.uleb128 0xf
 786 0455 81060000 		.4byte	.LASF109
 787 0459 05       		.byte	0x5
 788 045a 08       		.byte	0x8
 789 045b 4D040000 		.4byte	0x44d
 790 045f 05       		.uleb128 0x5
 791 0460 03       		.byte	0x3
 792 0461 00000000 		.4byte	doServe
 793 0465 0F       		.uleb128 0xf
 794 0466 95010000 		.4byte	.LASF110
 795 046a 05       		.byte	0x5
 796 046b 09       		.byte	0x9
 797 046c 4D040000 		.4byte	0x44d
 798 0470 05       		.uleb128 0x5
 799 0471 03       		.byte	0x3
 800 0472 00000000 		.4byte	isServing
 801 0476 0F       		.uleb128 0xf
 802 0477 79060000 		.4byte	.LASF111
 803 047b 05       		.byte	0x5
 804 047c 0A       		.byte	0xa
 805 047d 5D000000 		.4byte	0x5d
 806 0481 05       		.uleb128 0x5
 807 0482 03       		.byte	0x3
 808 0483 00000000 		.4byte	counter
 809 0487 11       		.uleb128 0x11
 810 0488 8F040000 		.4byte	.LASF112
 811 048c 8F040000 		.4byte	.LASF112
 812 0490 06       		.byte	0x6
 813 0491 33       		.byte	0x33
 814 0492 11       		.uleb128 0x11
 815 0493 2B070000 		.4byte	.LASF113
 816 0497 2B070000 		.4byte	.LASF113
 817 049b 07       		.byte	0x7
ARM GAS  C:\Users\ARTEM\AppData\Local\Temp\cc9gATOx.s 			page 16


 818 049c 33       		.byte	0x33
 819 049d 11       		.uleb128 0x11
 820 049e 250C0000 		.4byte	.LASF114
 821 04a2 250C0000 		.4byte	.LASF114
 822 04a6 08       		.byte	0x8
 823 04a7 EC       		.byte	0xec
 824 04a8 11       		.uleb128 0x11
 825 04a9 76000000 		.4byte	.LASF115
 826 04ad 76000000 		.4byte	.LASF115
 827 04b1 09       		.byte	0x9
 828 04b2 39       		.byte	0x39
 829 04b3 00       		.byte	0
 830              		.section	.debug_abbrev,"",%progbits
 831              	.Ldebug_abbrev0:
 832 0000 01       		.uleb128 0x1
 833 0001 11       		.uleb128 0x11
 834 0002 01       		.byte	0x1
 835 0003 25       		.uleb128 0x25
 836 0004 0E       		.uleb128 0xe
 837 0005 13       		.uleb128 0x13
 838 0006 0B       		.uleb128 0xb
 839 0007 03       		.uleb128 0x3
 840 0008 0E       		.uleb128 0xe
 841 0009 1B       		.uleb128 0x1b
 842 000a 0E       		.uleb128 0xe
 843 000b 55       		.uleb128 0x55
 844 000c 17       		.uleb128 0x17
 845 000d 11       		.uleb128 0x11
 846 000e 01       		.uleb128 0x1
 847 000f 10       		.uleb128 0x10
 848 0010 17       		.uleb128 0x17
 849 0011 00       		.byte	0
 850 0012 00       		.byte	0
 851 0013 02       		.uleb128 0x2
 852 0014 24       		.uleb128 0x24
 853 0015 00       		.byte	0
 854 0016 0B       		.uleb128 0xb
 855 0017 0B       		.uleb128 0xb
 856 0018 3E       		.uleb128 0x3e
 857 0019 0B       		.uleb128 0xb
 858 001a 03       		.uleb128 0x3
 859 001b 0E       		.uleb128 0xe
 860 001c 00       		.byte	0
 861 001d 00       		.byte	0
 862 001e 03       		.uleb128 0x3
 863 001f 24       		.uleb128 0x24
 864 0020 00       		.byte	0
 865 0021 0B       		.uleb128 0xb
 866 0022 0B       		.uleb128 0xb
 867 0023 3E       		.uleb128 0x3e
 868 0024 0B       		.uleb128 0xb
 869 0025 03       		.uleb128 0x3
 870 0026 08       		.uleb128 0x8
 871 0027 00       		.byte	0
 872 0028 00       		.byte	0
 873 0029 04       		.uleb128 0x4
 874 002a 04       		.uleb128 0x4
ARM GAS  C:\Users\ARTEM\AppData\Local\Temp\cc9gATOx.s 			page 17


 875 002b 01       		.byte	0x1
 876 002c 0B       		.uleb128 0xb
 877 002d 0B       		.uleb128 0xb
 878 002e 49       		.uleb128 0x49
 879 002f 13       		.uleb128 0x13
 880 0030 3A       		.uleb128 0x3a
 881 0031 0B       		.uleb128 0xb
 882 0032 3B       		.uleb128 0x3b
 883 0033 05       		.uleb128 0x5
 884 0034 01       		.uleb128 0x1
 885 0035 13       		.uleb128 0x13
 886 0036 00       		.byte	0
 887 0037 00       		.byte	0
 888 0038 05       		.uleb128 0x5
 889 0039 28       		.uleb128 0x28
 890 003a 00       		.byte	0
 891 003b 03       		.uleb128 0x3
 892 003c 0E       		.uleb128 0xe
 893 003d 1C       		.uleb128 0x1c
 894 003e 0B       		.uleb128 0xb
 895 003f 00       		.byte	0
 896 0040 00       		.byte	0
 897 0041 06       		.uleb128 0x6
 898 0042 04       		.uleb128 0x4
 899 0043 01       		.byte	0x1
 900 0044 0B       		.uleb128 0xb
 901 0045 0B       		.uleb128 0xb
 902 0046 49       		.uleb128 0x49
 903 0047 13       		.uleb128 0x13
 904 0048 3A       		.uleb128 0x3a
 905 0049 0B       		.uleb128 0xb
 906 004a 3B       		.uleb128 0x3b
 907 004b 0B       		.uleb128 0xb
 908 004c 01       		.uleb128 0x1
 909 004d 13       		.uleb128 0x13
 910 004e 00       		.byte	0
 911 004f 00       		.byte	0
 912 0050 07       		.uleb128 0x7
 913 0051 2E       		.uleb128 0x2e
 914 0052 01       		.byte	0x1
 915 0053 3F       		.uleb128 0x3f
 916 0054 19       		.uleb128 0x19
 917 0055 03       		.uleb128 0x3
 918 0056 0E       		.uleb128 0xe
 919 0057 3A       		.uleb128 0x3a
 920 0058 0B       		.uleb128 0xb
 921 0059 3B       		.uleb128 0x3b
 922 005a 0B       		.uleb128 0xb
 923 005b 11       		.uleb128 0x11
 924 005c 01       		.uleb128 0x1
 925 005d 12       		.uleb128 0x12
 926 005e 06       		.uleb128 0x6
 927 005f 40       		.uleb128 0x40
 928 0060 18       		.uleb128 0x18
 929 0061 9742     		.uleb128 0x2117
 930 0063 19       		.uleb128 0x19
 931 0064 01       		.uleb128 0x1
ARM GAS  C:\Users\ARTEM\AppData\Local\Temp\cc9gATOx.s 			page 18


 932 0065 13       		.uleb128 0x13
 933 0066 00       		.byte	0
 934 0067 00       		.byte	0
 935 0068 08       		.uleb128 0x8
 936 0069 898201   		.uleb128 0x4109
 937 006c 01       		.byte	0x1
 938 006d 11       		.uleb128 0x11
 939 006e 01       		.uleb128 0x1
 940 006f 31       		.uleb128 0x31
 941 0070 13       		.uleb128 0x13
 942 0071 00       		.byte	0
 943 0072 00       		.byte	0
 944 0073 09       		.uleb128 0x9
 945 0074 8A8201   		.uleb128 0x410a
 946 0077 00       		.byte	0
 947 0078 02       		.uleb128 0x2
 948 0079 18       		.uleb128 0x18
 949 007a 9142     		.uleb128 0x2111
 950 007c 18       		.uleb128 0x18
 951 007d 00       		.byte	0
 952 007e 00       		.byte	0
 953 007f 0A       		.uleb128 0xa
 954 0080 898201   		.uleb128 0x4109
 955 0083 00       		.byte	0
 956 0084 11       		.uleb128 0x11
 957 0085 01       		.uleb128 0x1
 958 0086 31       		.uleb128 0x31
 959 0087 13       		.uleb128 0x13
 960 0088 00       		.byte	0
 961 0089 00       		.byte	0
 962 008a 0B       		.uleb128 0xb
 963 008b 2E       		.uleb128 0x2e
 964 008c 01       		.byte	0x1
 965 008d 3F       		.uleb128 0x3f
 966 008e 19       		.uleb128 0x19
 967 008f 03       		.uleb128 0x3
 968 0090 0E       		.uleb128 0xe
 969 0091 3A       		.uleb128 0x3a
 970 0092 0B       		.uleb128 0xb
 971 0093 3B       		.uleb128 0x3b
 972 0094 0B       		.uleb128 0xb
 973 0095 27       		.uleb128 0x27
 974 0096 19       		.uleb128 0x19
 975 0097 11       		.uleb128 0x11
 976 0098 01       		.uleb128 0x1
 977 0099 12       		.uleb128 0x12
 978 009a 06       		.uleb128 0x6
 979 009b 40       		.uleb128 0x40
 980 009c 18       		.uleb128 0x18
 981 009d 9742     		.uleb128 0x2117
 982 009f 19       		.uleb128 0x19
 983 00a0 01       		.uleb128 0x1
 984 00a1 13       		.uleb128 0x13
 985 00a2 00       		.byte	0
 986 00a3 00       		.byte	0
 987 00a4 0C       		.uleb128 0xc
 988 00a5 898201   		.uleb128 0x4109
ARM GAS  C:\Users\ARTEM\AppData\Local\Temp\cc9gATOx.s 			page 19


 989 00a8 01       		.byte	0x1
 990 00a9 11       		.uleb128 0x11
 991 00aa 01       		.uleb128 0x1
 992 00ab 31       		.uleb128 0x31
 993 00ac 13       		.uleb128 0x13
 994 00ad 01       		.uleb128 0x1
 995 00ae 13       		.uleb128 0x13
 996 00af 00       		.byte	0
 997 00b0 00       		.byte	0
 998 00b1 0D       		.uleb128 0xd
 999 00b2 01       		.uleb128 0x1
 1000 00b3 01       		.byte	0x1
 1001 00b4 49       		.uleb128 0x49
 1002 00b5 13       		.uleb128 0x13
 1003 00b6 01       		.uleb128 0x1
 1004 00b7 13       		.uleb128 0x13
 1005 00b8 00       		.byte	0
 1006 00b9 00       		.byte	0
 1007 00ba 0E       		.uleb128 0xe
 1008 00bb 21       		.uleb128 0x21
 1009 00bc 00       		.byte	0
 1010 00bd 49       		.uleb128 0x49
 1011 00be 13       		.uleb128 0x13
 1012 00bf 2F       		.uleb128 0x2f
 1013 00c0 0B       		.uleb128 0xb
 1014 00c1 00       		.byte	0
 1015 00c2 00       		.byte	0
 1016 00c3 0F       		.uleb128 0xf
 1017 00c4 34       		.uleb128 0x34
 1018 00c5 00       		.byte	0
 1019 00c6 03       		.uleb128 0x3
 1020 00c7 0E       		.uleb128 0xe
 1021 00c8 3A       		.uleb128 0x3a
 1022 00c9 0B       		.uleb128 0xb
 1023 00ca 3B       		.uleb128 0x3b
 1024 00cb 0B       		.uleb128 0xb
 1025 00cc 49       		.uleb128 0x49
 1026 00cd 13       		.uleb128 0x13
 1027 00ce 3F       		.uleb128 0x3f
 1028 00cf 19       		.uleb128 0x19
 1029 00d0 02       		.uleb128 0x2
 1030 00d1 18       		.uleb128 0x18
 1031 00d2 00       		.byte	0
 1032 00d3 00       		.byte	0
 1033 00d4 10       		.uleb128 0x10
 1034 00d5 34       		.uleb128 0x34
 1035 00d6 00       		.byte	0
 1036 00d7 03       		.uleb128 0x3
 1037 00d8 08       		.uleb128 0x8
 1038 00d9 3A       		.uleb128 0x3a
 1039 00da 0B       		.uleb128 0xb
 1040 00db 3B       		.uleb128 0x3b
 1041 00dc 0B       		.uleb128 0xb
 1042 00dd 49       		.uleb128 0x49
 1043 00de 13       		.uleb128 0x13
 1044 00df 3F       		.uleb128 0x3f
 1045 00e0 19       		.uleb128 0x19
ARM GAS  C:\Users\ARTEM\AppData\Local\Temp\cc9gATOx.s 			page 20


 1046 00e1 02       		.uleb128 0x2
 1047 00e2 18       		.uleb128 0x18
 1048 00e3 00       		.byte	0
 1049 00e4 00       		.byte	0
 1050 00e5 11       		.uleb128 0x11
 1051 00e6 2E       		.uleb128 0x2e
 1052 00e7 00       		.byte	0
 1053 00e8 3F       		.uleb128 0x3f
 1054 00e9 19       		.uleb128 0x19
 1055 00ea 3C       		.uleb128 0x3c
 1056 00eb 19       		.uleb128 0x19
 1057 00ec 6E       		.uleb128 0x6e
 1058 00ed 0E       		.uleb128 0xe
 1059 00ee 03       		.uleb128 0x3
 1060 00ef 0E       		.uleb128 0xe
 1061 00f0 3A       		.uleb128 0x3a
 1062 00f1 0B       		.uleb128 0xb
 1063 00f2 3B       		.uleb128 0x3b
 1064 00f3 0B       		.uleb128 0xb
 1065 00f4 00       		.byte	0
 1066 00f5 00       		.byte	0
 1067 00f6 00       		.byte	0
 1068              		.section	.debug_aranges,"",%progbits
 1069 0000 34000000 		.4byte	0x34
 1070 0004 0200     		.2byte	0x2
 1071 0006 00000000 		.4byte	.Ldebug_info0
 1072 000a 04       		.byte	0x4
 1073 000b 00       		.byte	0
 1074 000c 0000     		.2byte	0
 1075 000e 0000     		.2byte	0
 1076 0010 00000000 		.4byte	.LFB35
 1077 0014 34000000 		.4byte	.LFE35-.LFB35
 1078 0018 00000000 		.4byte	.LFB36
 1079 001c 14000000 		.4byte	.LFE36-.LFB36
 1080 0020 00000000 		.4byte	.LFB37
 1081 0024 38000000 		.4byte	.LFE37-.LFB37
 1082 0028 00000000 		.4byte	.LFB38
 1083 002c 38000000 		.4byte	.LFE38-.LFB38
 1084 0030 00000000 		.4byte	0
 1085 0034 00000000 		.4byte	0
 1086              		.section	.debug_ranges,"",%progbits
 1087              	.Ldebug_ranges0:
 1088 0000 00000000 		.4byte	.LFB35
 1089 0004 34000000 		.4byte	.LFE35
 1090 0008 00000000 		.4byte	.LFB36
 1091 000c 14000000 		.4byte	.LFE36
 1092 0010 00000000 		.4byte	.LFB37
 1093 0014 38000000 		.4byte	.LFE37
 1094 0018 00000000 		.4byte	.LFB38
 1095 001c 38000000 		.4byte	.LFE38
 1096 0020 00000000 		.4byte	0
 1097 0024 00000000 		.4byte	0
 1098              		.section	.debug_line,"",%progbits
 1099              	.Ldebug_line0:
 1100 0000 35010000 		.section	.debug_str,"MS",%progbits,1
 1100      0200DF00 
 1100      00000201 
ARM GAS  C:\Users\ARTEM\AppData\Local\Temp\cc9gATOx.s 			page 21


 1100      FB0E0D00 
 1100      01010101 
 1101              	.LASF23:
 1102 0000 4359424C 		.ascii	"CYBLE_EVT_GAP_PASSKEY_ENTRY_REQUEST\000"
 1102      455F4556 
 1102      545F4741 
 1102      505F5041 
 1102      53534B45 
 1103              	.LASF60:
 1104 0024 4359424C 		.ascii	"CYBLE_EVT_GATTS_PREP_WRITE_REQ\000"
 1104      455F4556 
 1104      545F4741 
 1104      5454535F 
 1104      50524550 
 1105              	.LASF58:
 1106 0043 4359424C 		.ascii	"CYBLE_EVT_GATTC_WRITE_RSP\000"
 1106      455F4556 
 1106      545F4741 
 1106      5454435F 
 1106      57524954 
 1107              	.LASF20:
 1108 005d 4359424C 		.ascii	"CYBLE_EVT_MEMORY_REQUEST\000"
 1108      455F4556 
 1108      545F4D45 
 1108      4D4F5259 
 1108      5F524551 
 1109              	.LASF115:
 1110 0076 50696E5F 		.ascii	"Pin_Input_BallTrigger_ClearInterrupt\000"
 1110      496E7075 
 1110      745F4261 
 1110      6C6C5472 
 1110      69676765 
 1111              	.LASF29:
 1112 009b 4359424C 		.ascii	"CYBLE_EVT_GAP_DEVICE_DISCONNECTED\000"
 1112      455F4556 
 1112      545F4741 
 1112      505F4445 
 1112      56494345 
 1113              	.LASF100:
 1114 00bd 53746F70 		.ascii	"StopBallServe\000"
 1114      42616C6C 
 1114      53657276 
 1114      6500
 1115              	.LASF35:
 1116 00cb 4359424C 		.ascii	"CYBLE_EVT_GAP_KEYPRESS_NOTIFICATION\000"
 1116      455F4556 
 1116      545F4741 
 1116      505F4B45 
 1116      59505245 
 1117              	.LASF2:
 1118 00ef 73686F72 		.ascii	"short int\000"
 1118      7420696E 
 1118      7400
 1119              	.LASF26:
 1120 00f9 4359424C 		.ascii	"CYBLE_EVT_GAP_AUTH_FAILED\000"
 1120      455F4556 
 1120      545F4741 
ARM GAS  C:\Users\ARTEM\AppData\Local\Temp\cc9gATOx.s 			page 22


 1120      505F4155 
 1120      54485F46 
 1121              	.LASF47:
 1122 0113 4359424C 		.ascii	"CYBLE_EVT_GATT_DISCONNECT_IND\000"
 1122      455F4556 
 1122      545F4741 
 1122      54545F44 
 1122      4953434F 
 1123              	.LASF13:
 1124 0131 73697A65 		.ascii	"sizetype\000"
 1124      74797065 
 1124      00
 1125              	.LASF37:
 1126 013a 4359424C 		.ascii	"CYBLE_EVT_GAP_DATA_LENGTH_CHANGE\000"
 1126      455F4556 
 1126      545F4741 
 1126      505F4441 
 1126      54415F4C 
 1127              	.LASF18:
 1128 015b 4359424C 		.ascii	"CYBLE_EVT_HCI_STATUS\000"
 1128      455F4556 
 1128      545F4843 
 1128      495F5354 
 1128      41545553 
 1129              	.LASF7:
 1130 0170 6C6F6E67 		.ascii	"long long unsigned int\000"
 1130      206C6F6E 
 1130      6720756E 
 1130      7369676E 
 1130      65642069 
 1131              	.LASF6:
 1132 0187 6C6F6E67 		.ascii	"long long int\000"
 1132      206C6F6E 
 1132      6720696E 
 1132      7400
 1133              	.LASF110:
 1134 0195 69735365 		.ascii	"isServing\000"
 1134      7276696E 
 1134      6700
 1135              	.LASF91:
 1136 019f 4359424C 		.ascii	"CYBLE_AIOS_CHAR_PRESENTATION_FORMAT\000"
 1136      455F4149 
 1136      4F535F43 
 1136      4841525F 
 1136      50524553 
 1137              	.LASF15:
 1138 01c3 4359424C 		.ascii	"CYBLE_EVT_STACK_ON\000"
 1138      455F4556 
 1138      545F5354 
 1138      41434B5F 
 1138      4F4E00
 1139              	.LASF44:
 1140 01d6 4359424C 		.ascii	"CYBLE_EVT_GAP_SMP_LOC_P256_KEYS_GEN_AND_SET_COMPLET"
 1140      455F4556 
 1140      545F4741 
 1140      505F534D 
 1140      505F4C4F 
ARM GAS  C:\Users\ARTEM\AppData\Local\Temp\cc9gATOx.s 			page 23


 1141 0209 4500     		.ascii	"E\000"
 1142              	.LASF48:
 1143 020b 4359424C 		.ascii	"CYBLE_EVT_GATTS_XCNHG_MTU_REQ\000"
 1143      455F4556 
 1143      545F4741 
 1143      5454535F 
 1143      58434E48 
 1144              	.LASF118:
 1145 0229 423A5C55 		.ascii	"B:\\UCU Second year\\Term 1\\POC\\Project\\CyberPon"
 1145      43552053 
 1145      65636F6E 
 1145      64207965 
 1145      61725C54 
 1146 0257 675C4379 		.ascii	"g\\CyberPong.cydsn\000"
 1146      62657250 
 1146      6F6E672E 
 1146      63796473 
 1146      6E00
 1147              	.LASF116:
 1148 0269 474E5520 		.ascii	"GNU C11 5.4.1 20160609 (release) [ARM/embedded-5-br"
 1148      43313120 
 1148      352E342E 
 1148      31203230 
 1148      31363036 
 1149 029c 616E6368 		.ascii	"anch revision 237715] -mcpu=cortex-m0 -mthumb -g -O"
 1149      20726576 
 1149      6973696F 
 1149      6E203233 
 1149      37373135 
 1150 02cf 67202D66 		.ascii	"g -ffunction-sections -ffat-lto-objects\000"
 1150      66756E63 
 1150      74696F6E 
 1150      2D736563 
 1150      74696F6E 
 1151              	.LASF33:
 1152 02f7 4359424C 		.ascii	"CYBLE_EVT_GAP_KEYINFO_EXCHNGE_CMPLT\000"
 1152      455F4556 
 1152      545F4741 
 1152      505F4B45 
 1152      59494E46 
 1153              	.LASF56:
 1154 031b 4359424C 		.ascii	"CYBLE_EVT_GATTC_READ_MULTI_RSP\000"
 1154      455F4556 
 1154      545F4741 
 1154      5454435F 
 1154      52454144 
 1155              	.LASF103:
 1156 033a 62616C6C 		.ascii	"ballCounter\000"
 1156      436F756E 
 1156      74657200 
 1157              	.LASF65:
 1158 0346 4359424C 		.ascii	"CYBLE_EVT_GATTS_HANDLE_VALUE_CNF\000"
 1158      455F4556 
 1158      545F4741 
 1158      5454535F 
 1158      48414E44 
 1159              	.LASF14:
ARM GAS  C:\Users\ARTEM\AppData\Local\Temp\cc9gATOx.s 			page 24


 1160 0367 4359424C 		.ascii	"CYBLE_EVT_HOST_INVALID\000"
 1160      455F4556 
 1160      545F484F 
 1160      53545F49 
 1160      4E56414C 
 1161              	.LASF73:
 1162 037e 4359424C 		.ascii	"CYBLE_EVT_L2CAP_CBFC_CONN_IND\000"
 1162      455F4556 
 1162      545F4C32 
 1162      4341505F 
 1162      43424643 
 1163              	.LASF76:
 1164 039c 4359424C 		.ascii	"CYBLE_EVT_L2CAP_CBFC_DISCONN_CNF\000"
 1164      455F4556 
 1164      545F4C32 
 1164      4341505F 
 1164      43424643 
 1165              	.LASF87:
 1166 03bd 4359424C 		.ascii	"CYBLE_AIOS_ANALOG\000"
 1166      455F4149 
 1166      4F535F41 
 1166      4E414C4F 
 1166      4700
 1167              	.LASF9:
 1168 03cf 666C6F61 		.ascii	"float\000"
 1168      7400
 1169              	.LASF54:
 1170 03d5 4359424C 		.ascii	"CYBLE_EVT_GATTC_READ_RSP\000"
 1170      455F4556 
 1170      545F4741 
 1170      5454435F 
 1170      52454144 
 1171              	.LASF34:
 1172 03ee 4359424C 		.ascii	"CYBLE_EVT_GAP_NUMERIC_COMPARISON_REQUEST\000"
 1172      455F4556 
 1172      545F4741 
 1172      505F4E55 
 1172      4D455249 
 1173              	.LASF39:
 1174 0417 4359424C 		.ascii	"CYBLE_EVT_GAPC_DIRECT_ADV_REPORT\000"
 1174      455F4556 
 1174      545F4741 
 1174      50435F44 
 1174      49524543 
 1175              	.LASF89:
 1176 0438 4359424C 		.ascii	"CYBLE_AIOS_CHAR_COUNT\000"
 1176      455F4149 
 1176      4F535F43 
 1176      4841525F 
 1176      434F554E 
 1177              	.LASF97:
 1178 044e 4359424C 		.ascii	"CYBLE_AIOS_NUM_OF_DIGITAL_DESCR\000"
 1178      455F4149 
 1178      4F535F4E 
 1178      554D5F4F 
 1178      465F4449 
 1179              	.LASF43:
ARM GAS  C:\Users\ARTEM\AppData\Local\Temp\cc9gATOx.s 			page 25


 1180 046e 4359424C 		.ascii	"CYBLE_EVT_GAP_AUTH_REQ_REPLY_ERR\000"
 1180      455F4556 
 1180      545F4741 
 1180      505F4155 
 1180      54485F52 
 1181              	.LASF112:
 1182 048f 50696E5F 		.ascii	"Pin_Output_Serve_Write\000"
 1182      4F757470 
 1182      75745F53 
 1182      65727665 
 1182      5F577269 
 1183              	.LASF4:
 1184 04a6 6C6F6E67 		.ascii	"long int\000"
 1184      20696E74 
 1184      00
 1185              	.LASF64:
 1186 04af 4359424C 		.ascii	"CYBLE_EVT_GATTC_HANDLE_VALUE_IND\000"
 1186      455F4556 
 1186      545F4741 
 1186      5454435F 
 1186      48414E44 
 1187              	.LASF28:
 1188 04d0 4359424C 		.ascii	"CYBLE_EVT_GAP_DEVICE_CONNECTED\000"
 1188      455F4556 
 1188      545F4741 
 1188      505F4445 
 1188      56494345 
 1189              	.LASF94:
 1190 04ef 4359424C 		.ascii	"CYBLE_AIOS_VALUE_TRIGGER_SETTINGS\000"
 1190      455F4149 
 1190      4F535F56 
 1190      414C5545 
 1190      5F545249 
 1191              	.LASF27:
 1192 0511 4359424C 		.ascii	"CYBLE_EVT_GAPP_ADVERTISEMENT_START_STOP\000"
 1192      455F4556 
 1192      545F4741 
 1192      50505F41 
 1192      44564552 
 1193              	.LASF63:
 1194 0539 4359424C 		.ascii	"CYBLE_EVT_GATTC_HANDLE_VALUE_NTF\000"
 1194      455F4556 
 1194      545F4741 
 1194      5454435F 
 1194      48414E44 
 1195              	.LASF19:
 1196 055a 4359424C 		.ascii	"CYBLE_EVT_STACK_BUSY_STATUS\000"
 1196      455F4556 
 1196      545F5354 
 1196      41434B5F 
 1196      42555359 
 1197              	.LASF88:
 1198 0576 4359424C 		.ascii	"CYBLE_AIOS_AGGREGATE\000"
 1198      455F4149 
 1198      4F535F41 
 1198      47475245 
 1198      47415445 
ARM GAS  C:\Users\ARTEM\AppData\Local\Temp\cc9gATOx.s 			page 26


 1199              	.LASF24:
 1200 058b 4359424C 		.ascii	"CYBLE_EVT_GAP_PASSKEY_DISPLAY_REQUEST\000"
 1200      455F4556 
 1200      545F4741 
 1200      505F5041 
 1200      53534B45 
 1201              	.LASF92:
 1202 05b1 4359424C 		.ascii	"CYBLE_AIOS_CHAR_USER_DESCRIPTION_DESCR\000"
 1202      455F4149 
 1202      4F535F43 
 1202      4841525F 
 1202      55534552 
 1203              	.LASF74:
 1204 05d8 4359424C 		.ascii	"CYBLE_EVT_L2CAP_CBFC_CONN_CNF\000"
 1204      455F4556 
 1204      545F4C32 
 1204      4341505F 
 1204      43424643 
 1205              	.LASF38:
 1206 05f6 4359424C 		.ascii	"CYBLE_EVT_GAP_ENHANCE_CONN_COMPLETE\000"
 1206      455F4556 
 1206      545F4741 
 1206      505F454E 
 1206      48414E43 
 1207              	.LASF12:
 1208 061a 6C6F6E67 		.ascii	"long double\000"
 1208      20646F75 
 1208      626C6500 
 1209              	.LASF82:
 1210 0626 4359424C 		.ascii	"CYBLE_EVT_LE_PING_AUTH_TIMEOUT\000"
 1210      455F4556 
 1210      545F4C45 
 1210      5F50494E 
 1210      475F4155 
 1211              	.LASF70:
 1212 0645 4359424C 		.ascii	"CYBLE_EVT_L2CAP_CONN_PARAM_UPDATE_REQ\000"
 1212      455F4556 
 1212      545F4C32 
 1212      4341505F 
 1212      434F4E4E 
 1213              	.LASF1:
 1214 066b 756E7369 		.ascii	"unsigned char\000"
 1214      676E6564 
 1214      20636861 
 1214      7200
 1215              	.LASF111:
 1216 0679 636F756E 		.ascii	"counter\000"
 1216      74657200 
 1217              	.LASF109:
 1218 0681 646F5365 		.ascii	"doServe\000"
 1218      72766500 
 1219              	.LASF52:
 1220 0689 4359424C 		.ascii	"CYBLE_EVT_GATTC_FIND_INFO_RSP\000"
 1220      455F4556 
 1220      545F4741 
 1220      5454435F 
 1220      46494E44 
ARM GAS  C:\Users\ARTEM\AppData\Local\Temp\cc9gATOx.s 			page 27


 1221              	.LASF0:
 1222 06a7 7369676E 		.ascii	"signed char\000"
 1222      65642063 
 1222      68617200 
 1223              	.LASF57:
 1224 06b3 4359424C 		.ascii	"CYBLE_EVT_GATTS_WRITE_REQ\000"
 1224      455F4556 
 1224      545F4741 
 1224      5454535F 
 1224      57524954 
 1225              	.LASF104:
 1226 06cd 6F6C6444 		.ascii	"oldDifficulty\000"
 1226      69666669 
 1226      63756C74 
 1226      7900
 1227              	.LASF53:
 1228 06db 4359424C 		.ascii	"CYBLE_EVT_GATTC_FIND_BY_TYPE_VALUE_RSP\000"
 1228      455F4556 
 1228      545F4741 
 1228      5454435F 
 1228      46494E44 
 1229              	.LASF25:
 1230 0702 4359424C 		.ascii	"CYBLE_EVT_GAP_AUTH_COMPLETE\000"
 1230      455F4556 
 1230      545F4741 
 1230      505F4155 
 1230      54485F43 
 1231              	.LASF8:
 1232 071e 756E7369 		.ascii	"unsigned int\000"
 1232      676E6564 
 1232      20696E74 
 1232      00
 1233              	.LASF113:
 1234 072b 50696E5F 		.ascii	"Pin_Motor_Write\000"
 1234      4D6F746F 
 1234      725F5772 
 1234      69746500 
 1235              	.LASF46:
 1236 073b 4359424C 		.ascii	"CYBLE_EVT_GATT_CONNECT_IND\000"
 1236      455F4556 
 1236      545F4741 
 1236      54545F43 
 1236      4F4E4E45 
 1237              	.LASF5:
 1238 0756 6C6F6E67 		.ascii	"long unsigned int\000"
 1238      20756E73 
 1238      69676E65 
 1238      6420696E 
 1238      7400
 1239              	.LASF22:
 1240 0768 4359424C 		.ascii	"CYBLE_EVT_GAP_AUTH_REQ\000"
 1240      455F4556 
 1240      545F4741 
 1240      505F4155 
 1240      54485F52 
 1241              	.LASF93:
 1242 077f 4359424C 		.ascii	"CYBLE_AIOS_CHAR_EXTENDED_PROPERTIES\000"
ARM GAS  C:\Users\ARTEM\AppData\Local\Temp\cc9gATOx.s 			page 28


 1242      455F4149 
 1242      4F535F43 
 1242      4841525F 
 1242      45585445 
 1243              	.LASF30:
 1244 07a3 4359424C 		.ascii	"CYBLE_EVT_GAP_ENCRYPT_CHANGE\000"
 1244      455F4556 
 1244      545F4741 
 1244      505F454E 
 1244      43525950 
 1245              	.LASF69:
 1246 07c0 4359424C 		.ascii	"CYBLE_EVT_GATTC_LONG_PROCEDURE_END\000"
 1246      455F4556 
 1246      545F4741 
 1246      5454435F 
 1246      4C4F4E47 
 1247              	.LASF41:
 1248 07e3 4359424C 		.ascii	"CYBLE_EVT_GAP_CONN_ESTB\000"
 1248      455F4556 
 1248      545F4741 
 1248      505F434F 
 1248      4E4E5F45 
 1249              	.LASF119:
 1250 07fb 50696E5F 		.ascii	"Pin_Input_BallTrigger_Handler\000"
 1250      496E7075 
 1250      745F4261 
 1250      6C6C5472 
 1250      69676765 
 1251              	.LASF3:
 1252 0819 73686F72 		.ascii	"short unsigned int\000"
 1252      7420756E 
 1252      7369676E 
 1252      65642069 
 1252      6E7400
 1253              	.LASF84:
 1254 082c 4359424C 		.ascii	"CYBLE_EVT_FLASH_CORRUPT\000"
 1254      455F4556 
 1254      545F464C 
 1254      4153485F 
 1254      434F5252 
 1255              	.LASF31:
 1256 0844 4359424C 		.ascii	"CYBLE_EVT_GAP_CONNECTION_UPDATE_COMPLETE\000"
 1256      455F4556 
 1256      545F4741 
 1256      505F434F 
 1256      4E4E4543 
 1257              	.LASF40:
 1258 086d 4359424C 		.ascii	"CYBLE_EVT_GAP_SMP_NEGOTIATED_AUTH_INFO\000"
 1258      455F4556 
 1258      545F4741 
 1258      505F534D 
 1258      505F4E45 
 1259              	.LASF11:
 1260 0894 63686172 		.ascii	"char\000"
 1260      00
 1261              	.LASF99:
 1262 0899 43686563 		.ascii	"CheckForBallServeRequest\000"
ARM GAS  C:\Users\ARTEM\AppData\Local\Temp\cc9gATOx.s 			page 29


 1262      6B466F72 
 1262      42616C6C 
 1262      53657276 
 1262      65526571 
 1263              	.LASF72:
 1264 08b2 4359424C 		.ascii	"CYBLE_EVT_L2CAP_COMMAND_REJ\000"
 1264      455F4556 
 1264      545F4C32 
 1264      4341505F 
 1264      434F4D4D 
 1265              	.LASF102:
 1266 08ce 75617274 		.ascii	"uart_rpm_buff\000"
 1266      5F72706D 
 1266      5F627566 
 1266      6600
 1267              	.LASF86:
 1268 08dc 4359424C 		.ascii	"CYBLE_AIOS_DIGITAL\000"
 1268      455F4149 
 1268      4F535F44 
 1268      49474954 
 1268      414C00
 1269              	.LASF108:
 1270 08ef 5F426F6F 		.ascii	"_Bool\000"
 1270      6C00
 1271              	.LASF106:
 1272 08f5 6D6F746F 		.ascii	"motor_speeds\000"
 1272      725F7370 
 1272      65656473 
 1272      00
 1273              	.LASF55:
 1274 0902 4359424C 		.ascii	"CYBLE_EVT_GATTC_READ_BLOB_RSP\000"
 1274      455F4556 
 1274      545F4741 
 1274      5454435F 
 1274      52454144 
 1275              	.LASF62:
 1276 0920 4359424C 		.ascii	"CYBLE_EVT_GATTC_EXEC_WRITE_RSP\000"
 1276      455F4556 
 1276      545F4741 
 1276      5454435F 
 1276      45584543 
 1277              	.LASF32:
 1278 093f 4359424C 		.ascii	"CYBLE_EVT_GAPC_SCAN_START_STOP\000"
 1278      455F4556 
 1278      545F4741 
 1278      50435F53 
 1278      43414E5F 
 1279              	.LASF81:
 1280 095e 4359424C 		.ascii	"CYBLE_EVT_PENDING_FLASH_WRITE\000"
 1280      455F4556 
 1280      545F5045 
 1280      4E44494E 
 1280      475F464C 
 1281              	.LASF78:
 1282 097c 4359424C 		.ascii	"CYBLE_EVT_L2CAP_CBFC_RX_CREDIT_IND\000"
 1282      455F4556 
 1282      545F4C32 
ARM GAS  C:\Users\ARTEM\AppData\Local\Temp\cc9gATOx.s 			page 30


 1282      4341505F 
 1282      43424643 
 1283              	.LASF95:
 1284 099f 4359424C 		.ascii	"CYBLE_AIOS_TIME_TRIGGER_SETTINGS\000"
 1284      455F4149 
 1284      4F535F54 
 1284      494D455F 
 1284      54524947 
 1285              	.LASF10:
 1286 09c0 646F7562 		.ascii	"double\000"
 1286      6C6500
 1287              	.LASF75:
 1288 09c7 4359424C 		.ascii	"CYBLE_EVT_L2CAP_CBFC_DISCONN_IND\000"
 1288      455F4556 
 1288      545F4C32 
 1288      4341505F 
 1288      43424643 
 1289              	.LASF79:
 1290 09e8 4359424C 		.ascii	"CYBLE_EVT_L2CAP_CBFC_TX_CREDIT_IND\000"
 1290      455F4556 
 1290      545F4C32 
 1290      4341505F 
 1290      43424643 
 1291              	.LASF42:
 1292 0a0b 4359424C 		.ascii	"CYBLE_EVT_GAP_SCAN_REQ_RECVD\000"
 1292      455F4556 
 1292      545F4741 
 1292      505F5343 
 1292      414E5F52 
 1293              	.LASF17:
 1294 0a28 4359424C 		.ascii	"CYBLE_EVT_HARDWARE_ERROR\000"
 1294      455F4556 
 1294      545F4841 
 1294      52445741 
 1294      52455F45 
 1295              	.LASF77:
 1296 0a41 4359424C 		.ascii	"CYBLE_EVT_L2CAP_CBFC_DATA_READ\000"
 1296      455F4556 
 1296      545F4C32 
 1296      4341505F 
 1296      43424643 
 1297              	.LASF71:
 1298 0a60 4359424C 		.ascii	"CYBLE_EVT_L2CAP_CONN_PARAM_UPDATE_RSP\000"
 1298      455F4556 
 1298      545F4C32 
 1298      4341505F 
 1298      434F4E4E 
 1299              	.LASF21:
 1300 0a86 4359424C 		.ascii	"CYBLE_EVT_GAPC_SCAN_PROGRESS_RESULT\000"
 1300      455F4556 
 1300      545F4741 
 1300      50435F53 
 1300      43414E5F 
 1301              	.LASF101:
 1302 0aaa 55706461 		.ascii	"UpdateServing\000"
 1302      74655365 
 1302      7276696E 
ARM GAS  C:\Users\ARTEM\AppData\Local\Temp\cc9gATOx.s 			page 31


 1302      6700
 1303              	.LASF98:
 1304 0ab8 4359424C 		.ascii	"CYBLE_AIOS_DESCR_COUNT\000"
 1304      455F4149 
 1304      4F535F44 
 1304      45534352 
 1304      5F434F55 
 1305              	.LASF50:
 1306 0acf 4359424C 		.ascii	"CYBLE_EVT_GATTC_READ_BY_GROUP_TYPE_RSP\000"
 1306      455F4556 
 1306      545F4741 
 1306      5454435F 
 1306      52454144 
 1307              	.LASF59:
 1308 0af6 4359424C 		.ascii	"CYBLE_EVT_GATTS_WRITE_CMD_REQ\000"
 1308      455F4556 
 1308      545F4741 
 1308      5454535F 
 1308      57524954 
 1309              	.LASF51:
 1310 0b14 4359424C 		.ascii	"CYBLE_EVT_GATTC_READ_BY_TYPE_RSP\000"
 1310      455F4556 
 1310      545F4741 
 1310      5454435F 
 1310      52454144 
 1311              	.LASF49:
 1312 0b35 4359424C 		.ascii	"CYBLE_EVT_GATTC_XCHNG_MTU_RSP\000"
 1312      455F4556 
 1312      545F4741 
 1312      5454435F 
 1312      5843484E 
 1313              	.LASF96:
 1314 0b53 4359424C 		.ascii	"CYBLE_AIOS_VRD\000"
 1314      455F4149 
 1314      4F535F56 
 1314      524400
 1315              	.LASF117:
 1316 0b62 62616C6C 		.ascii	"ballServeController.c\000"
 1316      53657276 
 1316      65436F6E 
 1316      74726F6C 
 1316      6C65722E 
 1317              	.LASF80:
 1318 0b78 4359424C 		.ascii	"CYBLE_EVT_L2CAP_CBFC_DATA_WRITE_IND\000"
 1318      455F4556 
 1318      545F4C32 
 1318      4341505F 
 1318      43424643 
 1319              	.LASF16:
 1320 0b9c 4359424C 		.ascii	"CYBLE_EVT_TIMEOUT\000"
 1320      455F4556 
 1320      545F5449 
 1320      4D454F55 
 1320      5400
 1321              	.LASF105:
 1322 0bae 6E657744 		.ascii	"newDiffuculty\000"
 1322      69666675 
ARM GAS  C:\Users\ARTEM\AppData\Local\Temp\cc9gATOx.s 			page 32


 1322      63756C74 
 1322      7900
 1323              	.LASF85:
 1324 0bbc 4359424C 		.ascii	"CYBLE_EVT_MAX\000"
 1324      455F4556 
 1324      545F4D41 
 1324      5800
 1325              	.LASF90:
 1326 0bca 4359424C 		.ascii	"CYBLE_AIOS_CCCD\000"
 1326      455F4149 
 1326      4F535F43 
 1326      43434400 
 1327              	.LASF68:
 1328 0bda 4359424C 		.ascii	"CYBLE_EVT_GATTS_READ_CHAR_VAL_ACCESS_REQ\000"
 1328      455F4556 
 1328      545F4741 
 1328      5454535F 
 1328      52454144 
 1329              	.LASF67:
 1330 0c03 4359424C 		.ascii	"CYBLE_EVT_GATTC_STOP_CMD_COMPLETE\000"
 1330      455F4556 
 1330      545F4741 
 1330      5454435F 
 1330      53544F50 
 1331              	.LASF114:
 1332 0c25 43794465 		.ascii	"CyDelay\000"
 1332      6C617900 
 1333              	.LASF61:
 1334 0c2d 4359424C 		.ascii	"CYBLE_EVT_GATTS_EXEC_WRITE_REQ\000"
 1334      455F4556 
 1334      545F4741 
 1334      5454535F 
 1334      45584543 
 1335              	.LASF45:
 1336 0c4c 4359424C 		.ascii	"CYBLE_EVT_GATTC_ERROR_RSP\000"
 1336      455F4556 
 1336      545F4741 
 1336      5454435F 
 1336      4552524F 
 1337              	.LASF107:
 1338 0c66 6D6F746F 		.ascii	"motorsEnabled\000"
 1338      7273456E 
 1338      61626C65 
 1338      6400
 1339              	.LASF66:
 1340 0c74 4359424C 		.ascii	"CYBLE_EVT_GATTS_DATA_SIGNED_CMD_REQ\000"
 1340      455F4556 
 1340      545F4741 
 1340      5454535F 
 1340      44415441 
 1341              	.LASF83:
 1342 0c98 4359424C 		.ascii	"CYBLE_EVT_HCI_PKT\000"
 1342      455F4556 
 1342      545F4843 
 1342      495F504B 
 1342      5400
 1343              	.LASF36:
ARM GAS  C:\Users\ARTEM\AppData\Local\Temp\cc9gATOx.s 			page 33


 1344 0caa 4359424C 		.ascii	"CYBLE_EVT_GAP_OOB_GENERATED_NOTIFICATION\000"
 1344      455F4556 
 1344      545F4741 
 1344      505F4F4F 
 1344      425F4745 
 1345              		.ident	"GCC: (GNU Tools for ARM Embedded Processors) 5.4.1 20160609 (release) [ARM/embedded-5-bran
