Archive member included to satisfy reference by file (symbol)

.\CortexM0\ARM_GCC_541\Debug\CyberPong.a(CyLib.o)
                              .\CortexM0\ARM_GCC_541\Debug\cyfitter_cfg.o (CyIntEnable)
.\CortexM0\ARM_GCC_541\Debug\CyberPong.a(CyLFClk.o)
                              .\CortexM0\ARM_GCC_541\Debug\cyfitter_cfg.o (CySysClkWcoStart)
.\CortexM0\ARM_GCC_541\Debug\CyberPong.a(PWM.o)
                              .\CortexM0\ARM_GCC_541\Debug\main.o (PWM_WriteCompare)
.\CortexM0\ARM_GCC_541\Debug\CyberPong.a(UART.o)
                              .\CortexM0\ARM_GCC_541\Debug\main.o (UART_Start)
.\CortexM0\ARM_GCC_541\Debug\CyberPong.a(UART_SPI_UART.o)
                              .\CortexM0\ARM_GCC_541\Debug\debug.o (UART_SpiUartWriteTxData)
.\CortexM0\ARM_GCC_541\Debug\CyberPong.a(UART_UART.o)
                              .\CortexM0\ARM_GCC_541\Debug\CyberPong.a(UART.o) (UART_UartInit)
.\CortexM0\ARM_GCC_541\Debug\CyberPong.a(Pin_Output_LEFT.o)
                              .\CortexM0\ARM_GCC_541\Debug\main.o (Pin_Output_LEFT_Write)
.\CortexM0\ARM_GCC_541\Debug\CyberPong.a(Pin_Output_DOWN.o)
                              .\CortexM0\ARM_GCC_541\Debug\main.o (Pin_Output_DOWN_Write)
.\CortexM0\ARM_GCC_541\Debug\CyberPong.a(Pin_Output_RIGHT.o)
                              .\CortexM0\ARM_GCC_541\Debug\main.o (Pin_Output_RIGHT_Write)
.\CortexM0\ARM_GCC_541\Debug\CyberPong.a(Pin_Output_UP.o)
                              .\CortexM0\ARM_GCC_541\Debug\main.o (Pin_Output_UP_Write)
.\CortexM0\ARM_GCC_541\Debug\CyberPong.a(Pin_Input_BallTrigger.o)
                              .\CortexM0\ARM_GCC_541\Debug\ballServeController.o (Pin_Input_BallTrigger_ClearInterrupt)
.\CortexM0\ARM_GCC_541\Debug\CyberPong.a(ISR_Ball_Trigger.o)
                              .\CortexM0\ARM_GCC_541\Debug\main.o (ISR_Ball_Trigger_StartEx)
.\CortexM0\ARM_GCC_541\Debug\CyberPong.a(Pin_Output_DOWN_GROUND.o)
                              .\CortexM0\ARM_GCC_541\Debug\main.o (Pin_Output_DOWN_GROUND_Write)
.\CortexM0\ARM_GCC_541\Debug\CyberPong.a(Pin_Output_UP_GROUND.o)
                              .\CortexM0\ARM_GCC_541\Debug\main.o (Pin_Output_UP_GROUND_Write)
.\CortexM0\ARM_GCC_541\Debug\CyberPong.a(Control_Rotation.o)
                              .\CortexM0\ARM_GCC_541\Debug\motorController.o (Control_Rotation_Write)
.\CortexM0\ARM_GCC_541\Debug\CyberPong.a(Pin_Output_LEFT_GROUND.o)
                              .\CortexM0\ARM_GCC_541\Debug\main.o (Pin_Output_LEFT_GROUND_Write)
.\CortexM0\ARM_GCC_541\Debug\CyberPong.a(Pin_Output_RIGHT_GROUND.o)
                              .\CortexM0\ARM_GCC_541\Debug\main.o (Pin_Output_RIGHT_GROUND_Write)
.\CortexM0\ARM_GCC_541\Debug\CyberPong.a(Bluetooth.o)
                              .\CortexM0\ARM_GCC_541\Debug\aios_core.o (cyBle_pendingFlashWrite)
.\CortexM0\ARM_GCC_541\Debug\CyberPong.a(Bluetooth_gatt.o)
                              .\CortexM0\ARM_GCC_541\Debug\aios_core.o (cyBle_state)
.\CortexM0\ARM_GCC_541\Debug\CyberPong.a(Bluetooth_eventHandler.o)
                              .\CortexM0\ARM_GCC_541\Debug\CyberPong.a(Bluetooth.o) (cyBle_connHandle)
.\CortexM0\ARM_GCC_541\Debug\CyberPong.a(Pin_Output_Serve.o)
                              .\CortexM0\ARM_GCC_541\Debug\main.o (Pin_Output_Serve_Write)
.\CortexM0\ARM_GCC_541\Debug\CyberPong.a(ADC.o)
                              .\CortexM0\ARM_GCC_541\Debug\main.o (ADC_Start)
.\CortexM0\ARM_GCC_541\Debug\CyberPong.a(ADC_INT.o)
                              .\CortexM0\ARM_GCC_541\Debug\CyberPong.a(ADC.o) (ADC_ISR)
.\CortexM0\ARM_GCC_541\Debug\CyberPong.a(ENA_P_16.o)
                              .\CortexM0\ARM_GCC_541\Debug\main.o (ENA_P_16_Write)
.\CortexM0\ARM_GCC_541\Debug\CyberPong.a(IN1_P_01.o)
                              .\CortexM0\ARM_GCC_541\Debug\main.o (IN1_P_01_Write)
.\CortexM0\ARM_GCC_541\Debug\CyberPong.a(IN2_P_00.o)
                              .\CortexM0\ARM_GCC_541\Debug\main.o (IN2_P_00_Write)
.\CortexM0\ARM_GCC_541\Debug\CyberPong.a(pin_motor.o)
                              .\CortexM0\ARM_GCC_541\Debug\main.o (pin_motor_Write)
.\CortexM0\ARM_GCC_541\Debug\CyberPong.a(PWM_Down.o)
                              .\CortexM0\ARM_GCC_541\Debug\main.o (PWM_Down_WriteCompare)
.\CortexM0\ARM_GCC_541\Debug\CyberPong.a(StripLights.o)
                              .\CortexM0\ARM_GCC_541\Debug\main.o (StripLights_Trigger)
.\CortexM0\ARM_GCC_541\Debug\CyberPong.a(StripLights_fonts.o)
                              .\CortexM0\ARM_GCC_541\Debug\CyberPong.a(StripLights.o) (StripLights_SetFont)
.\CortexM0\ARM_GCC_541\Debug\CyberPong.a(StripLights_cisr.o)
                              .\CortexM0\ARM_GCC_541\Debug\CyberPong.a(StripLights.o) (StripLights_cisr_StartEx)
.\CortexM0\ARM_GCC_541\Debug\CyberPong.a(StripLights_fisr.o)
                              .\CortexM0\ARM_GCC_541\Debug\CyberPong.a(StripLights.o) (StripLights_fisr_StartEx)
.\CortexM0\ARM_GCC_541\Debug\CyberPong.a(CyBootAsmGnu.o)
[...]
Memory Configuration

Name             Origin             Length             Attributes
rom              0x00000000         0x00040000         xr
ram              0x20000000         0x00008000         xrw
*default*        0x00000000         0xffffffff

Linker script and memory map

LOAD b:/psoc creator/4.4/psoc creator/import/gnu/arm/5.4.1/bin/../lib/gcc/arm-none-eabi/5.4.1/armv6-m/crti.o
LOAD b:/psoc creator/4.4/psoc creator/import/gnu/arm/5.4.1/bin/../lib/gcc/arm-none-eabi/5.4.1/armv6-m/crtbegin.o
LOAD b:/psoc creator/4.4/psoc creator/import/gnu/arm/5.4.1/bin/../lib/gcc/arm-none-eabi/5.4.1/../../../../arm-none-eabi/lib/armv6-m/crt0.o
START GROUP
LOAD .\CortexM0\ARM_GCC_541\Debug\main.o
LOAD .\CortexM0\ARM_GCC_541\Debug\debug.o
LOAD .\CortexM0\ARM_GCC_541\Debug\motorController.o
LOAD .\CortexM0\ARM_GCC_541\Debug\aios.o
LOAD .\CortexM0\ARM_GCC_541\Debug\ballServeController.o
LOAD .\CortexM0\ARM_GCC_541\Debug\aios_core.o
LOAD .\CortexM0\ARM_GCC_541\Debug\cyfitter_cfg.o
LOAD .\CortexM0\ARM_GCC_541\Debug\cymetadata.o
LOAD .\CortexM0\ARM_GCC_541\Debug\Cm0Start.o
LOAD .\CortexM0\ARM_GCC_541\Debug\CyberPong.a
LOAD B:\PSoC Creator\4.4\PSoC Creator\psoc\content\CyComponentLibrary\CyComponentLibrary.cylib\BLE_v3_66\Library\gccCyBLEStack_BLE_SOC_PERIPHERAL.a
END GROUP
START GROUP
LOAD b:/psoc creator/4.4/psoc creator/import/gnu/arm/5.4.1/bin/../lib/gcc/arm-none-eabi/5.4.1/armv6-m\libgcc.a
LOAD b:/psoc creator/4.4/psoc creator/import/gnu/arm/5.4.1/bin/../lib/gcc/arm-none-eabi/5.4.1/../../../../arm-none-eabi/lib/armv6-m\libg_nano.a
LOAD b:/psoc creator/4.4/psoc creator/import/gnu/arm/5.4.1/bin/../lib/gcc/arm-none-eabi/5.4.1/../../../../arm-none-eabi/lib/armv6-m\libc_nano.a
END GROUP
START GROUP
LOAD b:/psoc creator/4.4/psoc creator/import/gnu/arm/5.4.1/bin/../lib/gcc/arm-none-eabi/5.4.1/armv6-m\libgcc.a
LOAD b:/psoc creator/4.4/psoc creator/import/gnu/arm/5.4.1/bin/../lib/gcc/arm-none-eabi/5.4.1/../../../../arm-none-eabi/lib/armv6-m\libc_nano.a
END GROUP
LOAD b:/psoc creator/4.4/psoc creator/import/gnu/arm/5.4.1/bin/../lib/gcc/arm-none-eabi/5.4.1/armv6-m/crtend.o
LOAD b:/psoc creator/4.4/psoc creator/import/gnu/arm/5.4.1/bin/../lib/gcc/arm-none-eabi/5.4.1/armv6-m/crtn.o
START GROUP
LOAD b:/psoc creator/4.4/psoc creator/import/gnu/arm/5.4.1/bin/../lib/gcc/arm-none-eabi/5.4.1/armv6-m\libgcc.a
LOAD b:/psoc creator/4.4/psoc creator/import/gnu/arm/5.4.1/bin/../lib/gcc/arm-none-eabi/5.4.1/../../../../arm-none-eabi/lib/armv6-m\libc.a
LOAD b:/psoc creator/4.4/psoc creator/import/gnu/arm/5.4.1/bin/../lib/gcc/arm-none-eabi/5.4.1/../../../../arm-none-eabi/lib/armv6-m\libnosys.a
END GROUP
                0x00000000                CY_APPL_ORIGIN = 0x0
                0x00000100                CY_FLASH_ROW_SIZE = 0x100
                0x00000001                CY_APPL_NUM = 0x1
                0x00000001                CY_APPL_MAX = 0x1
                0x00000040                CY_METADATA_SIZE = 0x40
                0x00000000                CY_APPL_LOADABLE = 0x0
                0x00000000                CY_CHECKSUM_EXCLUDE_SIZE = ALIGN (0x0, CY_FLASH_ROW_SIZE)
                0x00000000                CY_APP_FOR_STACK_AND_COPIER = 0x0
                [!provide]                PROVIDE (__cy_heap_start, _end)
                0x00000001                PROVIDE (__cy_region_num, ((__cy_regions_end - __cy_regions) / 0x10))
                0x20008000                PROVIDE (__cy_stack, (ORIGIN (ram) + LENGTH (ram)))
                [!provide]                PROVIDE (__cy_heap_end, (__cy_stack - 0x800))

.cybootloader   0x00000000        0x0
 *(.cybootloader)
                0x00000000                appl1_start = CY_APPL_ORIGIN?CY_APPL_ORIGIN:ALIGN (CY_FLASH_ROW_SIZE)
                0x0001ff00                appl2_start = (appl1_start + ALIGN ((((LENGTH (rom) - appl1_start) - (0x2 * CY_FLASH_ROW_SIZE)) / 0x2), CY_FLASH_ROW_SIZE))
                0x00000000                appl_start = (CY_APPL_NUM == 0x1)?appl1_start:appl2_start
                0x00000001                cy_project_type_bootloader = (appl_start == 0x0)?0x1:0x0
                0x00000000                cy_project_type_app_for_stack_and_copier = (CY_APP_FOR_STACK_AND_COPIER == 0x1)?0x1:0x0

.text           0x00000000     0x2306
 CREATE_OBJECT_SYMBOLS
                0x00000000                PROVIDE (__cy_interrupt_vector, RomVectors)
 *(.romvectors)
 .romvectors    0x00000000       0x10 .\CortexM0\ARM_GCC_541\Debug\Cm0Start.o
                0x00000000                RomVectors
                0x00000001                ASSERT ((. != __cy_interrupt_vector), No interrupt vector)
                0x00000001                ASSERT (CY_APPL_ORIGIN?(SIZEOF (.cybootloader) <= CY_APPL_ORIGIN):0x1, Wrong image location)
                0x00000010                PROVIDE (__cy_reset, Reset)
 *(.text.Reset)
 .text.Reset    0x00000010        0x8 .\CortexM0\ARM_GCC_541\Debug\Cm0Start.o
                0x00000010                Reset
                0x00000001                ASSERT ((. != __cy_reset), No reset code)
 *(.psocinit)
 .psocinit      0x00000018      0x2b4 .\CortexM0\ARM_GCC_541\Debug\cyfitter_cfg.o
                0x00000148                cyfitter_cfg
                0x000002cc                . = MAX (., 0x100)
 *(.text .text.* .gnu.linkonce.t.*)
 .text          0x000002cc       0x60 b:/psoc creator/4.4/psoc creator/import/gnu/arm/5.4.1/bin/../lib/gcc/arm-none-eabi/5.4.1/armv6-m/crtbegin.o
 .text.turnDown
                0x0000032c       0x10 .\CortexM0\ARM_GCC_541\Debug\main.o
                0x0000032c                turnDown
 .text.turnUp   0x0000033c       0x10 .\CortexM0\ARM_GCC_541\Debug\main.o
                0x0000033c                turnUp
 .text.stopMoving
                0x0000034c       0x10 .\CortexM0\ARM_GCC_541\Debug\main.o
                0x0000034c                stopMoving
 .text.setDesiredVoltage
                0x0000035c       0xb8 .\CortexM0\ARM_GCC_541\Debug\main.o
                0x0000035c                setDesiredVoltage
 .text.easyMode
                0x00000414       0x28 .\CortexM0\ARM_GCC_541\Debug\main.o
                0x00000414                easyMode
 .text.leftSpin
                0x0000043c       0x34 .\CortexM0\ARM_GCC_541\Debug\main.o
                0x0000043c                leftSpin
 .text.chooseSide
                0x00000470      0x120 .\CortexM0\ARM_GCC_541\Debug\main.o
                0x00000470                chooseSide
 .text.main     0x00000590       0xdc .\CortexM0\ARM_GCC_541\Debug\main.o
                0x00000590                main
 .text.StopBallServe
                0x0000066c       0x14 .\CortexM0\ARM_GCC_541\Debug\ballServeController.o
                0x0000066c                StopBallServe
 .text.Pin_Input_BallTrigger_Handler
                0x00000680        0xc .\CortexM0\ARM_GCC_541\Debug\ballServeController.o
                0x00000680                Pin_Input_BallTrigger_Handler
 .text.cfg_write_bytes32
                0x0000068c       0x34 .\CortexM0\ARM_GCC_541\Debug\cyfitter_cfg.o
 .text.CYMEMZERO
                0x000006c0        0xc .\CortexM0\ARM_GCC_541\Debug\cyfitter_cfg.o
 .text.SetAnalogRoutingPumps
                0x000006cc       0x20 .\CortexM0\ARM_GCC_541\Debug\cyfitter_cfg.o
                0x000006cc                SetAnalogRoutingPumps
 .text.AnalogSetDefault
                0x000006ec       0x48 .\CortexM0\ARM_GCC_541\Debug\cyfitter_cfg.o
 .text.IntDefaultHandler
                0x00000734       0x10 .\CortexM0\ARM_GCC_541\Debug\Cm0Start.o
                0x00000734                IntDefaultHandler
 .text._sbrk    0x00000744       0x30 .\CortexM0\ARM_GCC_541\Debug\Cm0Start.o
                0x00000744                _sbrk
 .text.Start_c  0x00000774       0x48 .\CortexM0\ARM_GCC_541\Debug\Cm0Start.o
                0x00000774                Start_c
 .text.initialize_psoc
                0x000007bc       0x4c .\CortexM0\ARM_GCC_541\Debug\Cm0Start.o
                0x000007bc                initialize_psoc
 .text.CySysClkEcoReadStatus
                0x00000808       0x10 .\CortexM0\ARM_GCC_541\Debug\CyberPong.a(CyLib.o)
                0x00000808                CySysClkEcoReadStatus
 .text.CyIntEnable
                0x00000818       0x14 .\CortexM0\ARM_GCC_541\Debug\CyberPong.a(CyLib.o)
                0x00000818                CyIntEnable
 .text.CyHalt   0x0000082c        0x4 .\CortexM0\ARM_GCC_541\Debug\CyberPong.a(CyLib.o)
                0x0000082c                CyHalt
 .text.CyIntSetVector
                0x00000830       0x24 .\CortexM0\ARM_GCC_541\Debug\CyberPong.a(CyLib.o)
                0x00000830                CyIntSetVector
 .text.CyIntSetPriority
                0x00000854       0x4c .\CortexM0\ARM_GCC_541\Debug\CyberPong.a(CyLib.o)
                0x00000854                CyIntSetPriority
 .text.CyDelay  0x000008a0       0x30 .\CortexM0\ARM_GCC_541\Debug\CyberPong.a(CyLib.o)
                0x000008a0                CyDelay
 .text.CyDelayUs
                0x000008d0       0x14 .\CortexM0\ARM_GCC_541\Debug\CyberPong.a(CyLib.o)
                0x000008d0                CyDelayUs
 .text.CySysClkWriteImoFreq
                0x000008e4      0x164 .\CortexM0\ARM_GCC_541\Debug\CyberPong.a(CyLib.o)
                0x000008e4                CySysClkWriteImoFreq
 .text.CySysClkEcoStart
                0x00000a48       0x54 .\CortexM0\ARM_GCC_541\Debug\CyberPong.a(CyLib.o)
                0x00000a48                CySysClkEcoStart
 .text.CySysWdtLocked
                0x00000a9c       0x14 .\CortexM0\ARM_GCC_541\Debug\CyberPong.a(CyLFClk.o)
 .text.CySysClkWcoStart
                0x00000ab0       0x40 .\CortexM0\ARM_GCC_541\Debug\CyberPong.a(CyLFClk.o)
                0x00000ab0                CySysClkWcoStart
 .text.CySysClkWcoSetPowerMode
                0x00000af0       0x80 .\CortexM0\ARM_GCC_541\Debug\CyberPong.a(CyLFClk.o)
                0x00000af0                CySysClkWcoSetPowerMode
 .text.CySysWdtLock
                0x00000b70       0x1c .\CortexM0\ARM_GCC_541\Debug\CyberPong.a(CyLFClk.o)
                0x00000b70                CySysWdtLock
 .text.CySysWdtUnlock
                0x00000b8c       0x30 .\CortexM0\ARM_GCC_541\Debug\CyberPong.a(CyLFClk.o)
                0x00000b8c                CySysWdtUnlock
 .text.CySysWdtClearInterrupt
                0x00000bbc       0x4c .\CortexM0\ARM_GCC_541\Debug\CyberPong.a(CyLFClk.o)
                0x00000bbc                CySysWdtClearInterrupt
 .text.CySysWdtIsr
                0x00000c08       0xa4 .\CortexM0\ARM_GCC_541\Debug\CyberPong.a(CyLFClk.o)
                0x00000c08                CySysWdtIsr
 .text.PWM_WriteCounter
                0x00000cac       0x10 .\CortexM0\ARM_GCC_541\Debug\CyberPong.a(PWM.o)
                0x00000cac                PWM_WriteCounter
 .text.PWM_WritePeriod
                0x00000cbc       0x10 .\CortexM0\ARM_GCC_541\Debug\CyberPong.a(PWM.o)
                0x00000cbc                PWM_WritePeriod
 .text.PWM_WriteCompare
                0x00000ccc       0x10 .\CortexM0\ARM_GCC_541\Debug\CyberPong.a(PWM.o)
                0x00000ccc                PWM_WriteCompare
 .text.PWM_TriggerCommand
                0x00000cdc       0x1c .\CortexM0\ARM_GCC_541\Debug\CyberPong.a(PWM.o)
                0x00000cdc                PWM_TriggerCommand
 .text.PWM_Enable
                0x00000cf8       0x24 .\CortexM0\ARM_GCC_541\Debug\CyberPong.a(PWM.o)
                0x00000cf8                PWM_Enable
 .text.PWM_SetInterruptMode
                0x00000d1c        0xc .\CortexM0\ARM_GCC_541\Debug\CyberPong.a(PWM.o)
                0x00000d1c                PWM_SetInterruptMode
 .text.PWM_Init
                0x00000d28       0x48 .\CortexM0\ARM_GCC_541\Debug\CyberPong.a(PWM.o)
                0x00000d28                PWM_Init
 .text.PWM_Start
                0x00000d70       0x20 .\CortexM0\ARM_GCC_541\Debug\CyberPong.a(PWM.o)
                0x00000d70                PWM_Start
 .text.UART_ScbModePostEnable
                0x00000d90        0x8 .\CortexM0\ARM_GCC_541\Debug\CyberPong.a(UART.o)
 .text.UART_Init
                0x00000d98        0x8 .\CortexM0\ARM_GCC_541\Debug\CyberPong.a(UART.o)
                0x00000d98                UART_Init
 .text.UART_Enable
                0x00000da0       0x18 .\CortexM0\ARM_GCC_541\Debug\CyberPong.a(UART.o)
                0x00000da0                UART_Enable
 .text.UART_Start
                0x00000db8       0x20 .\CortexM0\ARM_GCC_541\Debug\CyberPong.a(UART.o)
                0x00000db8                UART_Start
 .text.UART_SpiUartWriteTxData
                0x00000dd8       0x1c .\CortexM0\ARM_GCC_541\Debug\CyberPong.a(UART_SPI_UART.o)
                0x00000dd8                UART_SpiUartWriteTxData
 .text.UART_UartInit
                0x00000df4       0xa8 .\CortexM0\ARM_GCC_541\Debug\CyberPong.a(UART_UART.o)
                0x00000df4                UART_UartInit
 .text.UART_UartPostEnable
                0x00000e9c       0x2c .\CortexM0\ARM_GCC_541\Debug\CyberPong.a(UART_UART.o)
                0x00000e9c                UART_UartPostEnable
 .text.UART_UartPutString
                0x00000ec8       0x18 .\CortexM0\ARM_GCC_541\Debug\CyberPong.a(UART_UART.o)
                0x00000ec8                UART_UartPutString
 .text.Pin_Output_LEFT_Write
                0x00000ee0       0x18 .\CortexM0\ARM_GCC_541\Debug\CyberPong.a(Pin_Output_LEFT.o)
                0x00000ee0                Pin_Output_LEFT_Write
 .text.Pin_Output_DOWN_Write
                0x00000ef8       0x18 .\CortexM0\ARM_GCC_541\Debug\CyberPong.a(Pin_Output_DOWN.o)
                0x00000ef8                Pin_Output_DOWN_Write
 .text.Pin_Output_RIGHT_Write
                0x00000f10       0x18 .\CortexM0\ARM_GCC_541\Debug\CyberPong.a(Pin_Output_RIGHT.o)
                0x00000f10                Pin_Output_RIGHT_Write
 .text.Pin_Output_UP_Write
                0x00000f28       0x18 .\CortexM0\ARM_GCC_541\Debug\CyberPong.a(Pin_Output_UP.o)
                0x00000f28                Pin_Output_UP_Write
 .text.Pin_Input_BallTrigger_ClearInterrupt
                0x00000f40       0x14 .\CortexM0\ARM_GCC_541\Debug\CyberPong.a(Pin_Input_BallTrigger.o)
                0x00000f40                Pin_Input_BallTrigger_ClearInterrupt
 .text.ISR_Ball_Trigger_SetVector
                0x00000f54        0xc .\CortexM0\ARM_GCC_541\Debug\CyberPong.a(ISR_Ball_Trigger.o)
                0x00000f54                ISR_Ball_Trigger_SetVector
 .text.ISR_Ball_Trigger_SetPriority
                0x00000f60       0x24 .\CortexM0\ARM_GCC_541\Debug\CyberPong.a(ISR_Ball_Trigger.o)
                0x00000f60                ISR_Ball_Trigger_SetPriority
 .text.ISR_Ball_Trigger_Enable
                0x00000f84        0xc .\CortexM0\ARM_GCC_541\Debug\CyberPong.a(ISR_Ball_Trigger.o)
                0x00000f84                ISR_Ball_Trigger_Enable
 .text.ISR_Ball_Trigger_Disable
                0x00000f90        0xc .\CortexM0\ARM_GCC_541\Debug\CyberPong.a(ISR_Ball_Trigger.o)
                0x00000f90                ISR_Ball_Trigger_Disable
 .text.ISR_Ball_Trigger_StartEx
                0x00000f9c       0x1c .\CortexM0\ARM_GCC_541\Debug\CyberPong.a(ISR_Ball_Trigger.o)
                0x00000f9c                ISR_Ball_Trigger_StartEx
 .text.Pin_Output_DOWN_GROUND_Write
                0x00000fb8       0x18 .\CortexM0\ARM_GCC_541\Debug\CyberPong.a(Pin_Output_DOWN_GROUND.o)
                0x00000fb8                Pin_Output_DOWN_GROUND_Write
 .text.Pin_Output_UP_GROUND_Write
                0x00000fd0       0x18 .\CortexM0\ARM_GCC_541\Debug\CyberPong.a(Pin_Output_UP_GROUND.o)
                0x00000fd0                Pin_Output_UP_GROUND_Write
 .text.Pin_Output_LEFT_GROUND_Write
                0x00000fe8       0x18 .\CortexM0\ARM_GCC_541\Debug\CyberPong.a(Pin_Output_LEFT_GROUND.o)
                0x00000fe8                Pin_Output_LEFT_GROUND_Write
 .text.Pin_Output_RIGHT_GROUND_Write
                0x00001000       0x18 .\CortexM0\ARM_GCC_541\Debug\CyberPong.a(Pin_Output_RIGHT_GROUND.o)
                0x00001000                Pin_Output_RIGHT_GROUND_Write
 .text.Pin_Output_Serve_Write
                0x00001018       0x18 .\CortexM0\ARM_GCC_541\Debug\CyberPong.a(Pin_Output_Serve.o)
                0x00001018                Pin_Output_Serve_Write
 .text.ADC_Init
                0x00001030       0xf8 .\CortexM0\ARM_GCC_541\Debug\CyberPong.a(ADC.o)
                0x00001030                ADC_Init
 .text.ADC_Enable
                0x00001128       0x30 .\CortexM0\ARM_GCC_541\Debug\CyberPong.a(ADC.o)
                0x00001128                ADC_Enable
 .text.ADC_Start
                0x00001158       0x20 .\CortexM0\ARM_GCC_541\Debug\CyberPong.a(ADC.o)
                0x00001158                ADC_Start
 .text.ADC_StartConvert
                0x00001178       0x14 .\CortexM0\ARM_GCC_541\Debug\CyberPong.a(ADC.o)
                0x00001178                ADC_StartConvert
 .text.ADC_GetResult16
                0x0000118c       0x2c .\CortexM0\ARM_GCC_541\Debug\CyberPong.a(ADC.o)
                0x0000118c                ADC_GetResult16
 .text.ADC_CountsTo_mVolts
                0x000011b8       0x5c .\CortexM0\ARM_GCC_541\Debug\CyberPong.a(ADC.o)
                0x000011b8                ADC_CountsTo_mVolts
 .text.ADC_ISR  0x00001214        0xc .\CortexM0\ARM_GCC_541\Debug\CyberPong.a(ADC_INT.o)
                0x00001214                ADC_ISR
 .text.ENA_P_16_Write
                0x00001220       0x18 .\CortexM0\ARM_GCC_541\Debug\CyberPong.a(ENA_P_16.o)
                0x00001220                ENA_P_16_Write
 .text.IN1_P_01_Write
                0x00001238       0x18 .\CortexM0\ARM_GCC_541\Debug\CyberPong.a(IN1_P_01.o)
                0x00001238                IN1_P_01_Write
 .text.IN2_P_00_Write
                0x00001250       0x18 .\CortexM0\ARM_GCC_541\Debug\CyberPong.a(IN2_P_00.o)
                0x00001250                IN2_P_00_Write
 .text.pin_motor_Write
                0x00001268       0x18 .\CortexM0\ARM_GCC_541\Debug\CyberPong.a(pin_motor.o)
                0x00001268                pin_motor_Write
 .text.PWM_Down_WriteCounter
                0x00001280       0x10 .\CortexM0\ARM_GCC_541\Debug\CyberPong.a(PWM_Down.o)
                0x00001280                PWM_Down_WriteCounter
 .text.PWM_Down_WritePeriod
                0x00001290       0x10 .\CortexM0\ARM_GCC_541\Debug\CyberPong.a(PWM_Down.o)
                0x00001290                PWM_Down_WritePeriod
 .text.PWM_Down_WriteCompare
                0x000012a0       0x10 .\CortexM0\ARM_GCC_541\Debug\CyberPong.a(PWM_Down.o)
                0x000012a0                PWM_Down_WriteCompare
 .text.PWM_Down_TriggerCommand
                0x000012b0       0x1c .\CortexM0\ARM_GCC_541\Debug\CyberPong.a(PWM_Down.o)
                0x000012b0                PWM_Down_TriggerCommand
 .text.PWM_Down_Enable
                0x000012cc       0x24 .\CortexM0\ARM_GCC_541\Debug\CyberPong.a(PWM_Down.o)
                0x000012cc                PWM_Down_Enable
 .text.PWM_Down_SetInterruptMode
                0x000012f0        0xc .\CortexM0\ARM_GCC_541\Debug\CyberPong.a(PWM_Down.o)
                0x000012f0                PWM_Down_SetInterruptMode
 .text.PWM_Down_Init
                0x000012fc       0x48 .\CortexM0\ARM_GCC_541\Debug\CyberPong.a(PWM_Down.o)
                0x000012fc                PWM_Down_Init
 .text.PWM_Down_Start
                0x00001344       0x20 .\CortexM0\ARM_GCC_541\Debug\CyberPong.a(PWM_Down.o)
                0x00001344                PWM_Down_Start
 .text.StripLights_FISR
                0x00001364       0x60 .\CortexM0\ARM_GCC_541\Debug\CyberPong.a(StripLights.o)
                0x00001364                StripLights_FISR
 .text.StripLights_CISR
                0x000013c4       0x7c .\CortexM0\ARM_GCC_541\Debug\CyberPong.a(StripLights.o)
                0x000013c4                StripLights_CISR
 .text.StripLights_Trigger
                0x00001440       0x6c .\CortexM0\ARM_GCC_541\Debug\CyberPong.a(StripLights.o)
                0x00001440                StripLights_Trigger
 .text.StripLights_MemClear
                0x000014ac       0x2c .\CortexM0\ARM_GCC_541\Debug\CyberPong.a(StripLights.o)
                0x000014ac                StripLights_MemClear
 .text.StripLights_DisplayClear
                0x000014d8       0x10 .\CortexM0\ARM_GCC_541\Debug\CyberPong.a(StripLights.o)
                0x000014d8                StripLights_DisplayClear
 .text.StripLights_Pixel
                0x000014e8       0x24 .\CortexM0\ARM_GCC_541\Debug\CyberPong.a(StripLights.o)
                0x000014e8                StripLights_Pixel
 .text.StripLights_GetPixel
                0x0000150c       0x28 .\CortexM0\ARM_GCC_541\Debug\CyberPong.a(StripLights.o)
                0x0000150c                StripLights_GetPixel
 .text.StripLights_Dim
                0x00001534       0x78 .\CortexM0\ARM_GCC_541\Debug\CyberPong.a(StripLights.o)
                0x00001534                StripLights_Dim
 .text.StripLights_Start
                0x000015ac       0x7c .\CortexM0\ARM_GCC_541\Debug\CyberPong.a(StripLights.o)
                0x000015ac                StripLights_Start
 .text.StripLights_SetFont
                0x00001628       0x4c .\CortexM0\ARM_GCC_541\Debug\CyberPong.a(StripLights_fonts.o)
                0x00001628                StripLights_SetFont
 .text.StripLights_cisr_SetVector
                0x00001674        0xc .\CortexM0\ARM_GCC_541\Debug\CyberPong.a(StripLights_cisr.o)
                0x00001674                StripLights_cisr_SetVector
 .text.StripLights_cisr_SetPriority
                0x00001680       0x24 .\CortexM0\ARM_GCC_541\Debug\CyberPong.a(StripLights_cisr.o)
                0x00001680                StripLights_cisr_SetPriority
 .text.StripLights_cisr_Enable
                0x000016a4        0xc .\CortexM0\ARM_GCC_541\Debug\CyberPong.a(StripLights_cisr.o)
                0x000016a4                StripLights_cisr_Enable
 .text.StripLights_cisr_Disable
                0x000016b0        0xc .\CortexM0\ARM_GCC_541\Debug\CyberPong.a(StripLights_cisr.o)
                0x000016b0                StripLights_cisr_Disable
 .text.StripLights_cisr_StartEx
                0x000016bc       0x1c .\CortexM0\ARM_GCC_541\Debug\CyberPong.a(StripLights_cisr.o)
                0x000016bc                StripLights_cisr_StartEx
 .text.StripLights_fisr_SetVector
                0x000016d8        0xc .\CortexM0\ARM_GCC_541\Debug\CyberPong.a(StripLights_fisr.o)
                0x000016d8                StripLights_fisr_SetVector
 .text.StripLights_fisr_SetPriority
                0x000016e4       0x20 .\CortexM0\ARM_GCC_541\Debug\CyberPong.a(StripLights_fisr.o)
                0x000016e4                StripLights_fisr_SetPriority
 .text.StripLights_fisr_Enable
                0x00001704        0xc .\CortexM0\ARM_GCC_541\Debug\CyberPong.a(StripLights_fisr.o)
                0x00001704                StripLights_fisr_Enable
 .text.StripLights_fisr_Disable
                0x00001710        0xc .\CortexM0\ARM_GCC_541\Debug\CyberPong.a(StripLights_fisr.o)
                0x00001710                StripLights_fisr_Disable
 .text.StripLights_fisr_StartEx
                0x0000171c       0x1c .\CortexM0\ARM_GCC_541\Debug\CyberPong.a(StripLights_fisr.o)
                0x0000171c                StripLights_fisr_StartEx
 .text          0x00001738       0x20 .\CortexM0\ARM_GCC_541\Debug\CyberPong.a(CyBootAsmGnu.o)
                0x00001738                CyDelayCycles
                0x0000174a                CyEnterCriticalSection
                0x00001752                CyExitCriticalSection
 .text          0x00001758      0x114 b:/psoc creator/4.4/psoc creator/import/gnu/arm/5.4.1/bin/../lib/gcc/arm-none-eabi/5.4.1/armv6-m\libgcc.a(_udivsi3.o)
                0x00001758                __aeabi_uidiv
                0x00001758                __udivsi3
                0x00001864                __aeabi_uidivmod
 .text          0x0000186c      0x1d4 b:/psoc creator/4.4/psoc creator/import/gnu/arm/5.4.1/bin/../lib/gcc/arm-none-eabi/5.4.1/armv6-m\libgcc.a(_divsi3.o)
                0x0000186c                __divsi3
                0x0000186c                __aeabi_idiv
                0x00001a38                __aeabi_idivmod
 .text          0x00001a40        0x4 b:/psoc creator/4.4/psoc creator/import/gnu/arm/5.4.1/bin/../lib/gcc/arm-none-eabi/5.4.1/armv6-m\libgcc.a(_dvmd_tls.o)
                0x00001a40                __aeabi_idiv0
                0x00001a40                __aeabi_ldiv0
 .text.__errno  0x00001a44        0xc b:/psoc creator/4.4/psoc creator/import/gnu/arm/5.4.1/bin/../lib/gcc/arm-none-eabi/5.4.1/../../../../arm-none-eabi/lib/armv6-m\libg_nano.a(lib_a-errno.o)
                0x00001a44                __errno
 .text.__libc_init_array
                0x00001a50       0x4c b:/psoc creator/4.4/psoc creator/import/gnu/arm/5.4.1/bin/../lib/gcc/arm-none-eabi/5.4.1/../../../../arm-none-eabi/lib/armv6-m\libg_nano.a(lib_a-init.o)
                0x00001a50                __libc_init_array
 .text.memcpy   0x00001a9c       0x12 b:/psoc creator/4.4/psoc creator/import/gnu/arm/5.4.1/bin/../lib/gcc/arm-none-eabi/5.4.1/../../../../arm-none-eabi/lib/armv6-m\libg_nano.a(lib_a-memcpy-stub.o)
                0x00001a9c                memcpy
 .text.memset   0x00001aae       0x10 b:/psoc creator/4.4/psoc creator/import/gnu/arm/5.4.1/bin/../lib/gcc/arm-none-eabi/5.4.1/../../../../arm-none-eabi/lib/armv6-m\libg_nano.a(lib_a-memset.o)
                0x00001aae                memset
 *fill*         0x00001abe        0x2 
 .text.sprintf  0x00001ac0       0x44 b:/psoc creator/4.4/psoc creator/import/gnu/arm/5.4.1/bin/../lib/gcc/arm-none-eabi/5.4.1/../../../../arm-none-eabi/lib/armv6-m\libg_nano.a(lib_a-sprintf.o)
                0x00001ac0                siprintf
                0x00001ac0                sprintf
 .text.__ssputs_r
                0x00001b04       0xc4 b:/psoc creator/4.4/psoc creator/import/gnu/arm/5.4.1/bin/../lib/gcc/arm-none-eabi/5.4.1/../../../../arm-none-eabi/lib/armv6-m\libg_nano.a(lib_a-nano-svfprintf.o)
                0x00001b04                __ssputs_r
 .text._svfprintf_r
                0x00001bc8      0x1fc b:/psoc creator/4.4/psoc creator/import/gnu/arm/5.4.1/bin/../lib/gcc/arm-none-eabi/5.4.1/../../../../arm-none-eabi/lib/armv6-m\libg_nano.a(lib_a-nano-svfprintf.o)
                0x00001bc8                _svfiprintf_r
                0x00001bc8                _svfprintf_r
 .text._printf_common
                0x00001dc4       0xdc b:/psoc creator/4.4/psoc creator/import/gnu/arm/5.4.1/bin/../lib/gcc/arm-none-eabi/5.4.1/../../../../arm-none-eabi/lib/armv6-m\libg_nano.a(lib_a-nano-vfprintf_i.o)
                0x00001dc4                _printf_common
 .text._printf_i
                0x00001ea0      0x244 b:/psoc creator/4.4/psoc creator/import/gnu/arm/5.4.1/bin/../lib/gcc/arm-none-eabi/5.4.1/../../../../arm-none-eabi/lib/armv6-m\libg_nano.a(lib_a-nano-vfprintf_i.o)
                0x00001ea0                _printf_i
 .text.memchr   0x000020e4       0x16 b:/psoc creator/4.4/psoc creator/import/gnu/arm/5.4.1/bin/../lib/gcc/arm-none-eabi/5.4.1/../../../../arm-none-eabi/lib/armv6-m\libg_nano.a(lib_a-memchr-stub.o)
                0x000020e4                memchr
 .text.memmove  0x000020fa       0x2a b:/psoc creator/4.4/psoc creator/import/gnu/arm/5.4.1/bin/../lib/gcc/arm-none-eabi/5.4.1/../../../../arm-none-eabi/lib/armv6-m\libg_nano.a(lib_a-memmove.o)
                0x000020fa                memmove
 .text._free_r  0x00002124       0x98 b:/psoc creator/4.4/psoc creator/import/gnu/arm/5.4.1/bin/../lib/gcc/arm-none-eabi/5.4.1/../../../../arm-none-eabi/lib/armv6-m\libg_nano.a(lib_a-nano-freer.o)
                0x00002124                _free_r
 .text._malloc_r
                0x000021bc       0xc0 b:/psoc creator/4.4/psoc creator/import/gnu/arm/5.4.1/bin/../lib/gcc/arm-none-eabi/5.4.1/../../../../arm-none-eabi/lib/armv6-m\libg_nano.a(lib_a-nano-mallocr.o)
                0x000021bc                _malloc_r
 .text._realloc_r
                0x0000227c       0x4c b:/psoc creator/4.4/psoc creator/import/gnu/arm/5.4.1/bin/../lib/gcc/arm-none-eabi/5.4.1/../../../../arm-none-eabi/lib/armv6-m\libg_nano.a(lib_a-nano-reallocr.o)
                0x0000227c                _realloc_r
 .text._sbrk_r  0x000022c8       0x24 b:/psoc creator/4.4/psoc creator/import/gnu/arm/5.4.1/bin/../lib/gcc/arm-none-eabi/5.4.1/../../../../arm-none-eabi/lib/armv6-m\libg_nano.a(lib_a-sbrkr.o)
                0x000022c8                _sbrk_r
 .text.__malloc_lock
                0x000022ec        0x2 b:/psoc creator/4.4/psoc creator/import/gnu/arm/5.4.1/bin/../lib/gcc/arm-none-eabi/5.4.1/../../../../arm-none-eabi/lib/armv6-m\libg_nano.a(lib_a-mlock.o)
                0x000022ec                __malloc_lock
 .text.__malloc_unlock
                0x000022ee        0x2 b:/psoc creator/4.4/psoc creator/import/gnu/arm/5.4.1/bin/../lib/gcc/arm-none-eabi/5.4.1/../../../../arm-none-eabi/lib/armv6-m\libg_nano.a(lib_a-mlock.o)
                0x000022ee                __malloc_unlock
 .text._malloc_usable_size_r
                0x000022f0       0x16 b:/psoc creator/4.4/psoc creator/import/gnu/arm/5.4.1/bin/../lib/gcc/arm-none-eabi/5.4.1/../../../../arm-none-eabi/lib/armv6-m\libg_nano.a(lib_a-nano-msizer.o)
                0x000022f0                _malloc_usable_size_r
 *(.plt)
 *(.gnu.warning)
 *(.glue_7t)
 .glue_7t       0x00002306        0x0 linker stubs
 *(.glue_7)
 .glue_7        0x00002306        0x0 linker stubs
 *(.vfp11_veneer)
 .vfp11_veneer  0x00002306        0x0 linker stubs
 *(.bootloader)
 *(.ARM.extab* .gnu.linkonce.armextab.*)
 *(.gcc_except_table)

.v4_bx          0x00002308        0x0
 .v4_bx         0x00002308        0x0 linker stubs

.iplt           0x00002308        0x0
 .iplt          0x00002308        0x0 b:/psoc creator/4.4/psoc creator/import/gnu/arm/5.4.1/bin/../lib/gcc/arm-none-eabi/5.4.1/armv6-m/crtbegin.o

.eh_frame_hdr
 *(.eh_frame_hdr)

.eh_frame       0x00002308        0x4
 *(.eh_frame)
 .eh_frame      0x00002308        0x0 b:/psoc creator/4.4/psoc creator/import/gnu/arm/5.4.1/bin/../lib/gcc/arm-none-eabi/5.4.1/armv6-m/crtbegin.o
 .eh_frame      0x00002308        0x4 b:/psoc creator/4.4/psoc creator/import/gnu/arm/5.4.1/bin/../lib/gcc/arm-none-eabi/5.4.1/armv6-m/crtend.o
                [!provide]                PROVIDE (__exidx_start, .)

.ARM.exidx
 *(.ARM.exidx* .gnu.linkonce.armexidx.*)
                0x0000230c                __exidx_end = .

.rodata         0x0000230c      0x724
 *(.rodata .rodata.* .gnu.linkonce.r.*)
 .rodata.str1.4
                0x0000230c       0x34 .\CortexM0\ARM_GCC_541\Debug\main.o
                                 0x33 (size before relaxing)
 .rodata        0x00002340      0x290 .\CortexM0\ARM_GCC_541\Debug\cyfitter_cfg.o
 .rodata        0x000025d0       0x2e .\CortexM0\ARM_GCC_541\Debug\CyberPong.a(CyLib.o)
                0x000025d0                cyImoFreqMhz2Reg
 *fill*         0x000025fe        0x2 
 .rodata        0x00002600      0x1e0 .\CortexM0\ARM_GCC_541\Debug\CyberPong.a(StripLights.o)
                0x00002600                StripLights_CLUT
 .rodata        0x000027e0      0x1e0 .\CortexM0\ARM_GCC_541\Debug\CyberPong.a(StripLights_fonts.o)
                0x000027e0                StripLights_Font5x7
 .rodata.str1.1
                0x000029c0        0x2 b:/psoc creator/4.4/psoc creator/import/gnu/arm/5.4.1/bin/../lib/gcc/arm-none-eabi/5.4.1/../../../../arm-none-eabi/lib/armv6-m\libg_nano.a(lib_a-impure.o)
 .rodata.str1.1
                0x000029c2       0x11 b:/psoc creator/4.4/psoc creator/import/gnu/arm/5.4.1/bin/../lib/gcc/arm-none-eabi/5.4.1/../../../../arm-none-eabi/lib/armv6-m\libg_nano.a(lib_a-nano-svfprintf.o)
 .rodata.str1.1
                0x000029d3       0x22 b:/psoc creator/4.4/psoc creator/import/gnu/arm/5.4.1/bin/../lib/gcc/arm-none-eabi/5.4.1/../../../../arm-none-eabi/lib/armv6-m\libg_nano.a(lib_a-nano-vfprintf_i.o)
                0x000029f8                . = ALIGN (0x4)
 *fill*         0x000029f5        0x3 
 *(.init)
 .init          0x000029f8        0x4 b:/psoc creator/4.4/psoc creator/import/gnu/arm/5.4.1/bin/../lib/gcc/arm-none-eabi/5.4.1/armv6-m/crti.o
                0x000029f8                _init
 .init          0x000029fc        0x8 b:/psoc creator/4.4/psoc creator/import/gnu/arm/5.4.1/bin/../lib/gcc/arm-none-eabi/5.4.1/armv6-m/crtn.o
                0x00002a04                . = ALIGN (0x4)
                0x00002a04                __preinit_array_start = .
 *(.preinit_array)
                0x00002a04                __preinit_array_end = .
                0x00002a04                . = ALIGN (0x4)
                0x00002a04                __init_array_start = .
 *(SORT(.init_array.*))
 *(.init_array)
 .init_array    0x00002a04        0x4 b:/psoc creator/4.4/psoc creator/import/gnu/arm/5.4.1/bin/../lib/gcc/arm-none-eabi/5.4.1/armv6-m/crtbegin.o
 .init_array    0x00002a08        0x4 .\CortexM0\ARM_GCC_541\Debug\Cm0Start.o
                0x00002a0c                __init_array_end = .
                0x00002a0c                . = ALIGN (0x4)
 *(.fini)
 .fini          0x00002a0c        0x4 b:/psoc creator/4.4/psoc creator/import/gnu/arm/5.4.1/bin/../lib/gcc/arm-none-eabi/5.4.1/armv6-m/crti.o
                0x00002a0c                _fini
 .fini          0x00002a10        0x8 b:/psoc creator/4.4/psoc creator/import/gnu/arm/5.4.1/bin/../lib/gcc/arm-none-eabi/5.4.1/armv6-m/crtn.o
                0x00002a18                . = ALIGN (0x4)
                0x00002a18                __fini_array_start = .
 *(.fini_array)
 .fini_array    0x00002a18        0x4 b:/psoc creator/4.4/psoc creator/import/gnu/arm/5.4.1/bin/../lib/gcc/arm-none-eabi/5.4.1/armv6-m/crtbegin.o
 *(SORT(.fini_array.*))
                0x00002a1c                __fini_array_end = .
                0x00002a1c                . = ALIGN (0x4)
 *crtbegin.o(.ctors)
 *(EXCLUDE_FILE(*crtend.o) .ctors)
 *(SORT(.ctors.*))
 *crtend.o(.ctors)
                0x00002a1c                . = ALIGN (0x4)
 *crtbegin.o(.dtors)
 *(EXCLUDE_FILE(*crtend.o) .dtors)
 *(SORT(.dtors.*))
 *crtend.o(.dtors)
                0x00002a1c                . = ALIGN (0x4)
                0x00002a1c                __cy_regions = .
                0x00002a1c        0x4 LONG 0x2dd0 __cy_region_init_ram
                0x00002a20        0x4 LONG 0x20000e40 __cy_region_start_data
                0x00002a24        0x4 LONG 0x88 __cy_region_init_size_ram
                0x00002a28        0x4 LONG 0x120 __cy_region_zero_size_ram
                0x00002a2c                __cy_regions_end = .
                0x00002a30                . = ALIGN (0x8)
 *fill*         0x00002a2c        0x4 
                0x00002a30                _etext = .

.cy_checksum_exclude
                0x00002b00      0x2cb
 *(.cy_checksum_exclude)
 .cy_checksum_exclude
                0x00002b00      0x2cb .\CortexM0\ARM_GCC_541\Debug\CyberPong.a(Bluetooth_gatt.o)
                0x00002b00                cyBle_flashStorage

.ramvectors     0x20000000       0xc0
                0x20000000                __cy_region_start_ram = .
 *(.ramvectors)
 .ramvectors    0x20000000       0xc0 .\CortexM0\ARM_GCC_541\Debug\Cm0Start.o
                0x20000000                CyRamVectors

.noinit         0x200000c0      0xd80
 *(.noinit)
 .noinit        0x200000c0      0xd80 .\CortexM0\ARM_GCC_541\Debug\CyberPong.a(Bluetooth.o)
                0x200000c0                cyBle_stackMemoryRam

.data           0x20000e40       0x88 load address 0x00002dd0
                0x20000e40                __cy_region_start_data = .
 *(.jcr)
 .jcr           0x20000e40        0x0 b:/psoc creator/4.4/psoc creator/import/gnu/arm/5.4.1/bin/../lib/gcc/arm-none-eabi/5.4.1/armv6-m/crtbegin.o
 .jcr           0x20000e40        0x4 b:/psoc creator/4.4/psoc creator/import/gnu/arm/5.4.1/bin/../lib/gcc/arm-none-eabi/5.4.1/armv6-m/crtend.o
 *(.got.plt)
 *(.got)
 *(.shdata)
 *(.data .data.* .gnu.linkonce.d.*)
 .data          0x20000e44        0x4 .\CortexM0\ARM_GCC_541\Debug\Cm0Start.o
 .data          0x20000e48       0x14 .\CortexM0\ARM_GCC_541\Debug\CyberPong.a(CyLib.o)
                0x20000e48                CySysClkPumpConfig
                0x20000e4c                cydelay32kMs
                0x20000e50                cydelayFreqKhz
                0x20000e54                cydelayFreqMhz
                0x20000e58                cydelayFreqHz
 .data          0x20000e5c        0x8 .\CortexM0\ARM_GCC_541\Debug\CyberPong.a(CyLFClk.o)
 .data.impure_data
                0x20000e64       0x60 b:/psoc creator/4.4/psoc creator/import/gnu/arm/5.4.1/bin/../lib/gcc/arm-none-eabi/5.4.1/../../../../arm-none-eabi/lib/armv6-m\libg_nano.a(lib_a-impure.o)
 .data._impure_ptr
                0x20000ec4        0x4 b:/psoc creator/4.4/psoc creator/import/gnu/arm/5.4.1/bin/../lib/gcc/arm-none-eabi/5.4.1/../../../../arm-none-eabi/lib/armv6-m\libg_nano.a(lib_a-impure.o)
                0x20000ec4                _impure_ptr
                0x20000ec8                . = ALIGN (0x8)
 *(.ram)
                0x20000ec8                _edata = .

.igot.plt       0x20000ec8        0x0 load address 0x00002e58
 .igot.plt      0x20000ec8        0x0 b:/psoc creator/4.4/psoc creator/import/gnu/arm/5.4.1/bin/../lib/gcc/arm-none-eabi/5.4.1/armv6-m/crtbegin.o

.bss            0x20000ec8      0x120 load address 0x00002e58
                0x20000ec8                PROVIDE (__bss_start__, .)
 *(.shbss)
 *(.bss .bss.* .gnu.linkonce.b.*)
 .bss           0x20000ec8       0x1c b:/psoc creator/4.4/psoc creator/import/gnu/arm/5.4.1/bin/../lib/gcc/arm-none-eabi/5.4.1/armv6-m/crtbegin.o
 .bss           0x20000ee4       0x28 .\CortexM0\ARM_GCC_541\Debug\CyberPong.a(CyLFClk.o)
 .bss           0x20000f0c        0x1 .\CortexM0\ARM_GCC_541\Debug\CyberPong.a(PWM.o)
                0x20000f0c                PWM_initVar
 *fill*         0x20000f0d        0x1 
 .bss           0x20000f0e        0x4 .\CortexM0\ARM_GCC_541\Debug\CyberPong.a(UART.o)
                0x20000f0e                UART_initVar
                0x20000f10                UART_IntrTxMask
 .bss           0x20000f12        0x1 .\CortexM0\ARM_GCC_541\Debug\CyberPong.a(ADC.o)
                0x20000f12                ADC_initVar
 .bss           0x20000f13        0x1 .\CortexM0\ARM_GCC_541\Debug\CyberPong.a(PWM_Down.o)
                0x20000f13                PWM_Down_initVar
 .bss           0x20000f14       0x15 .\CortexM0\ARM_GCC_541\Debug\CyberPong.a(StripLights.o)
                0x20000f14                StripLights_ledIndex
                0x20000f18                StripLights_row
                0x20000f28                StripLights_initvar
 *fill*         0x20000f29        0x3 
 .bss.__malloc_sbrk_start
                0x20000f2c        0x4 b:/psoc creator/4.4/psoc creator/import/gnu/arm/5.4.1/bin/../lib/gcc/arm-none-eabi/5.4.1/../../../../arm-none-eabi/lib/armv6-m\libg_nano.a(lib_a-nano-mallocr.o)
                0x20000f2c                __malloc_sbrk_start
 .bss.__malloc_free_list
                0x20000f30        0x4 b:/psoc creator/4.4/psoc creator/import/gnu/arm/5.4.1/bin/../lib/gcc/arm-none-eabi/5.4.1/../../../../arm-none-eabi/lib/armv6-m\libg_nano.a(lib_a-nano-mallocr.o)
                0x20000f30                __malloc_free_list
 *(COMMON)
 COMMON         0x20000f34       0x28 .\CortexM0\ARM_GCC_541\Debug\main.o
                0x20000f34                disablePrintIfZeroRPM
                0x20000f35                motorsEnabled
                0x20000f36                doServe
                0x20000f37                isServing
                0x20000f38                motor_speeds
                0x20000f48                str
                0x20000f58                uart_rpm_buff
 COMMON         0x20000f5c        0x6 .\CortexM0\ARM_GCC_541\Debug\CyberPong.a(ADC.o)
                0x20000f5c                ADC_countsPer10Volt
                0x20000f60                ADC_offset
 *fill*         0x20000f62        0x2 
 COMMON         0x20000f64       0x6c .\CortexM0\ARM_GCC_541\Debug\CyberPong.a(StripLights.o)
                0x20000f64                StripLights_ledArray
                0x20000fc4                StripLights_DimMask
                0x20000fc8                StripLights_DimShift
                0x20000fcc                StripLights_refreshComplete
 COMMON         0x20000fd0       0x10 .\CortexM0\ARM_GCC_541\Debug\CyberPong.a(StripLights_fonts.o)
                0x20000fd0                StripLights_fontX
                0x20000fd4                StripLights_fontOffset
                0x20000fd8                StripLights_fontPtr
                0x20000fdc                StripLights_fontY
 COMMON         0x20000fe0        0x4 b:/psoc creator/4.4/psoc creator/import/gnu/arm/5.4.1/bin/../lib/gcc/arm-none-eabi/5.4.1/../../../../arm-none-eabi/lib/armv6-m\libg_nano.a(lib_a-reent.o)
                0x20000fe0                errno
                0x20000fe8                . = ALIGN (0x8)
 *fill*         0x20000fe4        0x4 
 *(.ram.b)
                0x20000fe8                _end = .
                0x20000fe8                __end = .
                0x20000fe8                PROVIDE (end, .)
                0x20000fe8                PROVIDE (__bss_end__, .)
                0x00002dd0                __cy_region_init_ram = LOADADDR (.data)
                0x00000088                __cy_region_init_size_ram = (_edata - ADDR (.data))
                0x00000120                __cy_region_zero_size_ram = (_end - _edata)

.heap           0x20000fe8       0x80 load address 0x00002e58
                0x20000fe8                . = _end
                0x20001068                . = (. + 0x80)
 *fill*         0x20000fe8       0x80 
                0x20001068                __cy_heap_limit = .

.stack          0x20007800      0x800
                0x20007800                __cy_stack_limit = .
                0x20008000                . = (. + 0x800)
 *fill*         0x20007800      0x800 
                0x00000001                ASSERT ((__cy_stack_limit >= __cy_heap_limit), region RAM overflowed with stack)
                0x00000000                cy_checksum_exclude_size = (CY_APPL_LOADABLE == 0x1)?SIZEOF (.cy_checksum_exclude):0x0
                0x00000001                ASSERT ((cy_checksum_exclude_size <= CY_CHECKSUM_EXCLUDE_SIZE), CY_BOOT: Section .cy_checksum_exclude size exceedes specified limit.)
                0x0003ffc0                cyloadermeta_start = (cy_project_type_bootloader || cy_project_type_app_for_stack_and_copier)?(LENGTH (rom) - CY_METADATA_SIZE):0xf0000000

.cyloadermeta
 *(.cyloadermeta)
                0x0003ffc0                cyloadablemeta_start = cy_project_type_app_for_stack_and_copier?((LENGTH (rom) - CY_FLASH_ROW_SIZE) - CY_METADATA_SIZE):((LENGTH (rom) - (CY_FLASH_ROW_SIZE * (CY_APPL_NUM - 0x1))) - CY_METADATA_SIZE)

.cyloadablemeta
 *(.cyloadablemeta)

.cyflashprotect
                0x90400000       0x80
 *(.cyflashprotect)
 .cyflashprotect
                0x90400000       0x80 .\CortexM0\ARM_GCC_541\Debug\cymetadata.o
                0x90400000                cy_meta_flashprotect

.cymeta         0x90500000        0xc
 *(.cymeta)
 .cymeta        0x90500000        0xc .\CortexM0\ARM_GCC_541\Debug\cymetadata.o
                0x90500000                cy_metadata

.cychipprotect  0x90600000        0x1
 *(.cychipprotect)
 .cychipprotect
                0x90600000        0x1 .\CortexM0\ARM_GCC_541\Debug\cymetadata.o
                0x90600000                cy_meta_chipprotect

.rel.dyn        0x00002e58        0x0 load address 0x90600004
 .rel.iplt      0x00002e58        0x0 b:/psoc creator/4.4/psoc creator/import/gnu/arm/5.4.1/bin/../lib/gcc/arm-none-eabi/5.4.1/armv6-m/crtbegin.o

.stab
 *(.stab)

.stabstr
 *(.stabstr)

.debug
 *(.debug)

.line
 *(.line)

.debug_srcinfo
 *(.debug_srcinfo)

.debug_sfnames
 *(.debug_sfnames)

.debug_aranges  0x00000000     0x1450
 *(.debug_aranges)
 .debug_aranges
                0x00000000       0x88 .\CortexM0\ARM_GCC_541\Debug\main.o
 .debug_aranges
                0x00000088       0x38 .\CortexM0\ARM_GCC_541\Debug\debug.o
 .debug_aranges
                0x000000c0       0x38 .\CortexM0\ARM_GCC_541\Debug\motorController.o
 .debug_aranges
                0x000000f8       0x28 .\CortexM0\ARM_GCC_541\Debug\aios.o
 .debug_aranges
                0x00000120       0x38 .\CortexM0\ARM_GCC_541\Debug\ballServeController.o
 .debug_aranges
                0x00000158       0x70 .\CortexM0\ARM_GCC_541\Debug\aios_core.o
 .debug_aranges
                0x000001c8       0x48 .\CortexM0\ARM_GCC_541\Debug\cyfitter_cfg.o
 .debug_aranges
                0x00000210       0x18 .\CortexM0\ARM_GCC_541\Debug\cymetadata.o
 .debug_aranges
                0x00000228       0x48 .\CortexM0\ARM_GCC_541\Debug\Cm0Start.o
 .debug_aranges
                0x00000270      0x1d0 .\CortexM0\ARM_GCC_541\Debug\CyberPong.a(CyLib.o)
 .debug_aranges
                0x00000440      0x188 .\CortexM0\ARM_GCC_541\Debug\CyberPong.a(CyLFClk.o)
 .debug_aranges
                0x000005c8      0x158 .\CortexM0\ARM_GCC_541\Debug\CyberPong.a(PWM.o)
 .debug_aranges
                0x00000720       0x58 .\CortexM0\ARM_GCC_541\Debug\CyberPong.a(UART.o)
 .debug_aranges
                0x00000778       0x60 .\CortexM0\ARM_GCC_541\Debug\CyberPong.a(UART_SPI_UART.o)
 .debug_aranges
                0x000007d8       0x90 .\CortexM0\ARM_GCC_541\Debug\CyberPong.a(UART_UART.o)
 .debug_aranges
                0x00000868       0x48 .\CortexM0\ARM_GCC_541\Debug\CyberPong.a(Pin_Output_LEFT.o)
 .debug_aranges
                0x000008b0       0x48 .\CortexM0\ARM_GCC_541\Debug\CyberPong.a(Pin_Output_DOWN.o)
 .debug_aranges
                0x000008f8       0x48 .\CortexM0\ARM_GCC_541\Debug\CyberPong.a(Pin_Output_RIGHT.o)
 .debug_aranges
                0x00000940       0x48 .\CortexM0\ARM_GCC_541\Debug\CyberPong.a(Pin_Output_UP.o)
 .debug_aranges
                0x00000988       0x48 .\CortexM0\ARM_GCC_541\Debug\CyberPong.a(Pin_Input_BallTrigger.o)
 .debug_aranges
                0x000009d0       0x80 .\CortexM0\ARM_GCC_541\Debug\CyberPong.a(ISR_Ball_Trigger.o)
 .debug_aranges
                0x00000a50       0x48 .\CortexM0\ARM_GCC_541\Debug\CyberPong.a(Pin_Output_DOWN_GROUND.o)
 .debug_aranges
                0x00000a98       0x48 .\CortexM0\ARM_GCC_541\Debug\CyberPong.a(Pin_Output_UP_GROUND.o)
 .debug_aranges
                0x00000ae0       0x28 .\CortexM0\ARM_GCC_541\Debug\CyberPong.a(Control_Rotation.o)
 .debug_aranges
                0x00000b08       0x48 .\CortexM0\ARM_GCC_541\Debug\CyberPong.a(Pin_Output_LEFT_GROUND.o)
 .debug_aranges
                0x00000b50       0x48 .\CortexM0\ARM_GCC_541\Debug\CyberPong.a(Pin_Output_RIGHT_GROUND.o)
 .debug_aranges
                0x00000b98       0x88 .\CortexM0\ARM_GCC_541\Debug\CyberPong.a(Bluetooth.o)
 .debug_aranges
                0x00000c20       0x28 .\CortexM0\ARM_GCC_541\Debug\CyberPong.a(Bluetooth_gatt.o)
 .debug_aranges
                0x00000c48       0x40 .\CortexM0\ARM_GCC_541\Debug\CyberPong.a(Bluetooth_eventHandler.o)
 .debug_aranges
                0x00000c88       0x48 .\CortexM0\ARM_GCC_541\Debug\CyberPong.a(Pin_Output_Serve.o)
 .debug_aranges
                0x00000cd0       0xa8 .\CortexM0\ARM_GCC_541\Debug\CyberPong.a(ADC.o)
 .debug_aranges
                0x00000d78       0x20 .\CortexM0\ARM_GCC_541\Debug\CyberPong.a(ADC_INT.o)
 .debug_aranges
                0x00000d98       0x48 .\CortexM0\ARM_GCC_541\Debug\CyberPong.a(ENA_P_16.o)
 .debug_aranges
                0x00000de0       0x48 .\CortexM0\ARM_GCC_541\Debug\CyberPong.a(IN1_P_01.o)
 .debug_aranges
                0x00000e28       0x48 .\CortexM0\ARM_GCC_541\Debug\CyberPong.a(IN2_P_00.o)
 .debug_aranges
                0x00000e70       0x48 .\CortexM0\ARM_GCC_541\Debug\CyberPong.a(pin_motor.o)
 .debug_aranges
                0x00000eb8      0x158 .\CortexM0\ARM_GCC_541\Debug\CyberPong.a(PWM_Down.o)
 .debug_aranges
                0x00001010       0xa0 .\CortexM0\ARM_GCC_541\Debug\CyberPong.a(StripLights.o)
 .debug_aranges
                0x000010b0       0x30 .\CortexM0\ARM_GCC_541\Debug\CyberPong.a(StripLights_fonts.o)
 .debug_aranges
                0x000010e0       0x80 .\CortexM0\ARM_GCC_541\Debug\CyberPong.a(StripLights_cisr.o)
 .debug_aranges
                0x00001160       0x80 .\CortexM0\ARM_GCC_541\Debug\CyberPong.a(StripLights_fisr.o)
 .debug_aranges
                0x000011e0       0x20 .\CortexM0\ARM_GCC_541\Debug\CyberPong.a(CyBootAsmGnu.o)
 .debug_aranges
                0x00001200       0x58 .\CortexM0\ARM_GCC_541\Debug\CyberPong.a(cyPm.o)
 .debug_aranges
                0x00001258      0x118 .\CortexM0\ARM_GCC_541\Debug\CyberPong.a(Bluetooth_HAL_PVT.o)
 .debug_aranges
                0x00001370       0x80 .\CortexM0\ARM_GCC_541\Debug\CyberPong.a(Bluetooth_bless_isr.o)
 .debug_aranges
                0x000013f0       0x40 .\CortexM0\ARM_GCC_541\Debug\CyberPong.a(CyFlash.o)
 .debug_aranges
                0x00001430       0x20 .\CortexM0\ARM_GCC_541\Debug\CyberPong.a(Bluetooth_HAL_INT.o)

.debug_pubnames
 *(.debug_pubnames)

.debug_info     0x00000000    0x10cdc
 *(.debug_info .gnu.linkonce.wi.*)
 .debug_info    0x00000000      0xff3 .\CortexM0\ARM_GCC_541\Debug\main.o
 .debug_info    0x00000ff3      0x6bd .\CortexM0\ARM_GCC_541\Debug\debug.o
 .debug_info    0x000016b0      0x587 .\CortexM0\ARM_GCC_541\Debug\motorController.o
 .debug_info    0x00001c37      0xfe5 .\CortexM0\ARM_GCC_541\Debug\aios.o
 .debug_info    0x00002c1c      0x40a .\CortexM0\ARM_GCC_541\Debug\ballServeController.o
 .debug_info    0x00003026     0x1a26 .\CortexM0\ARM_GCC_541\Debug\aios_core.o
 .debug_info    0x00004a4c      0x49a .\CortexM0\ARM_GCC_541\Debug\cyfitter_cfg.o
 .debug_info    0x00004ee6       0xf8 .\CortexM0\ARM_GCC_541\Debug\cymetadata.o
 .debug_info    0x00004fde      0x3a2 .\CortexM0\ARM_GCC_541\Debug\Cm0Start.o
 .debug_info    0x00005380      0xd2c .\CortexM0\ARM_GCC_541\Debug\CyberPong.a(CyLib.o)
 .debug_info    0x000060ac     0x1071 .\CortexM0\ARM_GCC_541\Debug\CyberPong.a(CyLFClk.o)
 .debug_info    0x0000711d      0x90b .\CortexM0\ARM_GCC_541\Debug\CyberPong.a(PWM.o)
 .debug_info    0x00007a28      0x23a .\CortexM0\ARM_GCC_541\Debug\CyberPong.a(UART.o)
 .debug_info    0x00007c62      0x220 .\CortexM0\ARM_GCC_541\Debug\CyberPong.a(UART_SPI_UART.o)
 .debug_info    0x00007e82      0x3b5 .\CortexM0\ARM_GCC_541\Debug\CyberPong.a(UART_UART.o)
 .debug_info    0x00008237      0x19b .\CortexM0\ARM_GCC_541\Debug\CyberPong.a(Pin_Output_LEFT.o)
 .debug_info    0x000083d2      0x19d .\CortexM0\ARM_GCC_541\Debug\CyberPong.a(Pin_Output_DOWN.o)
 .debug_info    0x0000856f      0x19d .\CortexM0\ARM_GCC_541\Debug\CyberPong.a(Pin_Output_RIGHT.o)
 .debug_info    0x0000870c      0x19d .\CortexM0\ARM_GCC_541\Debug\CyberPong.a(Pin_Output_UP.o)
 .debug_info    0x000088a9      0x19d .\CortexM0\ARM_GCC_541\Debug\CyberPong.a(Pin_Input_BallTrigger.o)
 .debug_info    0x00008a46      0x305 .\CortexM0\ARM_GCC_541\Debug\CyberPong.a(ISR_Ball_Trigger.o)
 .debug_info    0x00008d4b      0x19d .\CortexM0\ARM_GCC_541\Debug\CyberPong.a(Pin_Output_DOWN_GROUND.o)
 .debug_info    0x00008ee8      0x19d .\CortexM0\ARM_GCC_541\Debug\CyberPong.a(Pin_Output_UP_GROUND.o)
 .debug_info    0x00009085       0xd6 .\CortexM0\ARM_GCC_541\Debug\CyberPong.a(Control_Rotation.o)
 .debug_info    0x0000915b      0x19b .\CortexM0\ARM_GCC_541\Debug\CyberPong.a(Pin_Output_LEFT_GROUND.o)
 .debug_info    0x000092f6      0x19d .\CortexM0\ARM_GCC_541\Debug\CyberPong.a(Pin_Output_RIGHT_GROUND.o)
 .debug_info    0x00009493     0x1138 .\CortexM0\ARM_GCC_541\Debug\CyberPong.a(Bluetooth.o)
 .debug_info    0x0000a5cb     0x11d9 .\CortexM0\ARM_GCC_541\Debug\CyberPong.a(Bluetooth_gatt.o)
 .debug_info    0x0000b7a4     0x11d3 .\CortexM0\ARM_GCC_541\Debug\CyberPong.a(Bluetooth_eventHandler.o)
 .debug_info    0x0000c977      0x19d .\CortexM0\ARM_GCC_541\Debug\CyberPong.a(Pin_Output_Serve.o)
 .debug_info    0x0000cb14      0x579 .\CortexM0\ARM_GCC_541\Debug\CyberPong.a(ADC.o)
 .debug_info    0x0000d08d       0xcb .\CortexM0\ARM_GCC_541\Debug\CyberPong.a(ADC_INT.o)
 .debug_info    0x0000d158      0x19d .\CortexM0\ARM_GCC_541\Debug\CyberPong.a(ENA_P_16.o)
 .debug_info    0x0000d2f5      0x19d .\CortexM0\ARM_GCC_541\Debug\CyberPong.a(IN1_P_01.o)
 .debug_info    0x0000d492      0x19b .\CortexM0\ARM_GCC_541\Debug\CyberPong.a(IN2_P_00.o)
 .debug_info    0x0000d62d      0x19d .\CortexM0\ARM_GCC_541\Debug\CyberPong.a(pin_motor.o)
 .debug_info    0x0000d7ca      0x90b .\CortexM0\ARM_GCC_541\Debug\CyberPong.a(PWM_Down.o)
 .debug_info    0x0000e0d5      0xca9 .\CortexM0\ARM_GCC_541\Debug\CyberPong.a(StripLights.o)
 .debug_info    0x0000ed7e      0x5ba .\CortexM0\ARM_GCC_541\Debug\CyberPong.a(StripLights_fonts.o)
 .debug_info    0x0000f338      0x305 .\CortexM0\ARM_GCC_541\Debug\CyberPong.a(StripLights_cisr.o)
 .debug_info    0x0000f63d      0x305 .\CortexM0\ARM_GCC_541\Debug\CyberPong.a(StripLights_fisr.o)
 .debug_info    0x0000f942       0x86 .\CortexM0\ARM_GCC_541\Debug\CyberPong.a(CyBootAsmGnu.o)
 .debug_info    0x0000f9c8      0x2e8 .\CortexM0\ARM_GCC_541\Debug\CyberPong.a(cyPm.o)
 .debug_info    0x0000fcb0      0x91c .\CortexM0\ARM_GCC_541\Debug\CyberPong.a(Bluetooth_HAL_PVT.o)
 .debug_info    0x000105cc      0x305 .\CortexM0\ARM_GCC_541\Debug\CyberPong.a(Bluetooth_bless_isr.o)
 .debug_info    0x000108d1      0x352 .\CortexM0\ARM_GCC_541\Debug\CyberPong.a(CyFlash.o)
 .debug_info    0x00010c23       0xb9 .\CortexM0\ARM_GCC_541\Debug\CyberPong.a(Bluetooth_HAL_INT.o)

.debug_abbrev   0x00000000     0x3bae
 *(.debug_abbrev)
 .debug_abbrev  0x00000000      0x206 .\CortexM0\ARM_GCC_541\Debug\main.o
 .debug_abbrev  0x00000206      0x1b4 .\CortexM0\ARM_GCC_541\Debug\debug.o
 .debug_abbrev  0x000003ba      0x1a2 .\CortexM0\ARM_GCC_541\Debug\motorController.o
 .debug_abbrev  0x0000055c      0x1ad .\CortexM0\ARM_GCC_541\Debug\aios.o
 .debug_abbrev  0x00000709       0xea .\CortexM0\ARM_GCC_541\Debug\ballServeController.o
 .debug_abbrev  0x000007f3      0x297 .\CortexM0\ARM_GCC_541\Debug\aios_core.o
 .debug_abbrev  0x00000a8a      0x1d8 .\CortexM0\ARM_GCC_541\Debug\cyfitter_cfg.o
 .debug_abbrev  0x00000c62       0x5d .\CortexM0\ARM_GCC_541\Debug\cymetadata.o
 .debug_abbrev  0x00000cbf      0x1d7 .\CortexM0\ARM_GCC_541\Debug\Cm0Start.o
 .debug_abbrev  0x00000e96      0x1d3 .\CortexM0\ARM_GCC_541\Debug\CyberPong.a(CyLib.o)
 .debug_abbrev  0x00001069      0x248 .\CortexM0\ARM_GCC_541\Debug\CyberPong.a(CyLFClk.o)
 .debug_abbrev  0x000012b1      0x119 .\CortexM0\ARM_GCC_541\Debug\CyberPong.a(PWM.o)
 .debug_abbrev  0x000013ca       0xd5 .\CortexM0\ARM_GCC_541\Debug\CyberPong.a(UART.o)
 .debug_abbrev  0x0000149f      0x14f .\CortexM0\ARM_GCC_541\Debug\CyberPong.a(UART_SPI_UART.o)
 .debug_abbrev  0x000015ee      0x132 .\CortexM0\ARM_GCC_541\Debug\CyberPong.a(UART_UART.o)
 .debug_abbrev  0x00001720       0xc8 .\CortexM0\ARM_GCC_541\Debug\CyberPong.a(Pin_Output_LEFT.o)
 .debug_abbrev  0x000017e8       0xc8 .\CortexM0\ARM_GCC_541\Debug\CyberPong.a(Pin_Output_DOWN.o)
 .debug_abbrev  0x000018b0       0xc8 .\CortexM0\ARM_GCC_541\Debug\CyberPong.a(Pin_Output_RIGHT.o)
 .debug_abbrev  0x00001978       0xc8 .\CortexM0\ARM_GCC_541\Debug\CyberPong.a(Pin_Output_UP.o)
 .debug_abbrev  0x00001a40       0xc8 .\CortexM0\ARM_GCC_541\Debug\CyberPong.a(Pin_Input_BallTrigger.o)
 .debug_abbrev  0x00001b08      0x19a .\CortexM0\ARM_GCC_541\Debug\CyberPong.a(ISR_Ball_Trigger.o)
 .debug_abbrev  0x00001ca2       0xc8 .\CortexM0\ARM_GCC_541\Debug\CyberPong.a(Pin_Output_DOWN_GROUND.o)
 .debug_abbrev  0x00001d6a       0xc8 .\CortexM0\ARM_GCC_541\Debug\CyberPong.a(Pin_Output_UP_GROUND.o)
 .debug_abbrev  0x00001e32       0x81 .\CortexM0\ARM_GCC_541\Debug\CyberPong.a(Control_Rotation.o)
 .debug_abbrev  0x00001eb3       0xc8 .\CortexM0\ARM_GCC_541\Debug\CyberPong.a(Pin_Output_LEFT_GROUND.o)
 .debug_abbrev  0x00001f7b       0xc8 .\CortexM0\ARM_GCC_541\Debug\CyberPong.a(Pin_Output_RIGHT_GROUND.o)
 .debug_abbrev  0x00002043      0x2cc .\CortexM0\ARM_GCC_541\Debug\CyberPong.a(Bluetooth.o)
 .debug_abbrev  0x0000230f      0x20a .\CortexM0\ARM_GCC_541\Debug\CyberPong.a(Bluetooth_gatt.o)
 .debug_abbrev  0x00002519      0x2b1 .\CortexM0\ARM_GCC_541\Debug\CyberPong.a(Bluetooth_eventHandler.o)
 .debug_abbrev  0x000027ca       0xc8 .\CortexM0\ARM_GCC_541\Debug\CyberPong.a(Pin_Output_Serve.o)
 .debug_abbrev  0x00002892      0x184 .\CortexM0\ARM_GCC_541\Debug\CyberPong.a(ADC.o)
 .debug_abbrev  0x00002a16       0x65 .\CortexM0\ARM_GCC_541\Debug\CyberPong.a(ADC_INT.o)
 .debug_abbrev  0x00002a7b       0xc8 .\CortexM0\ARM_GCC_541\Debug\CyberPong.a(ENA_P_16.o)
 .debug_abbrev  0x00002b43       0xc8 .\CortexM0\ARM_GCC_541\Debug\CyberPong.a(IN1_P_01.o)
 .debug_abbrev  0x00002c0b       0xc8 .\CortexM0\ARM_GCC_541\Debug\CyberPong.a(IN2_P_00.o)
 .debug_abbrev  0x00002cd3       0xc8 .\CortexM0\ARM_GCC_541\Debug\CyberPong.a(pin_motor.o)
 .debug_abbrev  0x00002d9b      0x119 .\CortexM0\ARM_GCC_541\Debug\CyberPong.a(PWM_Down.o)
 .debug_abbrev  0x00002eb4      0x203 .\CortexM0\ARM_GCC_541\Debug\CyberPong.a(StripLights.o)
 .debug_abbrev  0x000030b7      0x13a .\CortexM0\ARM_GCC_541\Debug\CyberPong.a(StripLights_fonts.o)
 .debug_abbrev  0x000031f1      0x19a .\CortexM0\ARM_GCC_541\Debug\CyberPong.a(StripLights_cisr.o)
 .debug_abbrev  0x0000338b      0x19a .\CortexM0\ARM_GCC_541\Debug\CyberPong.a(StripLights_fisr.o)
 .debug_abbrev  0x00003525       0x14 .\CortexM0\ARM_GCC_541\Debug\CyberPong.a(CyBootAsmGnu.o)
 .debug_abbrev  0x00003539      0x128 .\CortexM0\ARM_GCC_541\Debug\CyberPong.a(cyPm.o)
 .debug_abbrev  0x00003661      0x1d1 .\CortexM0\ARM_GCC_541\Debug\CyberPong.a(Bluetooth_HAL_PVT.o)
 .debug_abbrev  0x00003832      0x19a .\CortexM0\ARM_GCC_541\Debug\CyberPong.a(Bluetooth_bless_isr.o)
 .debug_abbrev  0x000039cc      0x182 .\CortexM0\ARM_GCC_541\Debug\CyberPong.a(CyFlash.o)
 .debug_abbrev  0x00003b4e       0x60 .\CortexM0\ARM_GCC_541\Debug\CyberPong.a(Bluetooth_HAL_INT.o)

.debug_line     0x00000000     0x4ea5
 *(.debug_line)
 .debug_line    0x00000000      0x444 .\CortexM0\ARM_GCC_541\Debug\main.o
 .debug_line    0x00000444      0x1c4 .\CortexM0\ARM_GCC_541\Debug\debug.o
 .debug_line    0x00000608      0x163 .\CortexM0\ARM_GCC_541\Debug\motorController.o
 .debug_line    0x0000076b      0x187 .\CortexM0\ARM_GCC_541\Debug\aios.o
 .debug_line    0x000008f2      0x119 .\CortexM0\ARM_GCC_541\Debug\ballServeController.o
 .debug_line    0x00000a0b      0x42b .\CortexM0\ARM_GCC_541\Debug\aios_core.o
 .debug_line    0x00000e36      0x1a4 .\CortexM0\ARM_GCC_541\Debug\cyfitter_cfg.o
 .debug_line    0x00000fda      0x109 .\CortexM0\ARM_GCC_541\Debug\cymetadata.o
 .debug_line    0x000010e3      0x1fe .\CortexM0\ARM_GCC_541\Debug\Cm0Start.o
 .debug_line    0x000012e1      0x553 .\CortexM0\ARM_GCC_541\Debug\CyberPong.a(CyLib.o)
 .debug_line    0x00001834      0x5db .\CortexM0\ARM_GCC_541\Debug\CyberPong.a(CyLFClk.o)
 .debug_line    0x00001e0f      0x37c .\CortexM0\ARM_GCC_541\Debug\CyberPong.a(PWM.o)
 .debug_line    0x0000218b      0x108 .\CortexM0\ARM_GCC_541\Debug\CyberPong.a(UART.o)
 .debug_line    0x00002293      0x11a .\CortexM0\ARM_GCC_541\Debug\CyberPong.a(UART_SPI_UART.o)
 .debug_line    0x000023ad      0x1cf .\CortexM0\ARM_GCC_541\Debug\CyberPong.a(UART_UART.o)
 .debug_line    0x0000257c       0xc6 .\CortexM0\ARM_GCC_541\Debug\CyberPong.a(Pin_Output_LEFT.o)
 .debug_line    0x00002642       0xc7 .\CortexM0\ARM_GCC_541\Debug\CyberPong.a(Pin_Output_DOWN.o)
 .debug_line    0x00002709       0xc8 .\CortexM0\ARM_GCC_541\Debug\CyberPong.a(Pin_Output_RIGHT.o)
 .debug_line    0x000027d1       0xc5 .\CortexM0\ARM_GCC_541\Debug\CyberPong.a(Pin_Output_UP.o)
 .debug_line    0x00002896       0xcd .\CortexM0\ARM_GCC_541\Debug\CyberPong.a(Pin_Input_BallTrigger.o)
 .debug_line    0x00002963      0x15c .\CortexM0\ARM_GCC_541\Debug\CyberPong.a(ISR_Ball_Trigger.o)
 .debug_line    0x00002abf       0xce .\CortexM0\ARM_GCC_541\Debug\CyberPong.a(Pin_Output_DOWN_GROUND.o)
 .debug_line    0x00002b8d       0xcc .\CortexM0\ARM_GCC_541\Debug\CyberPong.a(Pin_Output_UP_GROUND.o)
 .debug_line    0x00002c59       0x79 .\CortexM0\ARM_GCC_541\Debug\CyberPong.a(Control_Rotation.o)
 .debug_line    0x00002cd2       0xcd .\CortexM0\ARM_GCC_541\Debug\CyberPong.a(Pin_Output_LEFT_GROUND.o)
 .debug_line    0x00002d9f       0xcf .\CortexM0\ARM_GCC_541\Debug\CyberPong.a(Pin_Output_RIGHT_GROUND.o)
 .debug_line    0x00002e6e      0x37a .\CortexM0\ARM_GCC_541\Debug\CyberPong.a(Bluetooth.o)
 .debug_line    0x000031e8      0x141 .\CortexM0\ARM_GCC_541\Debug\CyberPong.a(Bluetooth_gatt.o)
 .debug_line    0x00003329      0x22c .\CortexM0\ARM_GCC_541\Debug\CyberPong.a(Bluetooth_eventHandler.o)
 .debug_line    0x00003555       0xc8 .\CortexM0\ARM_GCC_541\Debug\CyberPong.a(Pin_Output_Serve.o)
 .debug_line    0x0000361d      0x270 .\CortexM0\ARM_GCC_541\Debug\CyberPong.a(ADC.o)
 .debug_line    0x0000388d       0x62 .\CortexM0\ARM_GCC_541\Debug\CyberPong.a(ADC_INT.o)
 .debug_line    0x000038ef       0xc0 .\CortexM0\ARM_GCC_541\Debug\CyberPong.a(ENA_P_16.o)
 .debug_line    0x000039af       0xc0 .\CortexM0\ARM_GCC_541\Debug\CyberPong.a(IN1_P_01.o)
 .debug_line    0x00003a6f       0xbf .\CortexM0\ARM_GCC_541\Debug\CyberPong.a(IN2_P_00.o)
 .debug_line    0x00003b2e       0xc1 .\CortexM0\ARM_GCC_541\Debug\CyberPong.a(pin_motor.o)
 .debug_line    0x00003bef      0x381 .\CortexM0\ARM_GCC_541\Debug\CyberPong.a(PWM_Down.o)
 .debug_line    0x00003f70      0x301 .\CortexM0\ARM_GCC_541\Debug\CyberPong.a(StripLights.o)
 .debug_line    0x00004271      0x11e .\CortexM0\ARM_GCC_541\Debug\CyberPong.a(StripLights_fonts.o)
 .debug_line    0x0000438f      0x15c .\CortexM0\ARM_GCC_541\Debug\CyberPong.a(StripLights_cisr.o)
 .debug_line    0x000044eb      0x15c .\CortexM0\ARM_GCC_541\Debug\CyberPong.a(StripLights_fisr.o)
 .debug_line    0x00004647       0x68 .\CortexM0\ARM_GCC_541\Debug\CyberPong.a(CyBootAsmGnu.o)
 .debug_line    0x000046af      0x14a .\CortexM0\ARM_GCC_541\Debug\CyberPong.a(cyPm.o)
 .debug_line    0x000047f9      0x365 .\CortexM0\ARM_GCC_541\Debug\CyberPong.a(Bluetooth_HAL_PVT.o)
 .debug_line    0x00004b5e      0x15f .\CortexM0\ARM_GCC_541\Debug\CyberPong.a(Bluetooth_bless_isr.o)
 .debug_line    0x00004cbd      0x173 .\CortexM0\ARM_GCC_541\Debug\CyberPong.a(CyFlash.o)
 .debug_line    0x00004e30       0x75 .\CortexM0\ARM_GCC_541\Debug\CyberPong.a(Bluetooth_HAL_INT.o)

.debug_frame    0x00000000    0x1cd20
 *(.debug_frame)
 .debug_frame   0x00000000      0x1c0 .\CortexM0\ARM_GCC_541\Debug\main.o
 .debug_frame   0x000001c0       0x8c .\CortexM0\ARM_GCC_541\Debug\debug.o
 .debug_frame   0x0000024c       0x88 .\CortexM0\ARM_GCC_541\Debug\motorController.o
 .debug_frame   0x000002d4       0x4c .\CortexM0\ARM_GCC_541\Debug\aios.o
 .debug_frame   0x00000320       0x80 .\CortexM0\ARM_GCC_541\Debug\ballServeController.o
 .debug_frame   0x000003a0      0x188 .\CortexM0\ARM_GCC_541\Debug\aios_core.o
 .debug_frame   0x00000528       0xb8 .\CortexM0\ARM_GCC_541\Debug\cyfitter_cfg.o
 .debug_frame   0x000005e0       0xbc .\CortexM0\ARM_GCC_541\Debug\Cm0Start.o
 .debug_frame   0x0000069c      0x4a4 .\CortexM0\ARM_GCC_541\Debug\CyberPong.a(CyLib.o)
 .debug_frame   0x00000b40      0x4a8 .\CortexM0\ARM_GCC_541\Debug\CyberPong.a(CyLFClk.o)
 .debug_frame   0x00000fe8      0x3a0 .\CortexM0\ARM_GCC_541\Debug\CyberPong.a(PWM.o)
 .debug_frame   0x00001388       0xd8 .\CortexM0\ARM_GCC_541\Debug\CyberPong.a(UART.o)
 .debug_frame   0x00001460       0xb0 .\CortexM0\ARM_GCC_541\Debug\CyberPong.a(UART_SPI_UART.o)
 .debug_frame   0x00001510      0x144 .\CortexM0\ARM_GCC_541\Debug\CyberPong.a(UART_UART.o)
 .debug_frame   0x00001654       0x70 .\CortexM0\ARM_GCC_541\Debug\CyberPong.a(Pin_Output_LEFT.o)
 .debug_frame   0x000016c4       0x70 .\CortexM0\ARM_GCC_541\Debug\CyberPong.a(Pin_Output_DOWN.o)
 .debug_frame   0x00001734       0x70 .\CortexM0\ARM_GCC_541\Debug\CyberPong.a(Pin_Output_RIGHT.o)
 .debug_frame   0x000017a4       0x70 .\CortexM0\ARM_GCC_541\Debug\CyberPong.a(Pin_Output_UP.o)
 .debug_frame   0x00001814       0x70 .\CortexM0\ARM_GCC_541\Debug\CyberPong.a(Pin_Input_BallTrigger.o)
 .debug_frame   0x00001884      0x110 .\CortexM0\ARM_GCC_541\Debug\CyberPong.a(ISR_Ball_Trigger.o)
 .debug_frame   0x00001994       0x70 .\CortexM0\ARM_GCC_541\Debug\CyberPong.a(Pin_Output_DOWN_GROUND.o)
 .debug_frame   0x00001a04       0x70 .\CortexM0\ARM_GCC_541\Debug\CyberPong.a(Pin_Output_UP_GROUND.o)
 .debug_frame   0x00001a74       0x30 .\CortexM0\ARM_GCC_541\Debug\CyberPong.a(Control_Rotation.o)
 .debug_frame   0x00001aa4       0x70 .\CortexM0\ARM_GCC_541\Debug\CyberPong.a(Pin_Output_LEFT_GROUND.o)
 .debug_frame   0x00001b14       0x70 .\CortexM0\ARM_GCC_541\Debug\CyberPong.a(Pin_Output_RIGHT_GROUND.o)
 .debug_frame   0x00001b84      0x180 .\CortexM0\ARM_GCC_541\Debug\CyberPong.a(Bluetooth.o)
 .debug_frame   0x00001d04       0x4c .\CortexM0\ARM_GCC_541\Debug\CyberPong.a(Bluetooth_gatt.o)
 .debug_frame   0x00001d50       0x90 .\CortexM0\ARM_GCC_541\Debug\CyberPong.a(Bluetooth_eventHandler.o)
 .debug_frame   0x00001de0       0x70 .\CortexM0\ARM_GCC_541\Debug\CyberPong.a(Pin_Output_Serve.o)
 .debug_frame   0x00001e50      0x1b0 .\CortexM0\ARM_GCC_541\Debug\CyberPong.a(ADC.o)
 .debug_frame   0x00002000       0x20 .\CortexM0\ARM_GCC_541\Debug\CyberPong.a(ADC_INT.o)
 .debug_frame   0x00002020       0x70 .\CortexM0\ARM_GCC_541\Debug\CyberPong.a(ENA_P_16.o)
 .debug_frame   0x00002090       0x70 .\CortexM0\ARM_GCC_541\Debug\CyberPong.a(IN1_P_01.o)
 .debug_frame   0x00002100       0x70 .\CortexM0\ARM_GCC_541\Debug\CyberPong.a(IN2_P_00.o)
 .debug_frame   0x00002170       0x70 .\CortexM0\ARM_GCC_541\Debug\CyberPong.a(pin_motor.o)
 .debug_frame   0x000021e0      0x3a0 .\CortexM0\ARM_GCC_541\Debug\CyberPong.a(PWM_Down.o)
 .debug_frame   0x00002580      0x1d0 .\CortexM0\ARM_GCC_541\Debug\CyberPong.a(StripLights.o)
 .debug_frame   0x00002750       0x84 .\CortexM0\ARM_GCC_541\Debug\CyberPong.a(StripLights_fonts.o)
 .debug_frame   0x000027d4      0x110 .\CortexM0\ARM_GCC_541\Debug\CyberPong.a(StripLights_cisr.o)
 .debug_frame   0x000028e4      0x110 .\CortexM0\ARM_GCC_541\Debug\CyberPong.a(StripLights_fisr.o)
 .debug_frame   0x000029f4       0x50 B:\PSoC Creator\4.4\PSoC Creator\psoc\content\CyComponentLibrary\CyComponentLibrary.cylib\BLE_v3_66\Library\gccCyBLEStack_BLE_SOC_PERIPHERAL.a(CyBle.o)
 .debug_frame   0x00002a44       0x3c B:\PSoC Creator\4.4\PSoC Creator\psoc\content\CyComponentLibrary\CyComponentLibrary.cylib\BLE_v3_66\Library\gccCyBLEStack_BLE_SOC_PERIPHERAL.a(CyBle.o)
 .debug_frame   0x00002a80       0x48 B:\PSoC Creator\4.4\PSoC Creator\psoc\content\CyComponentLibrary\CyComponentLibrary.cylib\BLE_v3_66\Library\gccCyBLEStack_BLE_SOC_PERIPHERAL.a(CyBle.o)
 .debug_frame   0x00002ac8       0x4c B:\PSoC Creator\4.4\PSoC Creator\psoc\content\CyComponentLibrary\CyComponentLibrary.cylib\BLE_v3_66\Library\gccCyBLEStack_BLE_SOC_PERIPHERAL.a(CyBle.o)
 .debug_frame   0x00002b14       0x44 B:\PSoC Creator\4.4\PSoC Creator\psoc\content\CyComponentLibrary\CyComponentLibrary.cylib\BLE_v3_66\Library\gccCyBLEStack_BLE_SOC_PERIPHERAL.a(CyBle.o)
 .debug_frame   0x00002b58       0x54 B:\PSoC Creator\4.4\PSoC Creator\psoc\content\CyComponentLibrary\CyComponentLibrary.cylib\BLE_v3_66\Library\gccCyBLEStack_BLE_SOC_PERIPHERAL.a(CyBle.o)
 .debug_frame   0x00002bac       0x44 B:\PSoC Creator\4.4\PSoC Creator\psoc\content\CyComponentLibrary\CyComponentLibrary.cylib\BLE_v3_66\Library\gccCyBLEStack_BLE_SOC_PERIPHERAL.a(CyBle.o)
 .debug_frame   0x00002bf0       0x44 B:\PSoC Creator\4.4\PSoC Creator\psoc\content\CyComponentLibrary\CyComponentLibrary.cylib\BLE_v3_66\Library\gccCyBLEStack_BLE_SOC_PERIPHERAL.a(CyBle.o)
 .debug_frame   0x00002c34       0x44 B:\PSoC Creator\4.4\PSoC Creator\psoc\content\CyComponentLibrary\CyComponentLibrary.cylib\BLE_v3_66\Library\gccCyBLEStack_BLE_SOC_PERIPHERAL.a(CyBle.o)
 .debug_frame   0x00002c78       0x44 B:\PSoC Creator\4.4\PSoC Creator\psoc\content\CyComponentLibrary\CyComponentLibrary.cylib\BLE_v3_66\Library\gccCyBLEStack_BLE_SOC_PERIPHERAL.a(CyBle.o)
 .debug_frame   0x00002cbc       0x44 B:\PSoC Creator\4.4\PSoC Creator\psoc\content\CyComponentLibrary\CyComponentLibrary.cylib\BLE_v3_66\Library\gccCyBLEStack_BLE_SOC_PERIPHERAL.a(CyBle.o)
 .debug_frame   0x00002d00       0x44 B:\PSoC Creator\4.4\PSoC Creator\psoc\content\CyComponentLibrary\CyComponentLibrary.cylib\BLE_v3_66\Library\gccCyBLEStack_BLE_SOC_PERIPHERAL.a(CyBle.o)
 .debug_frame   0x00002d44       0x3c B:\PSoC Creator\4.4\PSoC Creator\psoc\content\CyComponentLibrary\CyComponentLibrary.cylib\BLE_v3_66\Library\gccCyBLEStack_BLE_SOC_PERIPHERAL.a(CyBle.o)
 .debug_frame   0x00002d80       0x44 B:\PSoC Creator\4.4\PSoC Creator\psoc\content\CyComponentLibrary\CyComponentLibrary.cylib\BLE_v3_66\Library\gccCyBLEStack_BLE_SOC_PERIPHERAL.a(CyBle.o)
 .debug_frame   0x00002dc4       0x44 B:\PSoC Creator\4.4\PSoC Creator\psoc\content\CyComponentLibrary\CyComponentLibrary.cylib\BLE_v3_66\Library\gccCyBLEStack_BLE_SOC_PERIPHERAL.a(CyBle.o)
 .debug_frame   0x00002e08       0x44 B:\PSoC Creator\4.4\PSoC Creator\psoc\content\CyComponentLibrary\CyComponentLibrary.cylib\BLE_v3_66\Library\gccCyBLEStack_BLE_SOC_PERIPHERAL.a(CyBle.o)
 .debug_frame   0x00002e4c       0x44 B:\PSoC Creator\4.4\PSoC Creator\psoc\content\CyComponentLibrary\CyComponentLibrary.cylib\BLE_v3_66\Library\gccCyBLEStack_BLE_SOC_PERIPHERAL.a(CyBle.o)
 .debug_frame   0x00002e90       0x44 B:\PSoC Creator\4.4\PSoC Creator\psoc\content\CyComponentLibrary\CyComponentLibrary.cylib\BLE_v3_66\Library\gccCyBLEStack_BLE_SOC_PERIPHERAL.a(CyBle.o)
 .debug_frame   0x00002ed4       0x44 B:\PSoC Creator\4.4\PSoC Creator\psoc\content\CyComponentLibrary\CyComponentLibrary.cylib\BLE_v3_66\Library\gccCyBLEStack_BLE_SOC_PERIPHERAL.a(CyBle.o)
 .debug_frame   0x00002f18       0x44 B:\PSoC Creator\4.4\PSoC Creator\psoc\content\CyComponentLibrary\CyComponentLibrary.cylib\BLE_v3_66\Library\gccCyBLEStack_BLE_SOC_PERIPHERAL.a(CyBle.o)
 .debug_frame   0x00002f5c       0x44 B:\PSoC Creator\4.4\PSoC Creator\psoc\content\CyComponentLibrary\CyComponentLibrary.cylib\BLE_v3_66\Library\gccCyBLEStack_BLE_SOC_PERIPHERAL.a(CyBle.o)
 .debug_frame   0x00002fa0       0x44 B:\PSoC Creator\4.4\PSoC Creator\psoc\content\CyComponentLibrary\CyComponentLibrary.cylib\BLE_v3_66\Library\gccCyBLEStack_BLE_SOC_PERIPHERAL.a(CyBle.o)
 .debug_frame   0x00002fe4       0x3c B:\PSoC Creator\4.4\PSoC Creator\psoc\content\CyComponentLibrary\CyComponentLibrary.cylib\BLE_v3_66\Library\gccCyBLEStack_BLE_SOC_PERIPHERAL.a(CyBleStackMgrIP_Interface.o)
 .debug_frame   0x00003020       0x44 B:\PSoC Creator\4.4\PSoC Creator\psoc\content\CyComponentLibrary\CyComponentLibrary.cylib\BLE_v3_66\Library\gccCyBLEStack_BLE_SOC_PERIPHERAL.a(CyBleStackMgrIP_Interface.o)
 .debug_frame   0x00003064       0x48 B:\PSoC Creator\4.4\PSoC Creator\psoc\content\CyComponentLibrary\CyComponentLibrary.cylib\BLE_v3_66\Library\gccCyBLEStack_BLE_SOC_PERIPHERAL.a(CyBleStackMgrIP_Interface.o)
 .debug_frame   0x000030ac       0x3c B:\PSoC Creator\4.4\PSoC Creator\psoc\content\CyComponentLibrary\CyComponentLibrary.cylib\BLE_v3_66\Library\gccCyBLEStack_BLE_SOC_PERIPHERAL.a(CyBleStackMgrIP_Interface.o)
 .debug_frame   0x000030e8       0x50 B:\PSoC Creator\4.4\PSoC Creator\psoc\content\CyComponentLibrary\CyComponentLibrary.cylib\BLE_v3_66\Library\gccCyBLEStack_BLE_SOC_PERIPHERAL.a(CyBleStackMgrIP_Interface.o)
 .debug_frame   0x00003138       0x50 B:\PSoC Creator\4.4\PSoC Creator\psoc\content\CyComponentLibrary\CyComponentLibrary.cylib\BLE_v3_66\Library\gccCyBLEStack_BLE_SOC_PERIPHERAL.a(CyBleStackMgrIP_Interface.o)
 .debug_frame   0x00003188       0x44 B:\PSoC Creator\4.4\PSoC Creator\psoc\content\CyComponentLibrary\CyComponentLibrary.cylib\BLE_v3_66\Library\gccCyBLEStack_BLE_SOC_PERIPHERAL.a(CyBleStackMgrIP_Interface.o)
 .debug_frame   0x000031cc       0x44 B:\PSoC Creator\4.4\PSoC Creator\psoc\content\CyComponentLibrary\CyComponentLibrary.cylib\BLE_v3_66\Library\gccCyBLEStack_BLE_SOC_PERIPHERAL.a(CyBleStackMgrIP_Interface.o)
 .debug_frame   0x00003210       0x4c B:\PSoC Creator\4.4\PSoC Creator\psoc\content\CyComponentLibrary\CyComponentLibrary.cylib\BLE_v3_66\Library\gccCyBLEStack_BLE_SOC_PERIPHERAL.a(BT_os.o)
 .debug_frame   0x0000325c       0x48 B:\PSoC Creator\4.4\PSoC Creator\psoc\content\CyComponentLibrary\CyComponentLibrary.cylib\BLE_v3_66\Library\gccCyBLEStack_BLE_SOC_PERIPHERAL.a(BT_os.o)
 .debug_frame   0x000032a4       0x4c B:\PSoC Creator\4.4\PSoC Creator\psoc\content\CyComponentLibrary\CyComponentLibrary.cylib\BLE_v3_66\Library\gccCyBLEStack_BLE_SOC_PERIPHERAL.a(BT_os.o)
 .debug_frame   0x000032f0       0x44 B:\PSoC Creator\4.4\PSoC Creator\psoc\content\CyComponentLibrary\CyComponentLibrary.cylib\BLE_v3_66\Library\gccCyBLEStack_BLE_SOC_PERIPHERAL.a(BT_os.o)
 .debug_frame   0x00003334       0x44 B:\PSoC Creator\4.4\PSoC Creator\psoc\content\CyComponentLibrary\CyComponentLibrary.cylib\BLE_v3_66\Library\gccCyBLEStack_BLE_SOC_PERIPHERAL.a(BT_os.o)
 .debug_frame   0x00003378       0x4c B:\PSoC Creator\4.4\PSoC Creator\psoc\content\CyComponentLibrary\CyComponentLibrary.cylib\BLE_v3_66\Library\gccCyBLEStack_BLE_SOC_PERIPHERAL.a(BT_os.o)
 .debug_frame   0x000033c4       0x44 B:\PSoC Creator\4.4\PSoC Creator\psoc\content\CyComponentLibrary\CyComponentLibrary.cylib\BLE_v3_66\Library\gccCyBLEStack_BLE_SOC_PERIPHERAL.a(BT_os.o)
 .debug_frame   0x00003408       0x44 B:\PSoC Creator\4.4\PSoC Creator\psoc\content\CyComponentLibrary\CyComponentLibrary.cylib\BLE_v3_66\Library\gccCyBLEStack_BLE_SOC_PERIPHERAL.a(BT_timer.o)
 .debug_frame   0x0000344c       0x44 B:\PSoC Creator\4.4\PSoC Creator\psoc\content\CyComponentLibrary\CyComponentLibrary.cylib\BLE_v3_66\Library\gccCyBLEStack_BLE_SOC_PERIPHERAL.a(BT_timer.o)
 .debug_frame   0x00003490       0x44 B:\PSoC Creator\4.4\PSoC Creator\psoc\content\CyComponentLibrary\CyComponentLibrary.cylib\BLE_v3_66\Library\gccCyBLEStack_BLE_SOC_PERIPHERAL.a(BT_timer.o)
 .debug_frame   0x000034d4       0x3c B:\PSoC Creator\4.4\PSoC Creator\psoc\content\CyComponentLibrary\CyComponentLibrary.cylib\BLE_v3_66\Library\gccCyBLEStack_BLE_SOC_PERIPHERAL.a(BT_timer.o)
 .debug_frame   0x00003510       0x4c B:\PSoC Creator\4.4\PSoC Creator\psoc\content\CyComponentLibrary\CyComponentLibrary.cylib\BLE_v3_66\Library\gccCyBLEStack_BLE_SOC_PERIPHERAL.a(BT_timer.o)
 .debug_frame   0x0000355c       0x48 B:\PSoC Creator\4.4\PSoC Creator\psoc\content\CyComponentLibrary\CyComponentLibrary.cylib\BLE_v3_66\Library\gccCyBLEStack_BLE_SOC_PERIPHERAL.a(BT_timer.o)
 .debug_frame   0x000035a4       0x3c B:\PSoC Creator\4.4\PSoC Creator\psoc\content\CyComponentLibrary\CyComponentLibrary.cylib\BLE_v3_66\Library\gccCyBLEStack_BLE_SOC_PERIPHERAL.a(BT_timer.o)
 .debug_frame   0x000035e0       0x48 B:\PSoC Creator\4.4\PSoC Creator\psoc\content\CyComponentLibrary\CyComponentLibrary.cylib\BLE_v3_66\Library\gccCyBLEStack_BLE_SOC_PERIPHERAL.a(BT_timer.o)
 .debug_frame   0x00003628       0x48 B:\PSoC Creator\4.4\PSoC Creator\psoc\content\CyComponentLibrary\CyComponentLibrary.cylib\BLE_v3_66\Library\gccCyBLEStack_BLE_SOC_PERIPHERAL.a(BT_timer.o)
 .debug_frame   0x00003670       0x3c B:\PSoC Creator\4.4\PSoC Creator\psoc\content\CyComponentLibrary\CyComponentLibrary.cylib\BLE_v3_66\Library\gccCyBLEStack_BLE_SOC_PERIPHERAL.a(BT_timer.o)
 .debug_frame   0x000036ac       0x54 B:\PSoC Creator\4.4\PSoC Creator\psoc\content\CyComponentLibrary\CyComponentLibrary.cylib\BLE_v3_66\Library\gccCyBLEStack_BLE_SOC_PERIPHERAL.a(BT_timer.o)
 .debug_frame   0x00003700       0x4c B:\PSoC Creator\4.4\PSoC Creator\psoc\content\CyComponentLibrary\CyComponentLibrary.cylib\BLE_v3_66\Library\gccCyBLEStack_BLE_SOC_PERIPHERAL.a(BT_timer.o)
 .debug_frame   0x0000374c       0x4c B:\PSoC Creator\4.4\PSoC Creator\psoc\content\CyComponentLibrary\CyComponentLibrary.cylib\BLE_v3_66\Library\gccCyBLEStack_BLE_SOC_PERIPHERAL.a(BT_timer.o)
 .debug_frame   0x00003798       0x44 B:\PSoC Creator\4.4\PSoC Creator\psoc\content\CyComponentLibrary\CyComponentLibrary.cylib\BLE_v3_66\Library\gccCyBLEStack_BLE_SOC_PERIPHERAL.a(BT_timer.o)
 .debug_frame   0x000037dc       0x44 B:\PSoC Creator\4.4\PSoC Creator\psoc\content\CyComponentLibrary\CyComponentLibrary.cylib\BLE_v3_66\Library\gccCyBLEStack_BLE_SOC_PERIPHERAL.a(CyBleStackMgr_StackTaskHandler.o)
 .debug_frame   0x00003820       0x48 B:\PSoC Creator\4.4\PSoC Creator\psoc\content\CyComponentLibrary\CyComponentLibrary.cylib\BLE_v3_66\Library\gccCyBLEStack_BLE_SOC_PERIPHERAL.a(CyBleStackMgr_StackTaskHandler.o)
 .debug_frame   0x00003868       0x44 B:\PSoC Creator\4.4\PSoC Creator\psoc\content\CyComponentLibrary\CyComponentLibrary.cylib\BLE_v3_66\Library\gccCyBLEStack_BLE_SOC_PERIPHERAL.a(CyBleStackMgr_StackTaskHandler.o)
 .debug_frame   0x000038ac       0x3c B:\PSoC Creator\4.4\PSoC Creator\psoc\content\CyComponentLibrary\CyComponentLibrary.cylib\BLE_v3_66\Library\gccCyBLEStack_BLE_SOC_PERIPHERAL.a(CyBleStackMgr_StackTaskHandler.o)
 .debug_frame   0x000038e8       0x48 B:\PSoC Creator\4.4\PSoC Creator\psoc\content\CyComponentLibrary\CyComponentLibrary.cylib\BLE_v3_66\Library\gccCyBLEStack_BLE_SOC_PERIPHERAL.a(CyBleStackMgr_StackTaskHandler.o)
 .debug_frame   0x00003930       0x3c B:\PSoC Creator\4.4\PSoC Creator\psoc\content\CyComponentLibrary\CyComponentLibrary.cylib\BLE_v3_66\Library\gccCyBLEStack_BLE_SOC_PERIPHERAL.a(transport_sf.o)
 .debug_frame   0x0000396c       0x48 B:\PSoC Creator\4.4\PSoC Creator\psoc\content\CyComponentLibrary\CyComponentLibrary.cylib\BLE_v3_66\Library\gccCyBLEStack_BLE_SOC_PERIPHERAL.a(transport_sf.o)
 .debug_frame   0x000039b4       0x3c B:\PSoC Creator\4.4\PSoC Creator\psoc\content\CyComponentLibrary\CyComponentLibrary.cylib\BLE_v3_66\Library\gccCyBLEStack_BLE_SOC_PERIPHERAL.a(transport_sf.o)
 .debug_frame   0x000039f0       0x3c B:\PSoC Creator\4.4\PSoC Creator\psoc\content\CyComponentLibrary\CyComponentLibrary.cylib\BLE_v3_66\Library\gccCyBLEStack_BLE_SOC_PERIPHERAL.a(transport_sf.o)
 .debug_frame   0x00003a2c       0x3c B:\PSoC Creator\4.4\PSoC Creator\psoc\content\CyComponentLibrary\CyComponentLibrary.cylib\BLE_v3_66\Library\gccCyBLEStack_BLE_SOC_PERIPHERAL.a(transport_sf.o)
 .debug_frame   0x00003a68       0x3c B:\PSoC Creator\4.4\PSoC Creator\psoc\content\CyComponentLibrary\CyComponentLibrary.cylib\BLE_v3_66\Library\gccCyBLEStack_BLE_SOC_PERIPHERAL.a(transport_sf.o)
 .debug_frame   0x00003aa4       0x48 B:\PSoC Creator\4.4\PSoC Creator\psoc\content\CyComponentLibrary\CyComponentLibrary.cylib\BLE_v3_66\Library\gccCyBLEStack_BLE_SOC_PERIPHERAL.a(transport_sf.o)
 .debug_frame   0x00003aec       0x50 B:\PSoC Creator\4.4\PSoC Creator\psoc\content\CyComponentLibrary\CyComponentLibrary.cylib\BLE_v3_66\Library\gccCyBLEStack_BLE_SOC_PERIPHERAL.a(transport_sf.o)
 .debug_frame   0x00003b3c       0x3c B:\PSoC Creator\4.4\PSoC Creator\psoc\content\CyComponentLibrary\CyComponentLibrary.cylib\BLE_v3_66\Library\gccCyBLEStack_BLE_SOC_PERIPHERAL.a(CyBleStackMgr_PSoCHal.o)
 .debug_frame   0x00003b78       0x48 B:\PSoC Creator\4.4\PSoC Creator\psoc\content\CyComponentLibrary\CyComponentLibrary.cylib\BLE_v3_66\Library\gccCyBLEStack_BLE_SOC_PERIPHERAL.a(CyBleStackMgr_PSoCHal.o)
 .debug_frame   0x00003bc0       0x44 B:\PSoC Creator\4.4\PSoC Creator\psoc\content\CyComponentLibrary\CyComponentLibrary.cylib\BLE_v3_66\Library\gccCyBLEStack_BLE_SOC_PERIPHERAL.a(CyBleStackMgr_PSoCHal.o)
 .debug_frame   0x00003c04       0x3c B:\PSoC Creator\4.4\PSoC Creator\psoc\content\CyComponentLibrary\CyComponentLibrary.cylib\BLE_v3_66\Library\gccCyBLEStack_BLE_SOC_PERIPHERAL.a(CyBleStackMgr_PSoCHal.o)
 .debug_frame   0x00003c40       0x3c B:\PSoC Creator\4.4\PSoC Creator\psoc\content\CyComponentLibrary\CyComponentLibrary.cylib\BLE_v3_66\Library\gccCyBLEStack_BLE_SOC_PERIPHERAL.a(CyBleStackMgr_PSoCHal.o)
 .debug_frame   0x00003c7c       0x44 B:\PSoC Creator\4.4\PSoC Creator\psoc\content\CyComponentLibrary\CyComponentLibrary.cylib\BLE_v3_66\Library\gccCyBLEStack_BLE_SOC_PERIPHERAL.a(CyBleStackMgr_PSoCHal.o)
 .debug_frame   0x00003cc0       0x44 B:\PSoC Creator\4.4\PSoC Creator\psoc\content\CyComponentLibrary\CyComponentLibrary.cylib\BLE_v3_66\Library\gccCyBLEStack_BLE_SOC_PERIPHERAL.a(CyBleStackMgr_PSoCHal.o)
 .debug_frame   0x00003d04       0x44 B:\PSoC Creator\4.4\PSoC Creator\psoc\content\CyComponentLibrary\CyComponentLibrary.cylib\BLE_v3_66\Library\gccCyBLEStack_BLE_SOC_PERIPHERAL.a(CyBleStackMgr_PSoCHal.o)
 .debug_frame   0x00003d48       0x3c B:\PSoC Creator\4.4\PSoC Creator\psoc\content\CyComponentLibrary\CyComponentLibrary.cylib\BLE_v3_66\Library\gccCyBLEStack_BLE_SOC_PERIPHERAL.a(CyBleStackMgr_PSoCHal.o)
 .debug_frame   0x00003d84       0x44 B:\PSoC Creator\4.4\PSoC Creator\psoc\content\CyComponentLibrary\CyComponentLibrary.cylib\BLE_v3_66\Library\gccCyBLEStack_BLE_SOC_PERIPHERAL.a(CyBleStackMgr_PSoCHal.o)
 .debug_frame   0x00003dc8       0x44 B:\PSoC Creator\4.4\PSoC Creator\psoc\content\CyComponentLibrary\CyComponentLibrary.cylib\BLE_v3_66\Library\gccCyBLEStack_BLE_SOC_PERIPHERAL.a(CyBleStackMgr_PSoCHal.o)
 .debug_frame   0x00003e0c       0x3c B:\PSoC Creator\4.4\PSoC Creator\psoc\content\CyComponentLibrary\CyComponentLibrary.cylib\BLE_v3_66\Library\gccCyBLEStack_BLE_SOC_PERIPHERAL.a(CyBleStackMgr_PSoCHal.o)
 .debug_frame   0x00003e48       0x3c B:\PSoC Creator\4.4\PSoC Creator\psoc\content\CyComponentLibrary\CyComponentLibrary.cylib\BLE_v3_66\Library\gccCyBLEStack_BLE_SOC_PERIPHERAL.a(CyBleStackMgr_PSoCHal.o)
 .debug_frame   0x00003e84       0x44 B:\PSoC Creator\4.4\PSoC Creator\psoc\content\CyComponentLibrary\CyComponentLibrary.cylib\BLE_v3_66\Library\gccCyBLEStack_BLE_SOC_PERIPHERAL.a(CyBleStackMgr_PSoCHal.o)
 .debug_frame   0x00003ec8       0x3c B:\PSoC Creator\4.4\PSoC Creator\psoc\content\CyComponentLibrary\CyComponentLibrary.cylib\BLE_v3_66\Library\gccCyBLEStack_BLE_SOC_PERIPHERAL.a(CyBleStackMgr_BleSSDriver.o)
 .debug_frame   0x00003f04       0x4c B:\PSoC Creator\4.4\PSoC Creator\psoc\content\CyComponentLibrary\CyComponentLibrary.cylib\BLE_v3_66\Library\gccCyBLEStack_BLE_SOC_PERIPHERAL.a(CyBleStackMgr_BleSSDriver.o)
 .debug_frame   0x00003f50       0x44 B:\PSoC Creator\4.4\PSoC Creator\psoc\content\CyComponentLibrary\CyComponentLibrary.cylib\BLE_v3_66\Library\gccCyBLEStack_BLE_SOC_PERIPHERAL.a(CyBleStackMgr_BleSSDriver.o)
 .debug_frame   0x00003f94       0x44 B:\PSoC Creator\4.4\PSoC Creator\psoc\content\CyComponentLibrary\CyComponentLibrary.cylib\BLE_v3_66\Library\gccCyBLEStack_BLE_SOC_PERIPHERAL.a(CyBleStackMgr_BleSSDriver.o)
 .debug_frame   0x00003fd8       0x44 B:\PSoC Creator\4.4\PSoC Creator\psoc\content\CyComponentLibrary\CyComponentLibrary.cylib\BLE_v3_66\Library\gccCyBLEStack_BLE_SOC_PERIPHERAL.a(CyBleStackMgr_BleSSDriver.o)
 .debug_frame   0x0000401c       0x3c B:\PSoC Creator\4.4\PSoC Creator\psoc\content\CyComponentLibrary\CyComponentLibrary.cylib\BLE_v3_66\Library\gccCyBLEStack_BLE_SOC_PERIPHERAL.a(CyBleStackMgr_BleSSDriver.o)
 .debug_frame   0x00004058       0x44 B:\PSoC Creator\4.4\PSoC Creator\psoc\content\CyComponentLibrary\CyComponentLibrary.cylib\BLE_v3_66\Library\gccCyBLEStack_BLE_SOC_PERIPHERAL.a(CyBleStackMgr_BleSSDriver.o)
 .debug_frame   0x0000409c       0x44 B:\PSoC Creator\4.4\PSoC Creator\psoc\content\CyComponentLibrary\CyComponentLibrary.cylib\BLE_v3_66\Library\gccCyBLEStack_BLE_SOC_PERIPHERAL.a(CyBleStackMgr_BleSSDriver.o)
 .debug_frame   0x000040e0       0x44 B:\PSoC Creator\4.4\PSoC Creator\psoc\content\CyComponentLibrary\CyComponentLibrary.cylib\BLE_v3_66\Library\gccCyBLEStack_BLE_SOC_PERIPHERAL.a(CyBleStackMgr_BleSSDriver.o)
 .debug_frame   0x00004124       0x44 B:\PSoC Creator\4.4\PSoC Creator\psoc\content\CyComponentLibrary\CyComponentLibrary.cylib\BLE_v3_66\Library\gccCyBLEStack_BLE_SOC_PERIPHERAL.a(CyBleStackMgr_BleSSDriver.o)
 .debug_frame   0x00004168       0x3c B:\PSoC Creator\4.4\PSoC Creator\psoc\content\CyComponentLibrary\CyComponentLibrary.cylib\BLE_v3_66\Library\gccCyBLEStack_BLE_SOC_PERIPHERAL.a(CyBleStackMgr_BleSSDriver.o)
 .debug_frame   0x000041a4       0x44 B:\PSoC Creator\4.4\PSoC Creator\psoc\content\CyComponentLibrary\CyComponentLibrary.cylib\BLE_v3_66\Library\gccCyBLEStack_BLE_SOC_PERIPHERAL.a(CyBleStackMgr_BleSSDriver.o)
 .debug_frame   0x000041e8       0x3c B:\PSoC Creator\4.4\PSoC Creator\psoc\content\CyComponentLibrary\CyComponentLibrary.cylib\BLE_v3_66\Library\gccCyBLEStack_BLE_SOC_PERIPHERAL.a(CyBleStackMgr_BleSSDriver.o)
 .debug_frame   0x00004224       0x3c B:\PSoC Creator\4.4\PSoC Creator\psoc\content\CyComponentLibrary\CyComponentLibrary.cylib\BLE_v3_66\Library\gccCyBLEStack_BLE_SOC_PERIPHERAL.a(CyBleStackMgr_BleSSDriver.o)
 .debug_frame   0x00004260       0x44 B:\PSoC Creator\4.4\PSoC Creator\psoc\content\CyComponentLibrary\CyComponentLibrary.cylib\BLE_v3_66\Library\gccCyBLEStack_BLE_SOC_PERIPHERAL.a(CyBleStackMgr_BleSSDriver.o)
 .debug_frame   0x000042a4       0x3c B:\PSoC Creator\4.4\PSoC Creator\psoc\content\CyComponentLibrary\CyComponentLibrary.cylib\BLE_v3_66\Library\gccCyBLEStack_BLE_SOC_PERIPHERAL.a(CyBleStackMgr_BleSSDriver.o)
 .debug_frame   0x000042e0       0x3c B:\PSoC Creator\4.4\PSoC Creator\psoc\content\CyComponentLibrary\CyComponentLibrary.cylib\BLE_v3_66\Library\gccCyBLEStack_BLE_SOC_PERIPHERAL.a(CyBleStackMgr_BleSSDriver.o)
 .debug_frame   0x0000431c       0x48 B:\PSoC Creator\4.4\PSoC Creator\psoc\content\CyComponentLibrary\CyComponentLibrary.cylib\BLE_v3_66\Library\gccCyBLEStack_BLE_SOC_PERIPHERAL.a(CyBleStackMgr_BleSSDriver.o)
 .debug_frame   0x00004364       0x48 B:\PSoC Creator\4.4\PSoC Creator\psoc\content\CyComponentLibrary\CyComponentLibrary.cylib\BLE_v3_66\Library\gccCyBLEStack_BLE_SOC_PERIPHERAL.a(CyBleStackMgr_BleSSDriver.o)
 .debug_frame   0x000043ac       0x48 B:\PSoC Creator\4.4\PSoC Creator\psoc\content\CyComponentLibrary\CyComponentLibrary.cylib\BLE_v3_66\Library\gccCyBLEStack_BLE_SOC_PERIPHERAL.a(CyBleStackMgr_BleSSDriver.o)
 .debug_frame   0x000043f4       0x48 B:\PSoC Creator\4.4\PSoC Creator\psoc\content\CyComponentLibrary\CyComponentLibrary.cylib\BLE_v3_66\Library\gccCyBLEStack_BLE_SOC_PERIPHERAL.a(CyBleStackMgr_BleSSDriver.o)
 .debug_frame   0x0000443c       0x4c B:\PSoC Creator\4.4\PSoC Creator\psoc\content\CyComponentLibrary\CyComponentLibrary.cylib\BLE_v3_66\Library\gccCyBLEStack_BLE_SOC_PERIPHERAL.a(CyBleStackMgr_BleSSDriver.o)
 .debug_frame   0x00004488       0x3c B:\PSoC Creator\4.4\PSoC Creator\psoc\content\CyComponentLibrary\CyComponentLibrary.cylib\BLE_v3_66\Library\gccCyBLEStack_BLE_SOC_PERIPHERAL.a(CyBleStackMgr_BleSSDriver.o)
 .debug_frame   0x000044c4       0x48 B:\PSoC Creator\4.4\PSoC Creator\psoc\content\CyComponentLibrary\CyComponentLibrary.cylib\BLE_v3_66\Library\gccCyBLEStack_BLE_SOC_PERIPHERAL.a(CyBleStackMgr_BleSSDriver.o)
 .debug_frame   0x0000450c       0x44 B:\PSoC Creator\4.4\PSoC Creator\psoc\content\CyComponentLibrary\CyComponentLibrary.cylib\BLE_v3_66\Library\gccCyBLEStack_BLE_SOC_PERIPHERAL.a(CyBleStackMgr_BleSSDriver.o)
 .debug_frame   0x00004550       0x4c B:\PSoC Creator\4.4\PSoC Creator\psoc\content\CyComponentLibrary\CyComponentLibrary.cylib\BLE_v3_66\Library\gccCyBLEStack_BLE_SOC_PERIPHERAL.a(CyBleStackMgr_BleSSDriver.o)
 .debug_frame   0x0000459c       0x3c B:\PSoC Creator\4.4\PSoC Creator\psoc\content\CyComponentLibrary\CyComponentLibrary.cylib\BLE_v3_66\Library\gccCyBLEStack_BLE_SOC_PERIPHERAL.a(CyBleStackMgr_BleSSDriver.o)
 .debug_frame   0x000045d8       0x44 B:\PSoC Creator\4.4\PSoC Creator\psoc\content\CyComponentLibrary\CyComponentLibrary.cylib\BLE_v3_66\Library\gccCyBLEStack_BLE_SOC_PERIPHERAL.a(CyBleStackMgr_BleSSDriver.o)
 .debug_frame   0x0000461c       0x3c B:\PSoC Creator\4.4\PSoC Creator\psoc\content\CyComponentLibrary\CyComponentLibrary.cylib\BLE_v3_66\Library\gccCyBLEStack_BLE_SOC_PERIPHERAL.a(CyBleStackMgr_BleSSDriver.o)
 .debug_frame   0x00004658       0x48 B:\PSoC Creator\4.4\PSoC Creator\psoc\content\CyComponentLibrary\CyComponentLibrary.cylib\BLE_v3_66\Library\gccCyBLEStack_BLE_SOC_PERIPHERAL.a(CyBleStackMgr_BleSSDriver.o)
 .debug_frame   0x000046a0       0x3c B:\PSoC Creator\4.4\PSoC Creator\psoc\content\CyComponentLibrary\CyComponentLibrary.cylib\BLE_v3_66\Library\gccCyBLEStack_BLE_SOC_PERIPHERAL.a(CyBleStackMgr_BleSSDriver.o)
 .debug_frame   0x000046dc       0x3c B:\PSoC Creator\4.4\PSoC Creator\psoc\content\CyComponentLibrary\CyComponentLibrary.cylib\BLE_v3_66\Library\gccCyBLEStack_BLE_SOC_PERIPHERAL.a(storage_pl.o)
 .debug_frame   0x00004718       0x3c B:\PSoC Creator\4.4\PSoC Creator\psoc\content\CyComponentLibrary\CyComponentLibrary.cylib\BLE_v3_66\Library\gccCyBLEStack_BLE_SOC_PERIPHERAL.a(storage_pl.o)
 .debug_frame   0x00004754       0x3c B:\PSoC Creator\4.4\PSoC Creator\psoc\content\CyComponentLibrary\CyComponentLibrary.cylib\BLE_v3_66\Library\gccCyBLEStack_BLE_SOC_PERIPHERAL.a(storage_pl.o)
 .debug_frame   0x00004790       0x44 B:\PSoC Creator\4.4\PSoC Creator\psoc\content\CyComponentLibrary\CyComponentLibrary.cylib\BLE_v3_66\Library\gccCyBLEStack_BLE_SOC_PERIPHERAL.a(storage_pl.o)
 .debug_frame   0x000047d4       0x44 B:\PSoC Creator\4.4\PSoC Creator\psoc\content\CyComponentLibrary\CyComponentLibrary.cylib\BLE_v3_66\Library\gccCyBLEStack_BLE_SOC_PERIPHERAL.a(storage_pl.o)
 .debug_frame   0x00004818       0x4c B:\PSoC Creator\4.4\PSoC Creator\psoc\content\CyComponentLibrary\CyComponentLibrary.cylib\BLE_v3_66\Library\gccCyBLEStack_BLE_SOC_PERIPHERAL.a(storage_pl.o)
 .debug_frame   0x00004864       0x48 B:\PSoC Creator\4.4\PSoC Creator\psoc\content\CyComponentLibrary\CyComponentLibrary.cylib\BLE_v3_66\Library\gccCyBLEStack_BLE_SOC_PERIPHERAL.a(storage_pl.o)
 .debug_frame   0x000048ac       0x44 B:\PSoC Creator\4.4\PSoC Creator\psoc\content\CyComponentLibrary\CyComponentLibrary.cylib\BLE_v3_66\Library\gccCyBLEStack_BLE_SOC_PERIPHERAL.a(storage_pl.o)
 .debug_frame   0x000048f0       0x3c B:\PSoC Creator\4.4\PSoC Creator\psoc\content\CyComponentLibrary\CyComponentLibrary.cylib\BLE_v3_66\Library\gccCyBLEStack_BLE_SOC_PERIPHERAL.a(storage_pl.o)
 .debug_frame   0x0000492c       0x3c B:\PSoC Creator\4.4\PSoC Creator\psoc\content\CyComponentLibrary\CyComponentLibrary.cylib\BLE_v3_66\Library\gccCyBLEStack_BLE_SOC_PERIPHERAL.a(storage_pl.o)
 .debug_frame   0x00004968       0x4c B:\PSoC Creator\4.4\PSoC Creator\psoc\content\CyComponentLibrary\CyComponentLibrary.cylib\BLE_v3_66\Library\gccCyBLEStack_BLE_SOC_PERIPHERAL.a(storage_pl.o)
 .debug_frame   0x000049b4       0x48 B:\PSoC Creator\4.4\PSoC Creator\psoc\content\CyComponentLibrary\CyComponentLibrary.cylib\BLE_v3_66\Library\gccCyBLEStack_BLE_SOC_PERIPHERAL.a(storage_pl.o)
 .debug_frame   0x000049fc       0x48 B:\PSoC Creator\4.4\PSoC Creator\psoc\content\CyComponentLibrary\CyComponentLibrary.cylib\BLE_v3_66\Library\gccCyBLEStack_BLE_SOC_PERIPHERAL.a(storage_pl.o)
 .debug_frame   0x00004a44       0x44 B:\PSoC Creator\4.4\PSoC Creator\psoc\content\CyComponentLibrary\CyComponentLibrary.cylib\BLE_v3_66\Library\gccCyBLEStack_BLE_SOC_PERIPHERAL.a(storage_pl.o)
 .debug_frame   0x00004a88       0x48 B:\PSoC Creator\4.4\PSoC Creator\psoc\content\CyComponentLibrary\CyComponentLibrary.cylib\BLE_v3_66\Library\gccCyBLEStack_BLE_SOC_PERIPHERAL.a(storage_pl.o)
 .debug_frame   0x00004ad0       0x4c B:\PSoC Creator\4.4\PSoC Creator\psoc\content\CyComponentLibrary\CyComponentLibrary.cylib\BLE_v3_66\Library\gccCyBLEStack_BLE_SOC_PERIPHERAL.a(storage_pl.o)
 .debug_frame   0x00004b1c       0x3c B:\PSoC Creator\4.4\PSoC Creator\psoc\content\CyComponentLibrary\CyComponentLibrary.cylib\BLE_v3_66\Library\gccCyBLEStack_BLE_SOC_PERIPHERAL.a(storage_pl.o)
 .debug_frame   0x00004b58       0x3c B:\PSoC Creator\4.4\PSoC Creator\psoc\content\CyComponentLibrary\CyComponentLibrary.cylib\BLE_v3_66\Library\gccCyBLEStack_BLE_SOC_PERIPHERAL.a(storage_pl.o)
 .debug_frame   0x00004b94       0x44 B:\PSoC Creator\4.4\PSoC Creator\psoc\content\CyComponentLibrary\CyComponentLibrary.cylib\BLE_v3_66\Library\gccCyBLEStack_BLE_SOC_PERIPHERAL.a(mint_os.o)
 .debug_frame   0x00004bd8       0x3c B:\PSoC Creator\4.4\PSoC Creator\psoc\content\CyComponentLibrary\CyComponentLibrary.cylib\BLE_v3_66\Library\gccCyBLEStack_BLE_SOC_PERIPHERAL.a(mint_os.o)
 .debug_frame   0x00004c14       0x44 B:\PSoC Creator\4.4\PSoC Creator\psoc\content\CyComponentLibrary\CyComponentLibrary.cylib\BLE_v3_66\Library\gccCyBLEStack_BLE_SOC_PERIPHERAL.a(mint_os.o)
 .debug_frame   0x00004c58       0x4c B:\PSoC Creator\4.4\PSoC Creator\psoc\content\CyComponentLibrary\CyComponentLibrary.cylib\BLE_v3_66\Library\gccCyBLEStack_BLE_SOC_PERIPHERAL.a(mint_os_queue.o)
 .debug_frame   0x00004ca4       0x4c B:\PSoC Creator\4.4\PSoC Creator\psoc\content\CyComponentLibrary\CyComponentLibrary.cylib\BLE_v3_66\Library\gccCyBLEStack_BLE_SOC_PERIPHERAL.a(mint_os_queue.o)
 .debug_frame   0x00004cf0       0x4c B:\PSoC Creator\4.4\PSoC Creator\psoc\content\CyComponentLibrary\CyComponentLibrary.cylib\BLE_v3_66\Library\gccCyBLEStack_BLE_SOC_PERIPHERAL.a(mint_os_queue.o)
 .debug_frame   0x00004d3c       0x4c B:\PSoC Creator\4.4\PSoC Creator\psoc\content\CyComponentLibrary\CyComponentLibrary.cylib\BLE_v3_66\Library\gccCyBLEStack_BLE_SOC_PERIPHERAL.a(mint_os_queue.o)
 .debug_frame   0x00004d88       0x3c B:\PSoC Creator\4.4\PSoC Creator\psoc\content\CyComponentLibrary\CyComponentLibrary.cylib\BLE_v3_66\Library\gccCyBLEStack_BLE_SOC_PERIPHERAL.a(mint_os_queue.o)
 .debug_frame   0x00004dc4       0x4c B:\PSoC Creator\4.4\PSoC Creator\psoc\content\CyComponentLibrary\CyComponentLibrary.cylib\BLE_v3_66\Library\gccCyBLEStack_BLE_SOC_PERIPHERAL.a(mint_os_task.o)
 .debug_frame   0x00004e10       0x4c B:\PSoC Creator\4.4\PSoC Creator\psoc\content\CyComponentLibrary\CyComponentLibrary.cylib\BLE_v3_66\Library\gccCyBLEStack_BLE_SOC_PERIPHERAL.a(mint_os_task.o)
 .debug_frame   0x00004e5c       0x48 B:\PSoC Creator\4.4\PSoC Creator\psoc\content\CyComponentLibrary\CyComponentLibrary.cylib\BLE_v3_66\Library\gccCyBLEStack_BLE_SOC_PERIPHERAL.a(mint_os_task.o)
 .debug_frame   0x00004ea4       0x4c B:\PSoC Creator\4.4\PSoC Creator\psoc\content\CyComponentLibrary\CyComponentLibrary.cylib\BLE_v3_66\Library\gccCyBLEStack_BLE_SOC_PERIPHERAL.a(mint_os_task.o)
 .debug_frame   0x00004ef0       0x48 B:\PSoC Creator\4.4\PSoC Creator\psoc\content\CyComponentLibrary\CyComponentLibrary.cylib\BLE_v3_66\Library\gccCyBLEStack_BLE_SOC_PERIPHERAL.a(mint_os_task.o)
 .debug_frame   0x00004f38       0x4c B:\PSoC Creator\4.4\PSoC Creator\psoc\content\CyComponentLibrary\CyComponentLibrary.cylib\BLE_v3_66\Library\gccCyBLEStack_BLE_SOC_PERIPHERAL.a(mint_os_task.o)
 .debug_frame   0x00004f84       0x4c B:\PSoC Creator\4.4\PSoC Creator\psoc\content\CyComponentLibrary\CyComponentLibrary.cylib\BLE_v3_66\Library\gccCyBLEStack_BLE_SOC_PERIPHERAL.a(mint_buf_mgmt.o)
 .debug_frame   0x00004fd0       0x4c B:\PSoC Creator\4.4\PSoC Creator\psoc\content\CyComponentLibrary\CyComponentLibrary.cylib\BLE_v3_66\Library\gccCyBLEStack_BLE_SOC_PERIPHERAL.a(mint_buf_mgmt.o)
 .debug_frame   0x0000501c       0x48 B:\PSoC Creator\4.4\PSoC Creator\psoc\content\CyComponentLibrary\CyComponentLibrary.cylib\BLE_v3_66\Library\gccCyBLEStack_BLE_SOC_PERIPHERAL.a(mint_buf_mgmt.o)