ARM GAS  C:\Users\ARTEM\AppData\Local\Temp\ccTxii9p.s 			page 1


   1              		.syntax unified
   2              		.cpu cortex-m0
   3              		.fpu softvfp
   4              		.eabi_attribute 20, 1
   5              		.eabi_attribute 21, 1
   6              		.eabi_attribute 23, 3
   7              		.eabi_attribute 24, 1
   8              		.eabi_attribute 25, 1
   9              		.eabi_attribute 26, 1
  10              		.eabi_attribute 30, 1
  11              		.eabi_attribute 34, 0
  12              		.eabi_attribute 18, 4
  13              		.thumb
  14              		.syntax unified
  15              		.file	"debug.c"
  16              		.text
  17              	.Ltext0:
  18              		.cfi_sections	.debug_frame
  19              		.section	.text.Print,"ax",%progbits
  20              		.align	2
  21              		.global	Print
  22              		.code	16
  23              		.thumb_func
  24              		.type	Print, %function
  25              	Print:
  26              	.LFB36:
  27              		.file 1 "debug.c"
   1:debug.c       **** #include "debug.h"
   2:debug.c       **** #include "ballServeController.h"
   3:debug.c       **** #include "motorController.h"
   4:debug.c       **** 
   5:debug.c       **** void Print(char text[]) {
  28              		.loc 1 5 0
  29              		.cfi_startproc
  30              		@ args = 0, pretend = 0, frame = 0
  31              		@ frame_needed = 0, uses_anonymous_args = 0
  32              	.LVL0:
  33 0000 10B5     		push	{r4, lr}
  34              		.cfi_def_cfa_offset 8
  35              		.cfi_offset 4, -8
  36              		.cfi_offset 14, -4
   6:debug.c       ****     UART_UartPutString(text);
  37              		.loc 1 6 0
  38 0002 FFF7FEFF 		bl	UART_UartPutString
  39              	.LVL1:
   7:debug.c       **** }
  40              		.loc 1 7 0
  41              		@ sp needed
  42 0006 10BD     		pop	{r4, pc}
  43              		.cfi_endproc
  44              	.LFE36:
  45              		.size	Print, .-Print
  46              		.section	.text.Println,"ax",%progbits
  47              		.align	2
  48              		.global	Println
  49              		.code	16
  50              		.thumb_func
ARM GAS  C:\Users\ARTEM\AppData\Local\Temp\ccTxii9p.s 			page 2


  51              		.type	Println, %function
  52              	Println:
  53              	.LFB37:
   8:debug.c       **** void Println(char text[]) {
  54              		.loc 1 8 0
  55              		.cfi_startproc
  56              		@ args = 0, pretend = 0, frame = 0
  57              		@ frame_needed = 0, uses_anonymous_args = 0
  58              	.LVL2:
  59 0000 10B5     		push	{r4, lr}
  60              		.cfi_def_cfa_offset 8
  61              		.cfi_offset 4, -8
  62              		.cfi_offset 14, -4
   9:debug.c       ****     UART_UartPutString(text);
  63              		.loc 1 9 0
  64 0002 FFF7FEFF 		bl	UART_UartPutString
  65              	.LVL3:
  10:debug.c       ****     UART_UartPutChar('\n');
  66              		.loc 1 10 0
  67 0006 0A20     		movs	r0, #10
  68 0008 FFF7FEFF 		bl	UART_SpiUartWriteTxData
  69              	.LVL4:
  11:debug.c       ****     UART_UartPutChar('\r');
  70              		.loc 1 11 0
  71 000c 0D20     		movs	r0, #13
  72 000e FFF7FEFF 		bl	UART_SpiUartWriteTxData
  73              	.LVL5:
  12:debug.c       **** }
  74              		.loc 1 12 0
  75              		@ sp needed
  76 0012 10BD     		pop	{r4, pc}
  77              		.cfi_endproc
  78              	.LFE37:
  79              		.size	Println, .-Println
  80              		.global	__aeabi_idiv
  81              		.section	.text.PrintMotorSpeeds,"ax",%progbits
  82              		.align	2
  83              		.global	PrintMotorSpeeds
  84              		.code	16
  85              		.thumb_func
  86              		.type	PrintMotorSpeeds, %function
  87              	PrintMotorSpeeds:
  88              	.LFB38:
  13:debug.c       **** 
  14:debug.c       **** int counter = 0;
  15:debug.c       **** int variances[4];
  16:debug.c       **** int n = 0;
  17:debug.c       **** void PrintMotorSpeeds() {
  89              		.loc 1 17 0
  90              		.cfi_startproc
  91              		@ args = 0, pretend = 0, frame = 0
  92              		@ frame_needed = 0, uses_anonymous_args = 0
  93 0000 F8B5     		push	{r3, r4, r5, r6, r7, lr}
  94              		.cfi_def_cfa_offset 24
  95              		.cfi_offset 3, -24
  96              		.cfi_offset 4, -20
  97              		.cfi_offset 5, -16
ARM GAS  C:\Users\ARTEM\AppData\Local\Temp\ccTxii9p.s 			page 3


  98              		.cfi_offset 6, -12
  99              		.cfi_offset 7, -8
 100              		.cfi_offset 14, -4
 101              	.LBB2:
  18:debug.c       ****     if(disablePrintIfZeroRPM && FanController_GetActualSpeed(1)==0 && FanController_GetActualSpeed(
 102              		.loc 1 18 0
 103 0002 384B     		ldr	r3, .L9
 104 0004 1B78     		ldrb	r3, [r3]
 105 0006 002B     		cmp	r3, #0
 106 0008 13D0     		beq	.L4
 107              		.loc 1 18 0 is_stmt 0 discriminator 1
 108 000a 0120     		movs	r0, #1
 109 000c FFF7FEFF 		bl	FanController_GetActualSpeed
 110              	.LVL6:
 111 0010 0028     		cmp	r0, #0
 112 0012 0ED1     		bne	.L4
 113              		.loc 1 18 0 discriminator 2
 114 0014 0230     		adds	r0, r0, #2
 115 0016 FFF7FEFF 		bl	FanController_GetActualSpeed
 116              	.LVL7:
 117 001a 0028     		cmp	r0, #0
 118 001c 09D1     		bne	.L4
  19:debug.c       ****        FanController_GetActualSpeed(3)==0 && FanController_GetActualSpeed(4)==0)
 119              		.loc 1 19 0 is_stmt 1 discriminator 3
 120 001e 0330     		adds	r0, r0, #3
 121 0020 FFF7FEFF 		bl	FanController_GetActualSpeed
 122              	.LVL8:
  18:debug.c       ****     if(disablePrintIfZeroRPM && FanController_GetActualSpeed(1)==0 && FanController_GetActualSpeed(
 123              		.loc 1 18 0 discriminator 3
 124 0024 0028     		cmp	r0, #0
 125 0026 04D1     		bne	.L4
 126              		.loc 1 19 0
 127 0028 0430     		adds	r0, r0, #4
 128 002a FFF7FEFF 		bl	FanController_GetActualSpeed
 129              	.LVL9:
 130 002e 0028     		cmp	r0, #0
 131 0030 56D0     		beq	.L3
 132              	.L4:
 133              	.LBE2:
  20:debug.c       ****         return;
  21:debug.c       **** 
  22:debug.c       ****     if (counter < 25000) {
 134              		.loc 1 22 0
 135 0032 2D4B     		ldr	r3, .L9+4
 136 0034 1B68     		ldr	r3, [r3]
 137 0036 2D4A     		ldr	r2, .L9+8
 138 0038 9342     		cmp	r3, r2
 139 003a 03DC     		bgt	.L6
  23:debug.c       ****         counter++;
 140              		.loc 1 23 0
 141 003c 0133     		adds	r3, r3, #1
 142 003e 2A4A     		ldr	r2, .L9+4
 143 0040 1360     		str	r3, [r2]
  24:debug.c       ****         return;
 144              		.loc 1 24 0
 145 0042 4DE0     		b	.L3
 146              	.L6:
ARM GAS  C:\Users\ARTEM\AppData\Local\Temp\ccTxii9p.s 			page 4


  25:debug.c       ****     }
  26:debug.c       ****     else
  27:debug.c       ****         counter=0;
 147              		.loc 1 27 0
 148 0044 284B     		ldr	r3, .L9+4
 149 0046 0022     		movs	r2, #0
 150 0048 1A60     		str	r2, [r3]
  28:debug.c       ****     
  29:debug.c       ****     n++;
 151              		.loc 1 29 0
 152 004a 5A68     		ldr	r2, [r3, #4]
 153 004c 0132     		adds	r2, r2, #1
 154 004e 5A60     		str	r2, [r3, #4]
 155              	.LVL10:
 156              	.LBB3:
  30:debug.c       ****     int current_rpm = 0, desired_rpm = 0;
  31:debug.c       ****     for (int i = 1; i < MOTOR_COUNT + 1; i++) {
 157              		.loc 1 31 0
 158 0050 0127     		movs	r7, #1
 159 0052 3DE0     		b	.L7
 160              	.LVL11:
 161              	.L8:
 162              	.LBB4:
  32:debug.c       ****         
  33:debug.c       ****         Print(MotorDirectionStr[i-1]);
 163              		.loc 1 33 0 discriminator 3
 164 0054 7B1E     		subs	r3, r7, #1
 165 0056 9B00     		lsls	r3, r3, #2
 166 0058 254A     		ldr	r2, .L9+12
 167 005a 9858     		ldr	r0, [r3, r2]
 168 005c FFF7FEFF 		bl	Print
 169              	.LVL12:
  34:debug.c       ****         Print(":");
 170              		.loc 1 34 0 discriminator 3
 171 0060 2448     		ldr	r0, .L9+16
 172 0062 FFF7FEFF 		bl	Print
 173              	.LVL13:
  35:debug.c       ****         
  36:debug.c       ****         current_rpm = FanController_GetActualSpeed(i);
 174              		.loc 1 36 0 discriminator 3
 175 0066 3800     		movs	r0, r7
 176 0068 FFF7FEFF 		bl	FanController_GetActualSpeed
 177              	.LVL14:
 178 006c 0400     		movs	r4, r0
 179              	.LVL15:
  37:debug.c       ****         sprintf(uart_rpm_buff, "%u ", current_rpm / 2);
 180              		.loc 1 37 0 discriminator 3
 181 006e C20F     		lsrs	r2, r0, #31
 182 0070 1218     		adds	r2, r2, r0
 183 0072 5210     		asrs	r2, r2, #1
 184 0074 204D     		ldr	r5, .L9+20
 185 0076 2149     		ldr	r1, .L9+24
 186 0078 2800     		movs	r0, r5
 187              	.LVL16:
 188 007a FFF7FEFF 		bl	sprintf
 189              	.LVL17:
  38:debug.c       ****         Print(uart_rpm_buff);
ARM GAS  C:\Users\ARTEM\AppData\Local\Temp\ccTxii9p.s 			page 5


 190              		.loc 1 38 0 discriminator 3
 191 007e 2800     		movs	r0, r5
 192 0080 FFF7FEFF 		bl	Print
 193              	.LVL18:
  39:debug.c       ****         
  40:debug.c       ****         desired_rpm = FanController_GetDesiredSpeed(i);
 194              		.loc 1 40 0 discriminator 3
 195 0084 3800     		movs	r0, r7
 196 0086 FFF7FEFF 		bl	FanController_GetDesiredSpeed
 197              	.LVL19:
 198 008a 0600     		movs	r6, r0
 199              	.LVL20:
  41:debug.c       ****         sprintf(uart_rpm_buff, "%u  ", desired_rpm / 2);
 200              		.loc 1 41 0 discriminator 3
 201 008c C20F     		lsrs	r2, r0, #31
 202 008e 1218     		adds	r2, r2, r0
 203 0090 5210     		asrs	r2, r2, #1
 204 0092 1B49     		ldr	r1, .L9+28
 205 0094 2800     		movs	r0, r5
 206              	.LVL21:
 207 0096 FFF7FEFF 		bl	sprintf
 208              	.LVL22:
  42:debug.c       ****         Print(uart_rpm_buff);
 209              		.loc 1 42 0 discriminator 3
 210 009a 2800     		movs	r0, r5
 211 009c FFF7FEFF 		bl	Print
 212              	.LVL23:
  43:debug.c       ****         
  44:debug.c       ****         variances[i] += ((current_rpm-desired_rpm)*(current_rpm-desired_rpm));
 213              		.loc 1 44 0 discriminator 3
 214 00a0 A41B     		subs	r4, r4, r6
 215              	.LVL24:
 216 00a2 6443     		muls	r4, r4
 217 00a4 174B     		ldr	r3, .L9+32
 218 00a6 BA00     		lsls	r2, r7, #2
 219 00a8 D158     		ldr	r1, [r2, r3]
 220 00aa 6018     		adds	r0, r4, r1
 221 00ac D050     		str	r0, [r2, r3]
  45:debug.c       ****         sprintf(uart_rpm_buff, "%u  ", variances[i]/n/1000);
 222              		.loc 1 45 0 discriminator 3
 223 00ae 0E4B     		ldr	r3, .L9+4
 224 00b0 5968     		ldr	r1, [r3, #4]
 225 00b2 FFF7FEFF 		bl	__aeabi_idiv
 226              	.LVL25:
 227 00b6 FA21     		movs	r1, #250
 228 00b8 8900     		lsls	r1, r1, #2
 229 00ba FFF7FEFF 		bl	__aeabi_idiv
 230              	.LVL26:
 231 00be 0200     		movs	r2, r0
 232 00c0 0F49     		ldr	r1, .L9+28
 233 00c2 2800     		movs	r0, r5
 234 00c4 FFF7FEFF 		bl	sprintf
 235              	.LVL27:
  46:debug.c       ****         Print(uart_rpm_buff);
 236              		.loc 1 46 0 discriminator 3
 237 00c8 2800     		movs	r0, r5
 238 00ca FFF7FEFF 		bl	Print
ARM GAS  C:\Users\ARTEM\AppData\Local\Temp\ccTxii9p.s 			page 6


 239              	.LVL28:
 240              	.LBE4:
  31:debug.c       ****         
 241              		.loc 1 31 0 discriminator 3
 242 00ce 0137     		adds	r7, r7, #1
 243              	.LVL29:
 244              	.L7:
  31:debug.c       ****         
 245              		.loc 1 31 0 is_stmt 0 discriminator 1
 246 00d0 042F     		cmp	r7, #4
 247 00d2 BFDD     		ble	.L8
 248              	.LBE3:
  47:debug.c       ****         
  48:debug.c       ****     }
  49:debug.c       ****     UART_UartPutChar('\n');
 249              		.loc 1 49 0 is_stmt 1
 250 00d4 0A20     		movs	r0, #10
 251 00d6 FFF7FEFF 		bl	UART_SpiUartWriteTxData
 252              	.LVL30:
  50:debug.c       ****     UART_UartPutChar('\r');
 253              		.loc 1 50 0
 254 00da 0D20     		movs	r0, #13
 255 00dc FFF7FEFF 		bl	UART_SpiUartWriteTxData
 256              	.LVL31:
 257              	.L3:
  51:debug.c       **** }
 258              		.loc 1 51 0
 259              		@ sp needed
 260 00e0 F8BD     		pop	{r3, r4, r5, r6, r7, pc}
 261              	.L10:
 262 00e2 C046     		.align	2
 263              	.L9:
 264 00e4 00000000 		.word	disablePrintIfZeroRPM
 265 00e8 00000000 		.word	.LANCHOR0
 266 00ec A7610000 		.word	24999
 267 00f0 00000000 		.word	.LANCHOR1
 268 00f4 00000000 		.word	.LC3
 269 00f8 00000000 		.word	uart_rpm_buff
 270 00fc 04000000 		.word	.LC5
 271 0100 08000000 		.word	.LC8
 272 0104 00000000 		.word	variances
 273              		.cfi_endproc
 274              	.LFE38:
 275              		.size	PrintMotorSpeeds, .-PrintMotorSpeeds
 276              		.section	.text.HandleUARTInput,"ax",%progbits
 277              		.align	2
 278              		.global	HandleUARTInput
 279              		.code	16
 280              		.thumb_func
 281              		.type	HandleUARTInput, %function
 282              	HandleUARTInput:
 283              	.LFB39:
  52:debug.c       **** 
  53:debug.c       **** void HandleUARTInput(){
 284              		.loc 1 53 0
 285              		.cfi_startproc
 286              		@ args = 0, pretend = 0, frame = 0
ARM GAS  C:\Users\ARTEM\AppData\Local\Temp\ccTxii9p.s 			page 7


 287              		@ frame_needed = 0, uses_anonymous_args = 0
 288 0000 10B5     		push	{r4, lr}
 289              		.cfi_def_cfa_offset 8
 290              		.cfi_offset 4, -8
 291              		.cfi_offset 14, -4
  54:debug.c       ****     char ch = UART_UartGetChar();
 292              		.loc 1 54 0
 293 0002 FFF7FEFF 		bl	UART_UartGetChar
 294              	.LVL32:
 295 0006 C0B2     		uxtb	r0, r0
 296              	.LVL33:
  55:debug.c       ****     if (ch == 'a') {
 297              		.loc 1 55 0
 298 0008 6128     		cmp	r0, #97
 299 000a 05D1     		bne	.L12
  56:debug.c       ****         disablePrintIfZeroRPM = !disablePrintIfZeroRPM;
 300              		.loc 1 56 0
 301 000c 0B4A     		ldr	r2, .L15
 302 000e 1178     		ldrb	r1, [r2]
 303 0010 0123     		movs	r3, #1
 304 0012 4B40     		eors	r3, r1
 305 0014 1370     		strb	r3, [r2]
 306 0016 0FE0     		b	.L11
 307              	.L12:
  57:debug.c       ****     }
  58:debug.c       ****     else if (ch == 's') {
 308              		.loc 1 58 0
 309 0018 7328     		cmp	r0, #115
 310 001a 03D1     		bne	.L14
  59:debug.c       ****         doServe = true;
 311              		.loc 1 59 0
 312 001c 0122     		movs	r2, #1
 313 001e 084B     		ldr	r3, .L15+4
 314 0020 1A70     		strb	r2, [r3]
 315 0022 09E0     		b	.L11
 316              	.L14:
  60:debug.c       ****     }
  61:debug.c       ****     else if(ch=='d'){
 317              		.loc 1 61 0
 318 0024 6428     		cmp	r0, #100
 319 0026 07D1     		bne	.L11
  62:debug.c       ****         variances[1] = 0;
 320              		.loc 1 62 0
 321 0028 064A     		ldr	r2, .L15+8
 322 002a 0023     		movs	r3, #0
 323 002c 5360     		str	r3, [r2, #4]
  63:debug.c       ****         variances[2] = 0;
 324              		.loc 1 63 0
 325 002e 9360     		str	r3, [r2, #8]
  64:debug.c       ****         variances[3] = 0;
 326              		.loc 1 64 0
 327 0030 D360     		str	r3, [r2, #12]
  65:debug.c       ****         variances[4] = 0;
 328              		.loc 1 65 0
 329 0032 1361     		str	r3, [r2, #16]
  66:debug.c       ****         n = 0;
 330              		.loc 1 66 0
ARM GAS  C:\Users\ARTEM\AppData\Local\Temp\ccTxii9p.s 			page 8


 331 0034 044A     		ldr	r2, .L15+12
 332 0036 5360     		str	r3, [r2, #4]
 333              	.L11:
  67:debug.c       ****     }
  68:debug.c       **** }
 334              		.loc 1 68 0
 335              		@ sp needed
 336 0038 10BD     		pop	{r4, pc}
 337              	.L16:
 338 003a C046     		.align	2
 339              	.L15:
 340 003c 00000000 		.word	disablePrintIfZeroRPM
 341 0040 00000000 		.word	doServe
 342 0044 00000000 		.word	variances
 343 0048 00000000 		.word	.LANCHOR0
 344              		.cfi_endproc
 345              	.LFE39:
 346              		.size	HandleUARTInput, .-HandleUARTInput
 347              		.global	n
 348              		.comm	variances,16,4
 349              		.global	counter
 350              		.comm	isServing,1,1
 351              		.comm	doServe,1,1
 352              		.comm	disablePrintIfZeroRPM,1,1
 353              		.comm	motorsEnabled,1,1
 354              		.comm	motor_speeds,16,4
 355              		.comm	str,16,4
 356              		.comm	uart_rpm_buff,4,4
 357              		.section	.rodata
 358              		.align	2
 359              		.set	.LANCHOR1,. + 0
 360              		.type	MotorDirectionStr, %object
 361              		.size	MotorDirectionStr, 16
 362              	MotorDirectionStr:
 363 0000 10000000 		.word	.LC15
 364 0004 18000000 		.word	.LC16
 365 0008 20000000 		.word	.LC17
 366 000c 24000000 		.word	.LC18
 367              		.section	.rodata.str1.4,"aMS",%progbits,1
 368              		.align	2
 369              	.LC3:
 370 0000 3A00     		.ascii	":\000"
 371 0002 0000     		.space	2
 372              	.LC5:
 373 0004 25752000 		.ascii	"%u \000"
 374              	.LC8:
 375 0008 25752020 		.ascii	"%u  \000"
 375      00
 376 000d 000000   		.space	3
 377              	.LC15:
 378 0010 4C656674 		.ascii	"Left\000"
 378      00
 379 0015 000000   		.space	3
 380              	.LC16:
 381 0018 52696768 		.ascii	"Right\000"
 381      7400
 382 001e 0000     		.space	2
ARM GAS  C:\Users\ARTEM\AppData\Local\Temp\ccTxii9p.s 			page 9


 383              	.LC17:
 384 0020 546F7000 		.ascii	"Top\000"
 385              	.LC18:
 386 0024 426F7474 		.ascii	"Bottom\000"
 386      6F6D00
 387              		.bss
 388              		.align	2
 389              		.set	.LANCHOR0,. + 0
 390              		.type	counter, %object
 391              		.size	counter, 4
 392              	counter:
 393 0000 00000000 		.space	4
 394              		.type	n, %object
 395              		.size	n, 4
 396              	n:
 397 0004 00000000 		.space	4
 398              		.text
 399              	.Letext0:
 400              		.file 2 "Generated_Source\\PSoC4/Bluetooth_Stack.h"
 401              		.file 3 "Generated_Source\\PSoC4/Bluetooth_aios.h"
 402              		.file 4 "debug.h"
 403              		.file 5 "main_data.h"
 404              		.file 6 "ballServeController.h"
 405              		.file 7 "Generated_Source\\PSoC4/UART_SPI_UART.h"
 406              		.file 8 "b:\\psoc creator\\4.4\\psoc creator\\import\\gnu\\arm\\5.4.1\\arm-none-eabi\\include\\std
 407              		.file 9 "Generated_Source\\PSoC4/cytypes.h"
 408              		.section	.debug_info,"",%progbits
 409              	.Ldebug_info0:
 410 0000 B9060000 		.4byte	0x6b9
 411 0004 0400     		.2byte	0x4
 412 0006 00000000 		.4byte	.Ldebug_abbrev0
 413 000a 04       		.byte	0x4
 414 000b 01       		.uleb128 0x1
 415 000c 9D010000 		.4byte	.LASF122
 416 0010 0C       		.byte	0xc
 417 0011 9D060000 		.4byte	.LASF123
 418 0015 76000000 		.4byte	.LASF124
 419 0019 00000000 		.4byte	.Ldebug_ranges0+0
 420 001d 00000000 		.4byte	0
 421 0021 00000000 		.4byte	.Ldebug_line0
 422 0025 02       		.uleb128 0x2
 423 0026 01       		.byte	0x1
 424 0027 06       		.byte	0x6
 425 0028 05030000 		.4byte	.LASF0
 426 002c 02       		.uleb128 0x2
 427 002d 01       		.byte	0x1
 428 002e 08       		.byte	0x8
 429 002f 54090000 		.4byte	.LASF1
 430 0033 02       		.uleb128 0x2
 431 0034 02       		.byte	0x2
 432 0035 05       		.byte	0x5
 433 0036 94090000 		.4byte	.LASF2
 434 003a 02       		.uleb128 0x2
 435 003b 02       		.byte	0x2
 436 003c 07       		.byte	0x7
 437 003d C1050000 		.4byte	.LASF3
 438 0041 02       		.uleb128 0x2
ARM GAS  C:\Users\ARTEM\AppData\Local\Temp\ccTxii9p.s 			page 10


 439 0042 04       		.byte	0x4
 440 0043 05       		.byte	0x5
 441 0044 94010000 		.4byte	.LASF4
 442 0048 02       		.uleb128 0x2
 443 0049 04       		.byte	0x4
 444 004a 07       		.byte	0x7
 445 004b 1E050000 		.4byte	.LASF5
 446 004f 02       		.uleb128 0x2
 447 0050 08       		.byte	0x8
 448 0051 05       		.byte	0x5
 449 0052 EF030000 		.4byte	.LASF6
 450 0056 02       		.uleb128 0x2
 451 0057 08       		.byte	0x8
 452 0058 07       		.byte	0x7
 453 0059 2B020000 		.4byte	.LASF7
 454 005d 03       		.uleb128 0x3
 455 005e 04       		.byte	0x4
 456 005f 05       		.byte	0x5
 457 0060 696E7400 		.ascii	"int\000"
 458 0064 02       		.uleb128 0x2
 459 0065 04       		.byte	0x4
 460 0066 07       		.byte	0x7
 461 0067 C8040000 		.4byte	.LASF8
 462 006b 04       		.uleb128 0x4
 463 006c 23040000 		.4byte	.LASF125
 464 0070 09       		.byte	0x9
 465 0071 FD01     		.2byte	0x1fd
 466 0073 48000000 		.4byte	0x48
 467 0077 02       		.uleb128 0x2
 468 0078 04       		.byte	0x4
 469 0079 04       		.byte	0x4
 470 007a 40090000 		.4byte	.LASF9
 471 007e 02       		.uleb128 0x2
 472 007f 08       		.byte	0x8
 473 0080 04       		.byte	0x4
 474 0081 1C040000 		.4byte	.LASF10
 475 0085 02       		.uleb128 0x2
 476 0086 01       		.byte	0x1
 477 0087 08       		.byte	0x8
 478 0088 B90A0000 		.4byte	.LASF11
 479 008c 02       		.uleb128 0x2
 480 008d 08       		.byte	0x8
 481 008e 04       		.byte	0x4
 482 008f AD0A0000 		.4byte	.LASF12
 483 0093 02       		.uleb128 0x2
 484 0094 04       		.byte	0x4
 485 0095 07       		.byte	0x7
 486 0096 E7070000 		.4byte	.LASF13
 487 009a 05       		.uleb128 0x5
 488 009b 04       		.byte	0x4
 489 009c 85000000 		.4byte	0x85
 490 00a0 06       		.uleb128 0x6
 491 00a1 01       		.byte	0x1
 492 00a2 2C000000 		.4byte	0x2c
 493 00a6 02       		.byte	0x2
 494 00a7 3501     		.2byte	0x135
 495 00a9 5E020000 		.4byte	0x25e
ARM GAS  C:\Users\ARTEM\AppData\Local\Temp\ccTxii9p.s 			page 11


 496 00ad 07       		.uleb128 0x7
 497 00ae D4050000 		.4byte	.LASF14
 498 00b2 00       		.byte	0
 499 00b3 07       		.uleb128 0x7
 500 00b4 11030000 		.4byte	.LASF15
 501 00b8 01       		.byte	0x1
 502 00b9 07       		.uleb128 0x7
 503 00ba 82010000 		.4byte	.LASF16
 504 00be 02       		.byte	0x2
 505 00bf 07       		.uleb128 0x7
 506 00c0 830B0000 		.4byte	.LASF17
 507 00c4 03       		.byte	0x3
 508 00c5 07       		.uleb128 0x7
 509 00c6 42020000 		.4byte	.LASF18
 510 00ca 04       		.byte	0x4
 511 00cb 07       		.uleb128 0x7
 512 00cc 1E000000 		.4byte	.LASF19
 513 00d0 05       		.byte	0x5
 514 00d1 07       		.uleb128 0x7
 515 00d2 09060000 		.4byte	.LASF20
 516 00d6 06       		.byte	0x6
 517 00d7 07       		.uleb128 0x7
 518 00d8 43070000 		.4byte	.LASF21
 519 00dc 20       		.byte	0x20
 520 00dd 07       		.uleb128 0x7
 521 00de 43030000 		.4byte	.LASF22
 522 00e2 21       		.byte	0x21
 523 00e3 07       		.uleb128 0x7
 524 00e4 5A060000 		.4byte	.LASF23
 525 00e8 22       		.byte	0x22
 526 00e9 07       		.uleb128 0x7
 527 00ea C6060000 		.4byte	.LASF24
 528 00ee 23       		.byte	0x23
 529 00ef 07       		.uleb128 0x7
 530 00f0 82080000 		.4byte	.LASF25
 531 00f4 24       		.byte	0x24
 532 00f5 07       		.uleb128 0x7
 533 00f6 5B0A0000 		.4byte	.LASF26
 534 00fa 25       		.byte	0x25
 535 00fb 07       		.uleb128 0x7
 536 00fc A3030000 		.4byte	.LASF27
 537 0100 26       		.byte	0x26
 538 0101 07       		.uleb128 0x7
 539 0102 7E060000 		.4byte	.LASF28
 540 0106 27       		.byte	0x27
 541 0107 07       		.uleb128 0x7
 542 0108 DD0A0000 		.4byte	.LASF29
 543 010c 28       		.byte	0x28
 544 010d 07       		.uleb128 0x7
 545 010e BF020000 		.4byte	.LASF30
 546 0112 29       		.byte	0x29
 547 0113 07       		.uleb128 0x7
 548 0114 B6000000 		.4byte	.LASF31
 549 0118 2A       		.byte	0x2a
 550 0119 07       		.uleb128 0x7
 551 011a 24030000 		.4byte	.LASF32
 552 011e 2B       		.byte	0x2b
ARM GAS  C:\Users\ARTEM\AppData\Local\Temp\ccTxii9p.s 			page 12


 553 011f 07       		.uleb128 0x7
 554 0120 120C0000 		.4byte	.LASF33
 555 0124 2C       		.byte	0x2c
 556 0125 07       		.uleb128 0x7
 557 0126 DC020000 		.4byte	.LASF34
 558 012a 2D       		.byte	0x2d
 559 012b 07       		.uleb128 0x7
 560 012c 62090000 		.4byte	.LASF35
 561 0130 2E       		.byte	0x2e
 562 0131 07       		.uleb128 0x7
 563 0132 3A010000 		.4byte	.LASF36
 564 0136 2F       		.byte	0x2f
 565 0137 07       		.uleb128 0x7
 566 0138 61080000 		.4byte	.LASF37
 567 013c 30       		.byte	0x30
 568 013d 07       		.uleb128 0x7
 569 013e 890C0000 		.4byte	.LASF38
 570 0142 31       		.byte	0x31
 571 0143 07       		.uleb128 0x7
 572 0144 28080000 		.4byte	.LASF39
 573 0148 32       		.byte	0x32
 574 0149 07       		.uleb128 0x7
 575 014a 750A0000 		.4byte	.LASF40
 576 014e 33       		.byte	0x33
 577 014f 07       		.uleb128 0x7
 578 0150 30050000 		.4byte	.LASF41
 579 0154 34       		.byte	0x34
 580 0155 07       		.uleb128 0x7
 581 0156 66040000 		.4byte	.LASF42
 582 015a 35       		.byte	0x35
 583 015b 07       		.uleb128 0x7
 584 015c A5060000 		.4byte	.LASF43
 585 0160 36       		.byte	0x36
 586 0161 07       		.uleb128 0x7
 587 0162 73070000 		.4byte	.LASF44
 588 0166 37       		.byte	0x37
 589 0167 07       		.uleb128 0x7
 590 0168 410A0000 		.4byte	.LASF45
 591 016c 40       		.byte	0x40
 592 016d 07       		.uleb128 0x7
 593 016e 0C070000 		.4byte	.LASF46
 594 0172 41       		.byte	0x41
 595 0173 07       		.uleb128 0x7
 596 0174 BC0C0000 		.4byte	.LASF47
 597 0178 42       		.byte	0x42
 598 0179 07       		.uleb128 0x7
 599 017a BA0B0000 		.4byte	.LASF48
 600 017e 43       		.byte	0x43
 601 017f 07       		.uleb128 0x7
 602 0180 62050000 		.4byte	.LASF49
 603 0184 44       		.byte	0x44
 604 0185 07       		.uleb128 0x7
 605 0186 0F090000 		.4byte	.LASF50
 606 018a 45       		.byte	0x45
 607 018b 07       		.uleb128 0x7
 608 018c C6070000 		.4byte	.LASF51
 609 0190 46       		.byte	0x46
ARM GAS  C:\Users\ARTEM\AppData\Local\Temp\ccTxii9p.s 			page 13


 610 0191 07       		.uleb128 0x7
 611 0192 EB050000 		.4byte	.LASF52
 612 0196 47       		.byte	0x47
 613 0197 07       		.uleb128 0x7
 614 0198 EB0B0000 		.4byte	.LASF53
 615 019c 48       		.byte	0x48
 616 019d 07       		.uleb128 0x7
 617 019e 5A030000 		.4byte	.LASF54
 618 01a2 49       		.byte	0x49
 619 01a3 07       		.uleb128 0x7
 620 01a4 00000000 		.4byte	.LASF55
 621 01a8 4A       		.byte	0x4a
 622 01a9 07       		.uleb128 0x7
 623 01aa BE0A0000 		.4byte	.LASF56
 624 01ae 4B       		.byte	0x4b
 625 01af 07       		.uleb128 0x7
 626 01b0 48050000 		.4byte	.LASF57
 627 01b4 4C       		.byte	0x4c
 628 01b5 07       		.uleb128 0x7
 629 01b6 0E080000 		.4byte	.LASF58
 630 01ba 4D       		.byte	0x4d
 631 01bb 07       		.uleb128 0x7
 632 01bc 85030000 		.4byte	.LASF59
 633 01c0 4E       		.byte	0x4e
 634 01c1 07       		.uleb128 0x7
 635 01c2 010A0000 		.4byte	.LASF60
 636 01c6 4F       		.byte	0x4f
 637 01c7 07       		.uleb128 0x7
 638 01c8 63010000 		.4byte	.LASF61
 639 01cc 50       		.byte	0x50
 640 01cd 07       		.uleb128 0x7
 641 01ce FD030000 		.4byte	.LASF62
 642 01d2 51       		.byte	0x51
 643 01d3 07       		.uleb128 0x7
 644 01d4 D0080000 		.4byte	.LASF63
 645 01d8 52       		.byte	0x52
 646 01d9 07       		.uleb128 0x7
 647 01da A6090000 		.4byte	.LASF64
 648 01de 53       		.byte	0x53
 649 01df 07       		.uleb128 0x7
 650 01e0 200A0000 		.4byte	.LASF65
 651 01e4 54       		.byte	0x54
 652 01e5 07       		.uleb128 0x7
 653 01e6 80050000 		.4byte	.LASF66
 654 01ea 55       		.byte	0x55
 655 01eb 07       		.uleb128 0x7
 656 01ec A6040000 		.4byte	.LASF67
 657 01f0 56       		.byte	0x56
 658 01f1 07       		.uleb128 0x7
 659 01f2 140B0000 		.4byte	.LASF68
 660 01f6 57       		.byte	0x57
 661 01f7 07       		.uleb128 0x7
 662 01f8 83040000 		.4byte	.LASF69
 663 01fc 58       		.byte	0x58
 664 01fd 07       		.uleb128 0x7
 665 01fe 99020000 		.4byte	.LASF70
 666 0202 70       		.byte	0x70
ARM GAS  C:\Users\ARTEM\AppData\Local\Temp\ccTxii9p.s 			page 14


 667 0203 07       		.uleb128 0x7
 668 0204 570C0000 		.4byte	.LASF71
 669 0208 71       		.byte	0x71
 670 0209 07       		.uleb128 0x7
 671 020a 27070000 		.4byte	.LASF72
 672 020e 72       		.byte	0x72
 673 020f 07       		.uleb128 0x7
 674 0210 A8070000 		.4byte	.LASF73
 675 0214 73       		.byte	0x73
 676 0215 07       		.uleb128 0x7
 677 0216 F1080000 		.4byte	.LASF74
 678 021a 74       		.byte	0x74
 679 021b 07       		.uleb128 0x7
 680 021c 360C0000 		.4byte	.LASF75
 681 0220 75       		.byte	0x75
 682 0221 07       		.uleb128 0x7
 683 0222 19010000 		.4byte	.LASF76
 684 0226 76       		.byte	0x76
 685 0227 07       		.uleb128 0x7
 686 0228 3A000000 		.4byte	.LASF77
 687 022c 77       		.byte	0x77
 688 022d 07       		.uleb128 0x7
 689 022e 3D0B0000 		.4byte	.LASF78
 690 0232 78       		.byte	0x78
 691 0233 07       		.uleb128 0x7
 692 0234 600B0000 		.4byte	.LASF79
 693 0238 79       		.byte	0x79
 694 0239 07       		.uleb128 0x7
 695 023a 38040000 		.4byte	.LASF80
 696 023e 7A       		.byte	0x7a
 697 023f 07       		.uleb128 0x7
 698 0240 57020000 		.4byte	.LASF81
 699 0244 FA       		.byte	0xfa
 700 0245 07       		.uleb128 0x7
 701 0246 EC040000 		.4byte	.LASF82
 702 024a FB       		.byte	0xfb
 703 024b 07       		.uleb128 0x7
 704 024c C7090000 		.4byte	.LASF83
 705 0250 FC       		.byte	0xfc
 706 0251 07       		.uleb128 0x7
 707 0252 DA0C0000 		.4byte	.LASF84
 708 0256 FD       		.byte	0xfd
 709 0257 07       		.uleb128 0x7
 710 0258 2A040000 		.4byte	.LASF85
 711 025c FF       		.byte	0xff
 712 025d 00       		.byte	0
 713 025e 08       		.uleb128 0x8
 714 025f 01       		.byte	0x1
 715 0260 2C000000 		.4byte	0x2c
 716 0264 03       		.byte	0x3
 717 0265 2B       		.byte	0x2b
 718 0266 83020000 		.4byte	0x283
 719 026a 07       		.uleb128 0x7
 720 026b 06010000 		.4byte	.LASF86
 721 026f 00       		.byte	0
 722 0270 07       		.uleb128 0x7
 723 0271 D9090000 		.4byte	.LASF87
ARM GAS  C:\Users\ARTEM\AppData\Local\Temp\ccTxii9p.s 			page 15


 724 0275 01       		.byte	0x1
 725 0276 07       		.uleb128 0x7
 726 0277 A4050000 		.4byte	.LASF88
 727 027b 02       		.byte	0x2
 728 027c 07       		.uleb128 0x7
 729 027d 44060000 		.4byte	.LASF89
 730 0281 03       		.byte	0x3
 731 0282 00       		.byte	0
 732 0283 08       		.uleb128 0x8
 733 0284 01       		.byte	0x1
 734 0285 2C000000 		.4byte	0x2c
 735 0289 03       		.byte	0x3
 736 028a 34       		.byte	0x34
 737 028b C6020000 		.4byte	0x2c6
 738 028f 07       		.uleb128 0x7
 739 0290 AA0B0000 		.4byte	.LASF90
 740 0294 00       		.byte	0
 741 0295 07       		.uleb128 0x7
 742 0296 CB030000 		.4byte	.LASF91
 743 029a 01       		.byte	0x1
 744 029b 07       		.uleb128 0x7
 745 029c DF000000 		.4byte	.LASF92
 746 02a0 02       		.byte	0x2
 747 02a1 07       		.uleb128 0x7
 748 02a2 75020000 		.4byte	.LASF93
 749 02a6 03       		.byte	0x3
 750 02a7 07       		.uleb128 0x7
 751 02a8 22060000 		.4byte	.LASF94
 752 02ac 04       		.byte	0x4
 753 02ad 07       		.uleb128 0x7
 754 02ae 9E080000 		.4byte	.LASF95
 755 02b2 05       		.byte	0x5
 756 02b3 07       		.uleb128 0x7
 757 02b4 AD0C0000 		.4byte	.LASF96
 758 02b8 06       		.byte	0x6
 759 02b9 07       		.uleb128 0x7
 760 02ba EC060000 		.4byte	.LASF97
 761 02be 06       		.byte	0x6
 762 02bf 07       		.uleb128 0x7
 763 02c0 D5040000 		.4byte	.LASF98
 764 02c4 07       		.byte	0x7
 765 02c5 00       		.byte	0
 766 02c6 09       		.uleb128 0x9
 767 02c7 E50B0000 		.4byte	.LASF99
 768 02cb 01       		.byte	0x1
 769 02cc 05       		.byte	0x5
 770 02cd 00000000 		.4byte	.LFB36
 771 02d1 08000000 		.4byte	.LFE36-.LFB36
 772 02d5 01       		.uleb128 0x1
 773 02d6 9C       		.byte	0x9c
 774 02d7 FC020000 		.4byte	0x2fc
 775 02db 0A       		.uleb128 0xa
 776 02dc FF0A0000 		.4byte	.LASF101
 777 02e0 01       		.byte	0x1
 778 02e1 05       		.byte	0x5
 779 02e2 9A000000 		.4byte	0x9a
 780 02e6 00000000 		.4byte	.LLST0
ARM GAS  C:\Users\ARTEM\AppData\Local\Temp\ccTxii9p.s 			page 16


 781 02ea 0B       		.uleb128 0xb
 782 02eb 06000000 		.4byte	.LVL1
 783 02ef 77060000 		.4byte	0x677
 784 02f3 0C       		.uleb128 0xc
 785 02f4 01       		.uleb128 0x1
 786 02f5 50       		.byte	0x50
 787 02f6 03       		.uleb128 0x3
 788 02f7 F3       		.byte	0xf3
 789 02f8 01       		.uleb128 0x1
 790 02f9 50       		.byte	0x50
 791 02fa 00       		.byte	0
 792 02fb 00       		.byte	0
 793 02fc 09       		.uleb128 0x9
 794 02fd 46090000 		.4byte	.LASF100
 795 0301 01       		.byte	0x1
 796 0302 08       		.byte	0x8
 797 0303 00000000 		.4byte	.LFB37
 798 0307 14000000 		.4byte	.LFE37-.LFB37
 799 030b 01       		.uleb128 0x1
 800 030c 9C       		.byte	0x9c
 801 030d 58030000 		.4byte	0x358
 802 0311 0A       		.uleb128 0xa
 803 0312 FF0A0000 		.4byte	.LASF101
 804 0316 01       		.byte	0x1
 805 0317 08       		.byte	0x8
 806 0318 9A000000 		.4byte	0x9a
 807 031c 21000000 		.4byte	.LLST1
 808 0320 0D       		.uleb128 0xd
 809 0321 06000000 		.4byte	.LVL3
 810 0325 77060000 		.4byte	0x677
 811 0329 35030000 		.4byte	0x335
 812 032d 0C       		.uleb128 0xc
 813 032e 01       		.uleb128 0x1
 814 032f 50       		.byte	0x50
 815 0330 03       		.uleb128 0x3
 816 0331 F3       		.byte	0xf3
 817 0332 01       		.uleb128 0x1
 818 0333 50       		.byte	0x50
 819 0334 00       		.byte	0
 820 0335 0D       		.uleb128 0xd
 821 0336 0C000000 		.4byte	.LVL4
 822 033a 83060000 		.4byte	0x683
 823 033e 48030000 		.4byte	0x348
 824 0342 0C       		.uleb128 0xc
 825 0343 01       		.uleb128 0x1
 826 0344 50       		.byte	0x50
 827 0345 01       		.uleb128 0x1
 828 0346 3A       		.byte	0x3a
 829 0347 00       		.byte	0
 830 0348 0B       		.uleb128 0xb
 831 0349 12000000 		.4byte	.LVL5
 832 034d 83060000 		.4byte	0x683
 833 0351 0C       		.uleb128 0xc
 834 0352 01       		.uleb128 0x1
 835 0353 50       		.byte	0x50
 836 0354 01       		.uleb128 0x1
 837 0355 3D       		.byte	0x3d
ARM GAS  C:\Users\ARTEM\AppData\Local\Temp\ccTxii9p.s 			page 17


 838 0356 00       		.byte	0
 839 0357 00       		.byte	0
 840 0358 0E       		.uleb128 0xe
 841 0359 BF080000 		.4byte	.LASF106
 842 035d 01       		.byte	0x1
 843 035e 11       		.byte	0x11
 844 035f 00000000 		.4byte	.LFB38
 845 0363 08010000 		.4byte	.LFE38-.LFB38
 846 0367 01       		.uleb128 0x1
 847 0368 9C       		.byte	0x9c
 848 0369 47050000 		.4byte	0x547
 849 036d 0F       		.uleb128 0xf
 850 036e 67070000 		.4byte	.LASF102
 851 0372 01       		.byte	0x1
 852 0373 1E       		.byte	0x1e
 853 0374 5D000000 		.4byte	0x5d
 854 0378 42000000 		.4byte	.LLST2
 855 037c 0F       		.uleb128 0xf
 856 037d 7D0C0000 		.4byte	.LASF103
 857 0381 01       		.byte	0x1
 858 0382 1E       		.byte	0x1e
 859 0383 5D000000 		.4byte	0x5d
 860 0387 6C000000 		.4byte	.LLST3
 861 038b 10       		.uleb128 0x10
 862 038c 02000000 		.4byte	.LBB2
 863 0390 30000000 		.4byte	.LBE2-.LBB2
 864 0394 D8030000 		.4byte	0x3d8
 865 0398 11       		.uleb128 0x11
 866 0399 59000000 		.4byte	.LASF104
 867 039d 01       		.byte	0x1
 868 039e 12       		.byte	0x12
 869 039f 5D000000 		.4byte	0x5d
 870 03a3 A9030000 		.4byte	0x3a9
 871 03a7 12       		.uleb128 0x12
 872 03a8 00       		.byte	0
 873 03a9 0D       		.uleb128 0xd
 874 03aa 10000000 		.4byte	.LVL6
 875 03ae 8F060000 		.4byte	0x68f
 876 03b2 BC030000 		.4byte	0x3bc
 877 03b6 0C       		.uleb128 0xc
 878 03b7 01       		.uleb128 0x1
 879 03b8 50       		.byte	0x50
 880 03b9 01       		.uleb128 0x1
 881 03ba 31       		.byte	0x31
 882 03bb 00       		.byte	0
 883 03bc 13       		.uleb128 0x13
 884 03bd 1A000000 		.4byte	.LVL7
 885 03c1 8F060000 		.4byte	0x68f
 886 03c5 13       		.uleb128 0x13
 887 03c6 24000000 		.4byte	.LVL8
 888 03ca 8F060000 		.4byte	0x68f
 889 03ce 13       		.uleb128 0x13
 890 03cf 2E000000 		.4byte	.LVL9
 891 03d3 8F060000 		.4byte	0x68f
 892 03d7 00       		.byte	0
 893 03d8 10       		.uleb128 0x10
 894 03d9 50000000 		.4byte	.LBB3
ARM GAS  C:\Users\ARTEM\AppData\Local\Temp\ccTxii9p.s 			page 18


 895 03dd 84000000 		.4byte	.LBE3-.LBB3
 896 03e1 24050000 		.4byte	0x524
 897 03e5 14       		.uleb128 0x14
 898 03e6 6900     		.ascii	"i\000"
 899 03e8 01       		.byte	0x1
 900 03e9 1F       		.byte	0x1f
 901 03ea 5D000000 		.4byte	0x5d
 902 03ee 96000000 		.4byte	.LLST4
 903 03f2 15       		.uleb128 0x15
 904 03f3 54000000 		.4byte	.LBB4
 905 03f7 7A000000 		.4byte	.LBE4-.LBB4
 906 03fb 11       		.uleb128 0x11
 907 03fc 59000000 		.4byte	.LASF104
 908 0400 01       		.byte	0x1
 909 0401 12       		.byte	0x12
 910 0402 5D000000 		.4byte	0x5d
 911 0406 0C040000 		.4byte	0x40c
 912 040a 12       		.uleb128 0x12
 913 040b 00       		.byte	0
 914 040c 11       		.uleb128 0x11
 915 040d F0070000 		.4byte	.LASF105
 916 0411 01       		.byte	0x1
 917 0412 28       		.byte	0x28
 918 0413 5D000000 		.4byte	0x5d
 919 0417 1D040000 		.4byte	0x41d
 920 041b 12       		.uleb128 0x12
 921 041c 00       		.byte	0
 922 041d 0D       		.uleb128 0xd
 923 041e 60000000 		.4byte	.LVL12
 924 0422 C6020000 		.4byte	0x2c6
 925 0426 3A040000 		.4byte	0x43a
 926 042a 0C       		.uleb128 0xc
 927 042b 01       		.uleb128 0x1
 928 042c 50       		.byte	0x50
 929 042d 0B       		.uleb128 0xb
 930 042e 77       		.byte	0x77
 931 042f 7F       		.sleb128 -1
 932 0430 32       		.byte	0x32
 933 0431 24       		.byte	0x24
 934 0432 03       		.byte	0x3
 935 0433 00000000 		.4byte	.LANCHOR1
 936 0437 22       		.byte	0x22
 937 0438 06       		.byte	0x6
 938 0439 00       		.byte	0
 939 043a 0D       		.uleb128 0xd
 940 043b 66000000 		.4byte	.LVL13
 941 043f C6020000 		.4byte	0x2c6
 942 0443 51040000 		.4byte	0x451
 943 0447 0C       		.uleb128 0xc
 944 0448 01       		.uleb128 0x1
 945 0449 50       		.byte	0x50
 946 044a 05       		.uleb128 0x5
 947 044b 03       		.byte	0x3
 948 044c 00000000 		.4byte	.LC3
 949 0450 00       		.byte	0
 950 0451 0D       		.uleb128 0xd
 951 0452 6C000000 		.4byte	.LVL14
ARM GAS  C:\Users\ARTEM\AppData\Local\Temp\ccTxii9p.s 			page 19


 952 0456 8F060000 		.4byte	0x68f
 953 045a 65040000 		.4byte	0x465
 954 045e 0C       		.uleb128 0xc
 955 045f 01       		.uleb128 0x1
 956 0460 50       		.byte	0x50
 957 0461 02       		.uleb128 0x2
 958 0462 77       		.byte	0x77
 959 0463 00       		.sleb128 0
 960 0464 00       		.byte	0
 961 0465 0D       		.uleb128 0xd
 962 0466 7E000000 		.4byte	.LVL17
 963 046a 9A060000 		.4byte	0x69a
 964 046e 8F040000 		.4byte	0x48f
 965 0472 0C       		.uleb128 0xc
 966 0473 01       		.uleb128 0x1
 967 0474 50       		.byte	0x50
 968 0475 02       		.uleb128 0x2
 969 0476 75       		.byte	0x75
 970 0477 00       		.sleb128 0
 971 0478 0C       		.uleb128 0xc
 972 0479 01       		.uleb128 0x1
 973 047a 51       		.byte	0x51
 974 047b 05       		.uleb128 0x5
 975 047c 03       		.byte	0x3
 976 047d 04000000 		.4byte	.LC5
 977 0481 0C       		.uleb128 0xc
 978 0482 01       		.uleb128 0x1
 979 0483 52       		.byte	0x52
 980 0484 09       		.uleb128 0x9
 981 0485 74       		.byte	0x74
 982 0486 00       		.sleb128 0
 983 0487 4F       		.byte	0x4f
 984 0488 25       		.byte	0x25
 985 0489 74       		.byte	0x74
 986 048a 00       		.sleb128 0
 987 048b 22       		.byte	0x22
 988 048c 31       		.byte	0x31
 989 048d 26       		.byte	0x26
 990 048e 00       		.byte	0
 991 048f 0D       		.uleb128 0xd
 992 0490 84000000 		.4byte	.LVL18
 993 0494 C6020000 		.4byte	0x2c6
 994 0498 A3040000 		.4byte	0x4a3
 995 049c 0C       		.uleb128 0xc
 996 049d 01       		.uleb128 0x1
 997 049e 50       		.byte	0x50
 998 049f 02       		.uleb128 0x2
 999 04a0 75       		.byte	0x75
 1000 04a1 00       		.sleb128 0
 1001 04a2 00       		.byte	0
 1002 04a3 0D       		.uleb128 0xd
 1003 04a4 8A000000 		.4byte	.LVL19
 1004 04a8 A5060000 		.4byte	0x6a5
 1005 04ac B7040000 		.4byte	0x4b7
 1006 04b0 0C       		.uleb128 0xc
 1007 04b1 01       		.uleb128 0x1
 1008 04b2 50       		.byte	0x50
ARM GAS  C:\Users\ARTEM\AppData\Local\Temp\ccTxii9p.s 			page 20


 1009 04b3 02       		.uleb128 0x2
 1010 04b4 77       		.byte	0x77
 1011 04b5 00       		.sleb128 0
 1012 04b6 00       		.byte	0
 1013 04b7 0D       		.uleb128 0xd
 1014 04b8 9A000000 		.4byte	.LVL22
 1015 04bc 9A060000 		.4byte	0x69a
 1016 04c0 E1040000 		.4byte	0x4e1
 1017 04c4 0C       		.uleb128 0xc
 1018 04c5 01       		.uleb128 0x1
 1019 04c6 50       		.byte	0x50
 1020 04c7 02       		.uleb128 0x2
 1021 04c8 75       		.byte	0x75
 1022 04c9 00       		.sleb128 0
 1023 04ca 0C       		.uleb128 0xc
 1024 04cb 01       		.uleb128 0x1
 1025 04cc 51       		.byte	0x51
 1026 04cd 05       		.uleb128 0x5
 1027 04ce 03       		.byte	0x3
 1028 04cf 08000000 		.4byte	.LC8
 1029 04d3 0C       		.uleb128 0xc
 1030 04d4 01       		.uleb128 0x1
 1031 04d5 52       		.byte	0x52
 1032 04d6 09       		.uleb128 0x9
 1033 04d7 76       		.byte	0x76
 1034 04d8 00       		.sleb128 0
 1035 04d9 4F       		.byte	0x4f
 1036 04da 25       		.byte	0x25
 1037 04db 76       		.byte	0x76
 1038 04dc 00       		.sleb128 0
 1039 04dd 22       		.byte	0x22
 1040 04de 31       		.byte	0x31
 1041 04df 26       		.byte	0x26
 1042 04e0 00       		.byte	0
 1043 04e1 0D       		.uleb128 0xd
 1044 04e2 A0000000 		.4byte	.LVL23
 1045 04e6 C6020000 		.4byte	0x2c6
 1046 04ea F5040000 		.4byte	0x4f5
 1047 04ee 0C       		.uleb128 0xc
 1048 04ef 01       		.uleb128 0x1
 1049 04f0 50       		.byte	0x50
 1050 04f1 02       		.uleb128 0x2
 1051 04f2 75       		.byte	0x75
 1052 04f3 00       		.sleb128 0
 1053 04f4 00       		.byte	0
 1054 04f5 0D       		.uleb128 0xd
 1055 04f6 C8000000 		.4byte	.LVL27
 1056 04fa 9A060000 		.4byte	0x69a
 1057 04fe 12050000 		.4byte	0x512
 1058 0502 0C       		.uleb128 0xc
 1059 0503 01       		.uleb128 0x1
 1060 0504 50       		.byte	0x50
 1061 0505 02       		.uleb128 0x2
 1062 0506 75       		.byte	0x75
 1063 0507 00       		.sleb128 0
 1064 0508 0C       		.uleb128 0xc
 1065 0509 01       		.uleb128 0x1
ARM GAS  C:\Users\ARTEM\AppData\Local\Temp\ccTxii9p.s 			page 21


 1066 050a 51       		.byte	0x51
 1067 050b 05       		.uleb128 0x5
 1068 050c 03       		.byte	0x3
 1069 050d 08000000 		.4byte	.LC8
 1070 0511 00       		.byte	0
 1071 0512 0B       		.uleb128 0xb
 1072 0513 CE000000 		.4byte	.LVL28
 1073 0517 C6020000 		.4byte	0x2c6
 1074 051b 0C       		.uleb128 0xc
 1075 051c 01       		.uleb128 0x1
 1076 051d 50       		.byte	0x50
 1077 051e 02       		.uleb128 0x2
 1078 051f 75       		.byte	0x75
 1079 0520 00       		.sleb128 0
 1080 0521 00       		.byte	0
 1081 0522 00       		.byte	0
 1082 0523 00       		.byte	0
 1083 0524 0D       		.uleb128 0xd
 1084 0525 DA000000 		.4byte	.LVL30
 1085 0529 83060000 		.4byte	0x683
 1086 052d 37050000 		.4byte	0x537
 1087 0531 0C       		.uleb128 0xc
 1088 0532 01       		.uleb128 0x1
 1089 0533 50       		.byte	0x50
 1090 0534 01       		.uleb128 0x1
 1091 0535 3A       		.byte	0x3a
 1092 0536 00       		.byte	0
 1093 0537 0B       		.uleb128 0xb
 1094 0538 E0000000 		.4byte	.LVL31
 1095 053c 83060000 		.4byte	0x683
 1096 0540 0C       		.uleb128 0xc
 1097 0541 01       		.uleb128 0x1
 1098 0542 50       		.byte	0x50
 1099 0543 01       		.uleb128 0x1
 1100 0544 3D       		.byte	0x3d
 1101 0545 00       		.byte	0
 1102 0546 00       		.byte	0
 1103 0547 16       		.uleb128 0x16
 1104 0548 040B0000 		.4byte	.LASF107
 1105 054c 01       		.byte	0x1
 1106 054d 35       		.byte	0x35
 1107 054e 00000000 		.4byte	.LFB39
 1108 0552 4C000000 		.4byte	.LFE39-.LFB39
 1109 0556 01       		.uleb128 0x1
 1110 0557 9C       		.byte	0x9c
 1111 0558 72050000 		.4byte	0x572
 1112 055c 17       		.uleb128 0x17
 1113 055d 636800   		.ascii	"ch\000"
 1114 0560 01       		.byte	0x1
 1115 0561 36       		.byte	0x36
 1116 0562 85000000 		.4byte	0x85
 1117 0566 01       		.uleb128 0x1
 1118 0567 50       		.byte	0x50
 1119 0568 13       		.uleb128 0x13
 1120 0569 06000000 		.4byte	.LVL32
 1121 056d B0060000 		.4byte	0x6b0
 1122 0571 00       		.byte	0
ARM GAS  C:\Users\ARTEM\AppData\Local\Temp\ccTxii9p.s 			page 22


 1123 0572 18       		.uleb128 0x18
 1124 0573 9A000000 		.4byte	0x9a
 1125 0577 82050000 		.4byte	0x582
 1126 057b 19       		.uleb128 0x19
 1127 057c 93000000 		.4byte	0x93
 1128 0580 03       		.byte	0x3
 1129 0581 00       		.byte	0
 1130 0582 1A       		.uleb128 0x1a
 1131 0583 73030000 		.4byte	.LASF108
 1132 0587 04       		.byte	0x4
 1133 0588 0C       		.byte	0xc
 1134 0589 93050000 		.4byte	0x593
 1135 058d 05       		.uleb128 0x5
 1136 058e 03       		.byte	0x3
 1137 058f 00000000 		.4byte	MotorDirectionStr
 1138 0593 1B       		.uleb128 0x1b
 1139 0594 72050000 		.4byte	0x572
 1140 0598 18       		.uleb128 0x18
 1141 0599 85000000 		.4byte	0x85
 1142 059d A8050000 		.4byte	0x5a8
 1143 05a1 19       		.uleb128 0x19
 1144 05a2 93000000 		.4byte	0x93
 1145 05a6 03       		.byte	0x3
 1146 05a7 00       		.byte	0
 1147 05a8 1C       		.uleb128 0x1c
 1148 05a9 86090000 		.4byte	.LASF109
 1149 05ad 05       		.byte	0x5
 1150 05ae 0C       		.byte	0xc
 1151 05af 98050000 		.4byte	0x598
 1152 05b3 05       		.uleb128 0x5
 1153 05b4 03       		.byte	0x3
 1154 05b5 00000000 		.4byte	uart_rpm_buff
 1155 05b9 18       		.uleb128 0x18
 1156 05ba 85000000 		.4byte	0x85
 1157 05be C9050000 		.4byte	0x5c9
 1158 05c2 19       		.uleb128 0x19
 1159 05c3 93000000 		.4byte	0x93
 1160 05c7 0F       		.byte	0xf
 1161 05c8 00       		.byte	0
 1162 05c9 1D       		.uleb128 0x1d
 1163 05ca 73747200 		.ascii	"str\000"
 1164 05ce 05       		.byte	0x5
 1165 05cf 0D       		.byte	0xd
 1166 05d0 B9050000 		.4byte	0x5b9
 1167 05d4 05       		.uleb128 0x5
 1168 05d5 03       		.byte	0x3
 1169 05d6 00000000 		.4byte	str
 1170 05da 18       		.uleb128 0x18
 1171 05db 5D000000 		.4byte	0x5d
 1172 05df EA050000 		.4byte	0x5ea
 1173 05e3 19       		.uleb128 0x19
 1174 05e4 93000000 		.4byte	0x93
 1175 05e8 03       		.byte	0x3
 1176 05e9 00       		.byte	0
 1177 05ea 1C       		.uleb128 0x1c
 1178 05eb D80B0000 		.4byte	.LASF110
 1179 05ef 05       		.byte	0x5
ARM GAS  C:\Users\ARTEM\AppData\Local\Temp\ccTxii9p.s 			page 23


 1180 05f0 0E       		.byte	0xe
 1181 05f1 DA050000 		.4byte	0x5da
 1182 05f5 05       		.uleb128 0x5
 1183 05f6 03       		.byte	0x3
 1184 05f7 00000000 		.4byte	motor_speeds
 1185 05fb 1C       		.uleb128 0x1c
 1186 05fc 9C0B0000 		.4byte	.LASF111
 1187 0600 05       		.byte	0x5
 1188 0601 0F       		.byte	0xf
 1189 0602 0C060000 		.4byte	0x60c
 1190 0606 05       		.uleb128 0x5
 1191 0607 03       		.byte	0x3
 1192 0608 00000000 		.4byte	motorsEnabled
 1193 060c 02       		.uleb128 0x2
 1194 060d 01       		.byte	0x1
 1195 060e 02       		.byte	0x2
 1196 060f 4E090000 		.4byte	.LASF112
 1197 0613 1C       		.uleb128 0x1c
 1198 0614 EB090000 		.4byte	.LASF113
 1199 0618 04       		.byte	0x4
 1200 0619 0B       		.byte	0xb
 1201 061a 0C060000 		.4byte	0x60c
 1202 061e 05       		.uleb128 0x5
 1203 061f 03       		.byte	0x3
 1204 0620 00000000 		.4byte	disablePrintIfZeroRPM
 1205 0624 1C       		.uleb128 0x1c
 1206 0625 B9050000 		.4byte	.LASF114
 1207 0629 06       		.byte	0x6
 1208 062a 08       		.byte	0x8
 1209 062b 0C060000 		.4byte	0x60c
 1210 062f 05       		.uleb128 0x5
 1211 0630 03       		.byte	0x3
 1212 0631 00000000 		.4byte	doServe
 1213 0635 1C       		.uleb128 0x1c
 1214 0636 36090000 		.4byte	.LASF115
 1215 063a 06       		.byte	0x6
 1216 063b 09       		.byte	0x9
 1217 063c 0C060000 		.4byte	0x60c
 1218 0640 05       		.uleb128 0x5
 1219 0641 03       		.byte	0x3
 1220 0642 00000000 		.4byte	isServing
 1221 0646 1C       		.uleb128 0x1c
 1222 0647 9E090000 		.4byte	.LASF116
 1223 064b 01       		.byte	0x1
 1224 064c 0E       		.byte	0xe
 1225 064d 5D000000 		.4byte	0x5d
 1226 0651 05       		.uleb128 0x5
 1227 0652 03       		.byte	0x3
 1228 0653 00000000 		.4byte	counter
 1229 0657 1C       		.uleb128 0x1c
 1230 0658 5C040000 		.4byte	.LASF117
 1231 065c 01       		.byte	0x1
 1232 065d 0F       		.byte	0xf
 1233 065e DA050000 		.4byte	0x5da
 1234 0662 05       		.uleb128 0x5
 1235 0663 03       		.byte	0x3
 1236 0664 00000000 		.4byte	variances
ARM GAS  C:\Users\ARTEM\AppData\Local\Temp\ccTxii9p.s 			page 24


 1237 0668 1D       		.uleb128 0x1d
 1238 0669 6E00     		.ascii	"n\000"
 1239 066b 01       		.byte	0x1
 1240 066c 10       		.byte	0x10
 1241 066d 5D000000 		.4byte	0x5d
 1242 0671 05       		.uleb128 0x5
 1243 0672 03       		.byte	0x3
 1244 0673 00000000 		.4byte	n
 1245 0677 1E       		.uleb128 0x1e
 1246 0678 0B050000 		.4byte	.LASF118
 1247 067c 0B050000 		.4byte	.LASF118
 1248 0680 07       		.byte	0x7
 1249 0681 2A03     		.2byte	0x32a
 1250 0683 1E       		.uleb128 0x1e
 1251 0684 49080000 		.4byte	.LASF119
 1252 0688 49080000 		.4byte	.LASF119
 1253 068c 07       		.byte	0x7
 1254 068d 4403     		.2byte	0x344
 1255 068f 1F       		.uleb128 0x1f
 1256 0690 59000000 		.4byte	.LASF104
 1257 0694 59000000 		.4byte	.LASF104
 1258 0698 01       		.byte	0x1
 1259 0699 12       		.byte	0x12
 1260 069a 1F       		.uleb128 0x1f
 1261 069b AE000000 		.4byte	.LASF120
 1262 069f AE000000 		.4byte	.LASF120
 1263 06a3 08       		.byte	0x8
 1264 06a4 E7       		.byte	0xe7
 1265 06a5 1F       		.uleb128 0x1f
 1266 06a6 F0070000 		.4byte	.LASF105
 1267 06aa F0070000 		.4byte	.LASF105
 1268 06ae 01       		.byte	0x1
 1269 06af 28       		.byte	0x28
 1270 06b0 1E       		.uleb128 0x1e
 1271 06b1 9C0A0000 		.4byte	.LASF121
 1272 06b5 9C0A0000 		.4byte	.LASF121
 1273 06b9 07       		.byte	0x7
 1274 06ba 0F03     		.2byte	0x30f
 1275 06bc 00       		.byte	0
 1276              		.section	.debug_abbrev,"",%progbits
 1277              	.Ldebug_abbrev0:
 1278 0000 01       		.uleb128 0x1
 1279 0001 11       		.uleb128 0x11
 1280 0002 01       		.byte	0x1
 1281 0003 25       		.uleb128 0x25
 1282 0004 0E       		.uleb128 0xe
 1283 0005 13       		.uleb128 0x13
 1284 0006 0B       		.uleb128 0xb
 1285 0007 03       		.uleb128 0x3
 1286 0008 0E       		.uleb128 0xe
 1287 0009 1B       		.uleb128 0x1b
 1288 000a 0E       		.uleb128 0xe
 1289 000b 55       		.uleb128 0x55
 1290 000c 17       		.uleb128 0x17
 1291 000d 11       		.uleb128 0x11
 1292 000e 01       		.uleb128 0x1
 1293 000f 10       		.uleb128 0x10
ARM GAS  C:\Users\ARTEM\AppData\Local\Temp\ccTxii9p.s 			page 25


 1294 0010 17       		.uleb128 0x17
 1295 0011 00       		.byte	0
 1296 0012 00       		.byte	0
 1297 0013 02       		.uleb128 0x2
 1298 0014 24       		.uleb128 0x24
 1299 0015 00       		.byte	0
 1300 0016 0B       		.uleb128 0xb
 1301 0017 0B       		.uleb128 0xb
 1302 0018 3E       		.uleb128 0x3e
 1303 0019 0B       		.uleb128 0xb
 1304 001a 03       		.uleb128 0x3
 1305 001b 0E       		.uleb128 0xe
 1306 001c 00       		.byte	0
 1307 001d 00       		.byte	0
 1308 001e 03       		.uleb128 0x3
 1309 001f 24       		.uleb128 0x24
 1310 0020 00       		.byte	0
 1311 0021 0B       		.uleb128 0xb
 1312 0022 0B       		.uleb128 0xb
 1313 0023 3E       		.uleb128 0x3e
 1314 0024 0B       		.uleb128 0xb
 1315 0025 03       		.uleb128 0x3
 1316 0026 08       		.uleb128 0x8
 1317 0027 00       		.byte	0
 1318 0028 00       		.byte	0
 1319 0029 04       		.uleb128 0x4
 1320 002a 16       		.uleb128 0x16
 1321 002b 00       		.byte	0
 1322 002c 03       		.uleb128 0x3
 1323 002d 0E       		.uleb128 0xe
 1324 002e 3A       		.uleb128 0x3a
 1325 002f 0B       		.uleb128 0xb
 1326 0030 3B       		.uleb128 0x3b
 1327 0031 05       		.uleb128 0x5
 1328 0032 49       		.uleb128 0x49
 1329 0033 13       		.uleb128 0x13
 1330 0034 00       		.byte	0
 1331 0035 00       		.byte	0
 1332 0036 05       		.uleb128 0x5
 1333 0037 0F       		.uleb128 0xf
 1334 0038 00       		.byte	0
 1335 0039 0B       		.uleb128 0xb
 1336 003a 0B       		.uleb128 0xb
 1337 003b 49       		.uleb128 0x49
 1338 003c 13       		.uleb128 0x13
 1339 003d 00       		.byte	0
 1340 003e 00       		.byte	0
 1341 003f 06       		.uleb128 0x6
 1342 0040 04       		.uleb128 0x4
 1343 0041 01       		.byte	0x1
 1344 0042 0B       		.uleb128 0xb
 1345 0043 0B       		.uleb128 0xb
 1346 0044 49       		.uleb128 0x49
 1347 0045 13       		.uleb128 0x13
 1348 0046 3A       		.uleb128 0x3a
 1349 0047 0B       		.uleb128 0xb
 1350 0048 3B       		.uleb128 0x3b
ARM GAS  C:\Users\ARTEM\AppData\Local\Temp\ccTxii9p.s 			page 26


 1351 0049 05       		.uleb128 0x5
 1352 004a 01       		.uleb128 0x1
 1353 004b 13       		.uleb128 0x13
 1354 004c 00       		.byte	0
 1355 004d 00       		.byte	0
 1356 004e 07       		.uleb128 0x7
 1357 004f 28       		.uleb128 0x28
 1358 0050 00       		.byte	0
 1359 0051 03       		.uleb128 0x3
 1360 0052 0E       		.uleb128 0xe
 1361 0053 1C       		.uleb128 0x1c
 1362 0054 0B       		.uleb128 0xb
 1363 0055 00       		.byte	0
 1364 0056 00       		.byte	0
 1365 0057 08       		.uleb128 0x8
 1366 0058 04       		.uleb128 0x4
 1367 0059 01       		.byte	0x1
 1368 005a 0B       		.uleb128 0xb
 1369 005b 0B       		.uleb128 0xb
 1370 005c 49       		.uleb128 0x49
 1371 005d 13       		.uleb128 0x13
 1372 005e 3A       		.uleb128 0x3a
 1373 005f 0B       		.uleb128 0xb
 1374 0060 3B       		.uleb128 0x3b
 1375 0061 0B       		.uleb128 0xb
 1376 0062 01       		.uleb128 0x1
 1377 0063 13       		.uleb128 0x13
 1378 0064 00       		.byte	0
 1379 0065 00       		.byte	0
 1380 0066 09       		.uleb128 0x9
 1381 0067 2E       		.uleb128 0x2e
 1382 0068 01       		.byte	0x1
 1383 0069 3F       		.uleb128 0x3f
 1384 006a 19       		.uleb128 0x19
 1385 006b 03       		.uleb128 0x3
 1386 006c 0E       		.uleb128 0xe
 1387 006d 3A       		.uleb128 0x3a
 1388 006e 0B       		.uleb128 0xb
 1389 006f 3B       		.uleb128 0x3b
 1390 0070 0B       		.uleb128 0xb
 1391 0071 27       		.uleb128 0x27
 1392 0072 19       		.uleb128 0x19
 1393 0073 11       		.uleb128 0x11
 1394 0074 01       		.uleb128 0x1
 1395 0075 12       		.uleb128 0x12
 1396 0076 06       		.uleb128 0x6
 1397 0077 40       		.uleb128 0x40
 1398 0078 18       		.uleb128 0x18
 1399 0079 9742     		.uleb128 0x2117
 1400 007b 19       		.uleb128 0x19
 1401 007c 01       		.uleb128 0x1
 1402 007d 13       		.uleb128 0x13
 1403 007e 00       		.byte	0
 1404 007f 00       		.byte	0
 1405 0080 0A       		.uleb128 0xa
 1406 0081 05       		.uleb128 0x5
 1407 0082 00       		.byte	0
ARM GAS  C:\Users\ARTEM\AppData\Local\Temp\ccTxii9p.s 			page 27


 1408 0083 03       		.uleb128 0x3
 1409 0084 0E       		.uleb128 0xe
 1410 0085 3A       		.uleb128 0x3a
 1411 0086 0B       		.uleb128 0xb
 1412 0087 3B       		.uleb128 0x3b
 1413 0088 0B       		.uleb128 0xb
 1414 0089 49       		.uleb128 0x49
 1415 008a 13       		.uleb128 0x13
 1416 008b 02       		.uleb128 0x2
 1417 008c 17       		.uleb128 0x17
 1418 008d 00       		.byte	0
 1419 008e 00       		.byte	0
 1420 008f 0B       		.uleb128 0xb
 1421 0090 898201   		.uleb128 0x4109
 1422 0093 01       		.byte	0x1
 1423 0094 11       		.uleb128 0x11
 1424 0095 01       		.uleb128 0x1
 1425 0096 31       		.uleb128 0x31
 1426 0097 13       		.uleb128 0x13
 1427 0098 00       		.byte	0
 1428 0099 00       		.byte	0
 1429 009a 0C       		.uleb128 0xc
 1430 009b 8A8201   		.uleb128 0x410a
 1431 009e 00       		.byte	0
 1432 009f 02       		.uleb128 0x2
 1433 00a0 18       		.uleb128 0x18
 1434 00a1 9142     		.uleb128 0x2111
 1435 00a3 18       		.uleb128 0x18
 1436 00a4 00       		.byte	0
 1437 00a5 00       		.byte	0
 1438 00a6 0D       		.uleb128 0xd
 1439 00a7 898201   		.uleb128 0x4109
 1440 00aa 01       		.byte	0x1
 1441 00ab 11       		.uleb128 0x11
 1442 00ac 01       		.uleb128 0x1
 1443 00ad 31       		.uleb128 0x31
 1444 00ae 13       		.uleb128 0x13
 1445 00af 01       		.uleb128 0x1
 1446 00b0 13       		.uleb128 0x13
 1447 00b1 00       		.byte	0
 1448 00b2 00       		.byte	0
 1449 00b3 0E       		.uleb128 0xe
 1450 00b4 2E       		.uleb128 0x2e
 1451 00b5 01       		.byte	0x1
 1452 00b6 3F       		.uleb128 0x3f
 1453 00b7 19       		.uleb128 0x19
 1454 00b8 03       		.uleb128 0x3
 1455 00b9 0E       		.uleb128 0xe
 1456 00ba 3A       		.uleb128 0x3a
 1457 00bb 0B       		.uleb128 0xb
 1458 00bc 3B       		.uleb128 0x3b
 1459 00bd 0B       		.uleb128 0xb
 1460 00be 11       		.uleb128 0x11
 1461 00bf 01       		.uleb128 0x1
 1462 00c0 12       		.uleb128 0x12
 1463 00c1 06       		.uleb128 0x6
 1464 00c2 40       		.uleb128 0x40
ARM GAS  C:\Users\ARTEM\AppData\Local\Temp\ccTxii9p.s 			page 28


 1465 00c3 18       		.uleb128 0x18
 1466 00c4 9642     		.uleb128 0x2116
 1467 00c6 19       		.uleb128 0x19
 1468 00c7 01       		.uleb128 0x1
 1469 00c8 13       		.uleb128 0x13
 1470 00c9 00       		.byte	0
 1471 00ca 00       		.byte	0
 1472 00cb 0F       		.uleb128 0xf
 1473 00cc 34       		.uleb128 0x34
 1474 00cd 00       		.byte	0
 1475 00ce 03       		.uleb128 0x3
 1476 00cf 0E       		.uleb128 0xe
 1477 00d0 3A       		.uleb128 0x3a
 1478 00d1 0B       		.uleb128 0xb
 1479 00d2 3B       		.uleb128 0x3b
 1480 00d3 0B       		.uleb128 0xb
 1481 00d4 49       		.uleb128 0x49
 1482 00d5 13       		.uleb128 0x13
 1483 00d6 02       		.uleb128 0x2
 1484 00d7 17       		.uleb128 0x17
 1485 00d8 00       		.byte	0
 1486 00d9 00       		.byte	0
 1487 00da 10       		.uleb128 0x10
 1488 00db 0B       		.uleb128 0xb
 1489 00dc 01       		.byte	0x1
 1490 00dd 11       		.uleb128 0x11
 1491 00de 01       		.uleb128 0x1
 1492 00df 12       		.uleb128 0x12
 1493 00e0 06       		.uleb128 0x6
 1494 00e1 01       		.uleb128 0x1
 1495 00e2 13       		.uleb128 0x13
 1496 00e3 00       		.byte	0
 1497 00e4 00       		.byte	0
 1498 00e5 11       		.uleb128 0x11
 1499 00e6 2E       		.uleb128 0x2e
 1500 00e7 01       		.byte	0x1
 1501 00e8 3F       		.uleb128 0x3f
 1502 00e9 19       		.uleb128 0x19
 1503 00ea 03       		.uleb128 0x3
 1504 00eb 0E       		.uleb128 0xe
 1505 00ec 3A       		.uleb128 0x3a
 1506 00ed 0B       		.uleb128 0xb
 1507 00ee 3B       		.uleb128 0x3b
 1508 00ef 0B       		.uleb128 0xb
 1509 00f0 49       		.uleb128 0x49
 1510 00f1 13       		.uleb128 0x13
 1511 00f2 3C       		.uleb128 0x3c
 1512 00f3 19       		.uleb128 0x19
 1513 00f4 01       		.uleb128 0x1
 1514 00f5 13       		.uleb128 0x13
 1515 00f6 00       		.byte	0
 1516 00f7 00       		.byte	0
 1517 00f8 12       		.uleb128 0x12
 1518 00f9 18       		.uleb128 0x18
 1519 00fa 00       		.byte	0
 1520 00fb 00       		.byte	0
 1521 00fc 00       		.byte	0
ARM GAS  C:\Users\ARTEM\AppData\Local\Temp\ccTxii9p.s 			page 29


 1522 00fd 13       		.uleb128 0x13
 1523 00fe 898201   		.uleb128 0x4109
 1524 0101 00       		.byte	0
 1525 0102 11       		.uleb128 0x11
 1526 0103 01       		.uleb128 0x1
 1527 0104 31       		.uleb128 0x31
 1528 0105 13       		.uleb128 0x13
 1529 0106 00       		.byte	0
 1530 0107 00       		.byte	0
 1531 0108 14       		.uleb128 0x14
 1532 0109 34       		.uleb128 0x34
 1533 010a 00       		.byte	0
 1534 010b 03       		.uleb128 0x3
 1535 010c 08       		.uleb128 0x8
 1536 010d 3A       		.uleb128 0x3a
 1537 010e 0B       		.uleb128 0xb
 1538 010f 3B       		.uleb128 0x3b
 1539 0110 0B       		.uleb128 0xb
 1540 0111 49       		.uleb128 0x49
 1541 0112 13       		.uleb128 0x13
 1542 0113 02       		.uleb128 0x2
 1543 0114 17       		.uleb128 0x17
 1544 0115 00       		.byte	0
 1545 0116 00       		.byte	0
 1546 0117 15       		.uleb128 0x15
 1547 0118 0B       		.uleb128 0xb
 1548 0119 01       		.byte	0x1
 1549 011a 11       		.uleb128 0x11
 1550 011b 01       		.uleb128 0x1
 1551 011c 12       		.uleb128 0x12
 1552 011d 06       		.uleb128 0x6
 1553 011e 00       		.byte	0
 1554 011f 00       		.byte	0
 1555 0120 16       		.uleb128 0x16
 1556 0121 2E       		.uleb128 0x2e
 1557 0122 01       		.byte	0x1
 1558 0123 3F       		.uleb128 0x3f
 1559 0124 19       		.uleb128 0x19
 1560 0125 03       		.uleb128 0x3
 1561 0126 0E       		.uleb128 0xe
 1562 0127 3A       		.uleb128 0x3a
 1563 0128 0B       		.uleb128 0xb
 1564 0129 3B       		.uleb128 0x3b
 1565 012a 0B       		.uleb128 0xb
 1566 012b 11       		.uleb128 0x11
 1567 012c 01       		.uleb128 0x1
 1568 012d 12       		.uleb128 0x12
 1569 012e 06       		.uleb128 0x6
 1570 012f 40       		.uleb128 0x40
 1571 0130 18       		.uleb128 0x18
 1572 0131 9742     		.uleb128 0x2117
 1573 0133 19       		.uleb128 0x19
 1574 0134 01       		.uleb128 0x1
 1575 0135 13       		.uleb128 0x13
 1576 0136 00       		.byte	0
 1577 0137 00       		.byte	0
 1578 0138 17       		.uleb128 0x17
ARM GAS  C:\Users\ARTEM\AppData\Local\Temp\ccTxii9p.s 			page 30


 1579 0139 34       		.uleb128 0x34
 1580 013a 00       		.byte	0
 1581 013b 03       		.uleb128 0x3
 1582 013c 08       		.uleb128 0x8
 1583 013d 3A       		.uleb128 0x3a
 1584 013e 0B       		.uleb128 0xb
 1585 013f 3B       		.uleb128 0x3b
 1586 0140 0B       		.uleb128 0xb
 1587 0141 49       		.uleb128 0x49
 1588 0142 13       		.uleb128 0x13
 1589 0143 02       		.uleb128 0x2
 1590 0144 18       		.uleb128 0x18
 1591 0145 00       		.byte	0
 1592 0146 00       		.byte	0
 1593 0147 18       		.uleb128 0x18
 1594 0148 01       		.uleb128 0x1
 1595 0149 01       		.byte	0x1
 1596 014a 49       		.uleb128 0x49
 1597 014b 13       		.uleb128 0x13
 1598 014c 01       		.uleb128 0x1
 1599 014d 13       		.uleb128 0x13
 1600 014e 00       		.byte	0
 1601 014f 00       		.byte	0
 1602 0150 19       		.uleb128 0x19
 1603 0151 21       		.uleb128 0x21
 1604 0152 00       		.byte	0
 1605 0153 49       		.uleb128 0x49
 1606 0154 13       		.uleb128 0x13
 1607 0155 2F       		.uleb128 0x2f
 1608 0156 0B       		.uleb128 0xb
 1609 0157 00       		.byte	0
 1610 0158 00       		.byte	0
 1611 0159 1A       		.uleb128 0x1a
 1612 015a 34       		.uleb128 0x34
 1613 015b 00       		.byte	0
 1614 015c 03       		.uleb128 0x3
 1615 015d 0E       		.uleb128 0xe
 1616 015e 3A       		.uleb128 0x3a
 1617 015f 0B       		.uleb128 0xb
 1618 0160 3B       		.uleb128 0x3b
 1619 0161 0B       		.uleb128 0xb
 1620 0162 49       		.uleb128 0x49
 1621 0163 13       		.uleb128 0x13
 1622 0164 02       		.uleb128 0x2
 1623 0165 18       		.uleb128 0x18
 1624 0166 00       		.byte	0
 1625 0167 00       		.byte	0
 1626 0168 1B       		.uleb128 0x1b
 1627 0169 26       		.uleb128 0x26
 1628 016a 00       		.byte	0
 1629 016b 49       		.uleb128 0x49
 1630 016c 13       		.uleb128 0x13
 1631 016d 00       		.byte	0
 1632 016e 00       		.byte	0
 1633 016f 1C       		.uleb128 0x1c
 1634 0170 34       		.uleb128 0x34
 1635 0171 00       		.byte	0
ARM GAS  C:\Users\ARTEM\AppData\Local\Temp\ccTxii9p.s 			page 31


 1636 0172 03       		.uleb128 0x3
 1637 0173 0E       		.uleb128 0xe
 1638 0174 3A       		.uleb128 0x3a
 1639 0175 0B       		.uleb128 0xb
 1640 0176 3B       		.uleb128 0x3b
 1641 0177 0B       		.uleb128 0xb
 1642 0178 49       		.uleb128 0x49
 1643 0179 13       		.uleb128 0x13
 1644 017a 3F       		.uleb128 0x3f
 1645 017b 19       		.uleb128 0x19
 1646 017c 02       		.uleb128 0x2
 1647 017d 18       		.uleb128 0x18
 1648 017e 00       		.byte	0
 1649 017f 00       		.byte	0
 1650 0180 1D       		.uleb128 0x1d
 1651 0181 34       		.uleb128 0x34
 1652 0182 00       		.byte	0
 1653 0183 03       		.uleb128 0x3
 1654 0184 08       		.uleb128 0x8
 1655 0185 3A       		.uleb128 0x3a
 1656 0186 0B       		.uleb128 0xb
 1657 0187 3B       		.uleb128 0x3b
 1658 0188 0B       		.uleb128 0xb
 1659 0189 49       		.uleb128 0x49
 1660 018a 13       		.uleb128 0x13
 1661 018b 3F       		.uleb128 0x3f
 1662 018c 19       		.uleb128 0x19
 1663 018d 02       		.uleb128 0x2
 1664 018e 18       		.uleb128 0x18
 1665 018f 00       		.byte	0
 1666 0190 00       		.byte	0
 1667 0191 1E       		.uleb128 0x1e
 1668 0192 2E       		.uleb128 0x2e
 1669 0193 00       		.byte	0
 1670 0194 3F       		.uleb128 0x3f
 1671 0195 19       		.uleb128 0x19
 1672 0196 3C       		.uleb128 0x3c
 1673 0197 19       		.uleb128 0x19
 1674 0198 6E       		.uleb128 0x6e
 1675 0199 0E       		.uleb128 0xe
 1676 019a 03       		.uleb128 0x3
 1677 019b 0E       		.uleb128 0xe
 1678 019c 3A       		.uleb128 0x3a
 1679 019d 0B       		.uleb128 0xb
 1680 019e 3B       		.uleb128 0x3b
 1681 019f 05       		.uleb128 0x5
 1682 01a0 00       		.byte	0
 1683 01a1 00       		.byte	0
 1684 01a2 1F       		.uleb128 0x1f
 1685 01a3 2E       		.uleb128 0x2e
 1686 01a4 00       		.byte	0
 1687 01a5 3F       		.uleb128 0x3f
 1688 01a6 19       		.uleb128 0x19
 1689 01a7 3C       		.uleb128 0x3c
 1690 01a8 19       		.uleb128 0x19
 1691 01a9 6E       		.uleb128 0x6e
 1692 01aa 0E       		.uleb128 0xe
ARM GAS  C:\Users\ARTEM\AppData\Local\Temp\ccTxii9p.s 			page 32


 1693 01ab 03       		.uleb128 0x3
 1694 01ac 0E       		.uleb128 0xe
 1695 01ad 3A       		.uleb128 0x3a
 1696 01ae 0B       		.uleb128 0xb
 1697 01af 3B       		.uleb128 0x3b
 1698 01b0 0B       		.uleb128 0xb
 1699 01b1 00       		.byte	0
 1700 01b2 00       		.byte	0
 1701 01b3 00       		.byte	0
 1702              		.section	.debug_loc,"",%progbits
 1703              	.Ldebug_loc0:
 1704              	.LLST0:
 1705 0000 00000000 		.4byte	.LVL0
 1706 0004 05000000 		.4byte	.LVL1-1
 1707 0008 0100     		.2byte	0x1
 1708 000a 50       		.byte	0x50
 1709 000b 05000000 		.4byte	.LVL1-1
 1710 000f 08000000 		.4byte	.LFE36
 1711 0013 0400     		.2byte	0x4
 1712 0015 F3       		.byte	0xf3
 1713 0016 01       		.uleb128 0x1
 1714 0017 50       		.byte	0x50
 1715 0018 9F       		.byte	0x9f
 1716 0019 00000000 		.4byte	0
 1717 001d 00000000 		.4byte	0
 1718              	.LLST1:
 1719 0021 00000000 		.4byte	.LVL2
 1720 0025 05000000 		.4byte	.LVL3-1
 1721 0029 0100     		.2byte	0x1
 1722 002b 50       		.byte	0x50
 1723 002c 05000000 		.4byte	.LVL3-1
 1724 0030 14000000 		.4byte	.LFE37
 1725 0034 0400     		.2byte	0x4
 1726 0036 F3       		.byte	0xf3
 1727 0037 01       		.uleb128 0x1
 1728 0038 50       		.byte	0x50
 1729 0039 9F       		.byte	0x9f
 1730 003a 00000000 		.4byte	0
 1731 003e 00000000 		.4byte	0
 1732              	.LLST2:
 1733 0042 50000000 		.4byte	.LVL10
 1734 0046 54000000 		.4byte	.LVL11
 1735 004a 0200     		.2byte	0x2
 1736 004c 30       		.byte	0x30
 1737 004d 9F       		.byte	0x9f
 1738 004e 6E000000 		.4byte	.LVL15
 1739 0052 7A000000 		.4byte	.LVL16
 1740 0056 0100     		.2byte	0x1
 1741 0058 50       		.byte	0x50
 1742 0059 7A000000 		.4byte	.LVL16
 1743 005d A2000000 		.4byte	.LVL24
 1744 0061 0100     		.2byte	0x1
 1745 0063 54       		.byte	0x54
 1746 0064 00000000 		.4byte	0
 1747 0068 00000000 		.4byte	0
 1748              	.LLST3:
 1749 006c 50000000 		.4byte	.LVL10
ARM GAS  C:\Users\ARTEM\AppData\Local\Temp\ccTxii9p.s 			page 33


 1750 0070 54000000 		.4byte	.LVL11
 1751 0074 0200     		.2byte	0x2
 1752 0076 30       		.byte	0x30
 1753 0077 9F       		.byte	0x9f
 1754 0078 8C000000 		.4byte	.LVL20
 1755 007c 96000000 		.4byte	.LVL21
 1756 0080 0100     		.2byte	0x1
 1757 0082 50       		.byte	0x50
 1758 0083 96000000 		.4byte	.LVL21
 1759 0087 D0000000 		.4byte	.LVL29
 1760 008b 0100     		.2byte	0x1
 1761 008d 56       		.byte	0x56
 1762 008e 00000000 		.4byte	0
 1763 0092 00000000 		.4byte	0
 1764              	.LLST4:
 1765 0096 50000000 		.4byte	.LVL10
 1766 009a 54000000 		.4byte	.LVL11
 1767 009e 0200     		.2byte	0x2
 1768 00a0 31       		.byte	0x31
 1769 00a1 9F       		.byte	0x9f
 1770 00a2 54000000 		.4byte	.LVL11
 1771 00a6 E0000000 		.4byte	.LVL31
 1772 00aa 0100     		.2byte	0x1
 1773 00ac 57       		.byte	0x57
 1774 00ad 00000000 		.4byte	0
 1775 00b1 00000000 		.4byte	0
 1776              		.section	.debug_aranges,"",%progbits
 1777 0000 34000000 		.4byte	0x34
 1778 0004 0200     		.2byte	0x2
 1779 0006 00000000 		.4byte	.Ldebug_info0
 1780 000a 04       		.byte	0x4
 1781 000b 00       		.byte	0
 1782 000c 0000     		.2byte	0
 1783 000e 0000     		.2byte	0
 1784 0010 00000000 		.4byte	.LFB36
 1785 0014 08000000 		.4byte	.LFE36-.LFB36
 1786 0018 00000000 		.4byte	.LFB37
 1787 001c 14000000 		.4byte	.LFE37-.LFB37
 1788 0020 00000000 		.4byte	.LFB38
 1789 0024 08010000 		.4byte	.LFE38-.LFB38
 1790 0028 00000000 		.4byte	.LFB39
 1791 002c 4C000000 		.4byte	.LFE39-.LFB39
 1792 0030 00000000 		.4byte	0
 1793 0034 00000000 		.4byte	0
 1794              		.section	.debug_ranges,"",%progbits
 1795              	.Ldebug_ranges0:
 1796 0000 00000000 		.4byte	.LFB36
 1797 0004 08000000 		.4byte	.LFE36
 1798 0008 00000000 		.4byte	.LFB37
 1799 000c 14000000 		.4byte	.LFE37
 1800 0010 00000000 		.4byte	.LFB38
 1801 0014 08010000 		.4byte	.LFE38
 1802 0018 00000000 		.4byte	.LFB39
 1803 001c 4C000000 		.4byte	.LFE39
 1804 0020 00000000 		.4byte	0
 1805 0024 00000000 		.4byte	0
 1806              		.section	.debug_line,"",%progbits
ARM GAS  C:\Users\ARTEM\AppData\Local\Temp\ccTxii9p.s 			page 34


 1807              	.Ldebug_line0:
 1808 0000 C0010000 		.section	.debug_str,"MS",%progbits,1
 1808      02000801 
 1808      00000201 
 1808      FB0E0D00 
 1808      01010101 
 1809              	.LASF55:
 1810 0000 4359424C 		.ascii	"CYBLE_EVT_GATTC_READ_BLOB_RSP\000"
 1810      455F4556 
 1810      545F4741 
 1810      5454435F 
 1810      52454144 
 1811              	.LASF19:
 1812 001e 4359424C 		.ascii	"CYBLE_EVT_STACK_BUSY_STATUS\000"
 1812      455F4556 
 1812      545F5354 
 1812      41434B5F 
 1812      42555359 
 1813              	.LASF77:
 1814 003a 4359424C 		.ascii	"CYBLE_EVT_L2CAP_CBFC_DATA_READ\000"
 1814      455F4556 
 1814      545F4C32 
 1814      4341505F 
 1814      43424643 
 1815              	.LASF104:
 1816 0059 46616E43 		.ascii	"FanController_GetActualSpeed\000"
 1816      6F6E7472 
 1816      6F6C6C65 
 1816      725F4765 
 1816      74416374 
 1817              	.LASF124:
 1818 0076 423A5C55 		.ascii	"B:\\UCU Second year\\Term 1\\POC\\Cyberpong\\CyberP"
 1818      43552053 
 1818      65636F6E 
 1818      64207965 
 1818      61725C54 
 1819 00a4 6F6E672E 		.ascii	"ong.cydsn\000"
 1819      63796473 
 1819      6E00
 1820              	.LASF120:
 1821 00ae 73707269 		.ascii	"sprintf\000"
 1821      6E746600 
 1822              	.LASF31:
 1823 00b6 4359424C 		.ascii	"CYBLE_EVT_GAP_CONNECTION_UPDATE_COMPLETE\000"
 1823      455F4556 
 1823      545F4741 
 1823      505F434F 
 1823      4E4E4543 
 1824              	.LASF92:
 1825 00df 4359424C 		.ascii	"CYBLE_AIOS_CHAR_USER_DESCRIPTION_DESCR\000"
 1825      455F4149 
 1825      4F535F43 
 1825      4841525F 
 1825      55534552 
 1826              	.LASF86:
 1827 0106 4359424C 		.ascii	"CYBLE_AIOS_DIGITAL\000"
 1827      455F4149 
ARM GAS  C:\Users\ARTEM\AppData\Local\Temp\ccTxii9p.s 			page 35


 1827      4F535F44 
 1827      49474954 
 1827      414C00
 1828              	.LASF76:
 1829 0119 4359424C 		.ascii	"CYBLE_EVT_L2CAP_CBFC_DISCONN_CNF\000"
 1829      455F4556 
 1829      545F4C32 
 1829      4341505F 
 1829      43424643 
 1830              	.LASF36:
 1831 013a 4359424C 		.ascii	"CYBLE_EVT_GAP_OOB_GENERATED_NOTIFICATION\000"
 1831      455F4556 
 1831      545F4741 
 1831      505F4F4F 
 1831      425F4745 
 1832              	.LASF61:
 1833 0163 4359424C 		.ascii	"CYBLE_EVT_GATTS_EXEC_WRITE_REQ\000"
 1833      455F4556 
 1833      545F4741 
 1833      5454535F 
 1833      45584543 
 1834              	.LASF16:
 1835 0182 4359424C 		.ascii	"CYBLE_EVT_TIMEOUT\000"
 1835      455F4556 
 1835      545F5449 
 1835      4D454F55 
 1835      5400
 1836              	.LASF4:
 1837 0194 6C6F6E67 		.ascii	"long int\000"
 1837      20696E74 
 1837      00
 1838              	.LASF122:
 1839 019d 474E5520 		.ascii	"GNU C11 5.4.1 20160609 (release) [ARM/embedded-5-br"
 1839      43313120 
 1839      352E342E 
 1839      31203230 
 1839      31363036 
 1840 01d0 616E6368 		.ascii	"anch revision 237715] -mcpu=cortex-m0 -mthumb -g -O"
 1840      20726576 
 1840      6973696F 
 1840      6E203233 
 1840      37373135 
 1841 0203 67202D66 		.ascii	"g -ffunction-sections -ffat-lto-objects\000"
 1841      66756E63 
 1841      74696F6E 
 1841      2D736563 
 1841      74696F6E 
 1842              	.LASF7:
 1843 022b 6C6F6E67 		.ascii	"long long unsigned int\000"
 1843      206C6F6E 
 1843      6720756E 
 1843      7369676E 
 1843      65642069 
 1844              	.LASF18:
 1845 0242 4359424C 		.ascii	"CYBLE_EVT_HCI_STATUS\000"
 1845      455F4556 
 1845      545F4843 
ARM GAS  C:\Users\ARTEM\AppData\Local\Temp\ccTxii9p.s 			page 36


 1845      495F5354 
 1845      41545553 
 1846              	.LASF81:
 1847 0257 4359424C 		.ascii	"CYBLE_EVT_PENDING_FLASH_WRITE\000"
 1847      455F4556 
 1847      545F5045 
 1847      4E44494E 
 1847      475F464C 
 1848              	.LASF93:
 1849 0275 4359424C 		.ascii	"CYBLE_AIOS_CHAR_EXTENDED_PROPERTIES\000"
 1849      455F4149 
 1849      4F535F43 
 1849      4841525F 
 1849      45585445 
 1850              	.LASF70:
 1851 0299 4359424C 		.ascii	"CYBLE_EVT_L2CAP_CONN_PARAM_UPDATE_REQ\000"
 1851      455F4556 
 1851      545F4C32 
 1851      4341505F 
 1851      434F4E4E 
 1852              	.LASF30:
 1853 02bf 4359424C 		.ascii	"CYBLE_EVT_GAP_ENCRYPT_CHANGE\000"
 1853      455F4556 
 1853      545F4741 
 1853      505F454E 
 1853      43525950 
 1854              	.LASF34:
 1855 02dc 4359424C 		.ascii	"CYBLE_EVT_GAP_NUMERIC_COMPARISON_REQUEST\000"
 1855      455F4556 
 1855      545F4741 
 1855      505F4E55 
 1855      4D455249 
 1856              	.LASF0:
 1857 0305 7369676E 		.ascii	"signed char\000"
 1857      65642063 
 1857      68617200 
 1858              	.LASF15:
 1859 0311 4359424C 		.ascii	"CYBLE_EVT_STACK_ON\000"
 1859      455F4556 
 1859      545F5354 
 1859      41434B5F 
 1859      4F4E00
 1860              	.LASF32:
 1861 0324 4359424C 		.ascii	"CYBLE_EVT_GAPC_SCAN_START_STOP\000"
 1861      455F4556 
 1861      545F4741 
 1861      50435F53 
 1861      43414E5F 
 1862              	.LASF22:
 1863 0343 4359424C 		.ascii	"CYBLE_EVT_GAP_AUTH_REQ\000"
 1863      455F4556 
 1863      545F4741 
 1863      505F4155 
 1863      54485F52 
 1864              	.LASF54:
 1865 035a 4359424C 		.ascii	"CYBLE_EVT_GATTC_READ_RSP\000"
 1865      455F4556 
ARM GAS  C:\Users\ARTEM\AppData\Local\Temp\ccTxii9p.s 			page 37


 1865      545F4741 
 1865      5454435F 
 1865      52454144 
 1866              	.LASF108:
 1867 0373 4D6F746F 		.ascii	"MotorDirectionStr\000"
 1867      72446972 
 1867      65637469 
 1867      6F6E5374 
 1867      7200
 1868              	.LASF59:
 1869 0385 4359424C 		.ascii	"CYBLE_EVT_GATTS_WRITE_CMD_REQ\000"
 1869      455F4556 
 1869      545F4741 
 1869      5454535F 
 1869      57524954 
 1870              	.LASF27:
 1871 03a3 4359424C 		.ascii	"CYBLE_EVT_GAPP_ADVERTISEMENT_START_STOP\000"
 1871      455F4556 
 1871      545F4741 
 1871      50505F41 
 1871      44564552 
 1872              	.LASF91:
 1873 03cb 4359424C 		.ascii	"CYBLE_AIOS_CHAR_PRESENTATION_FORMAT\000"
 1873      455F4149 
 1873      4F535F43 
 1873      4841525F 
 1873      50524553 
 1874              	.LASF6:
 1875 03ef 6C6F6E67 		.ascii	"long long int\000"
 1875      206C6F6E 
 1875      6720696E 
 1875      7400
 1876              	.LASF62:
 1877 03fd 4359424C 		.ascii	"CYBLE_EVT_GATTC_EXEC_WRITE_RSP\000"
 1877      455F4556 
 1877      545F4741 
 1877      5454435F 
 1877      45584543 
 1878              	.LASF10:
 1879 041c 646F7562 		.ascii	"double\000"
 1879      6C6500
 1880              	.LASF125:
 1881 0423 75696E74 		.ascii	"uint32\000"
 1881      333200
 1882              	.LASF85:
 1883 042a 4359424C 		.ascii	"CYBLE_EVT_MAX\000"
 1883      455F4556 
 1883      545F4D41 
 1883      5800
 1884              	.LASF80:
 1885 0438 4359424C 		.ascii	"CYBLE_EVT_L2CAP_CBFC_DATA_WRITE_IND\000"
 1885      455F4556 
 1885      545F4C32 
 1885      4341505F 
 1885      43424643 
 1886              	.LASF117:
 1887 045c 76617269 		.ascii	"variances\000"
ARM GAS  C:\Users\ARTEM\AppData\Local\Temp\ccTxii9p.s 			page 38


 1887      616E6365 
 1887      7300
 1888              	.LASF42:
 1889 0466 4359424C 		.ascii	"CYBLE_EVT_GAP_SCAN_REQ_RECVD\000"
 1889      455F4556 
 1889      545F4741 
 1889      505F5343 
 1889      414E5F52 
 1890              	.LASF69:
 1891 0483 4359424C 		.ascii	"CYBLE_EVT_GATTC_LONG_PROCEDURE_END\000"
 1891      455F4556 
 1891      545F4741 
 1891      5454435F 
 1891      4C4F4E47 
 1892              	.LASF67:
 1893 04a6 4359424C 		.ascii	"CYBLE_EVT_GATTC_STOP_CMD_COMPLETE\000"
 1893      455F4556 
 1893      545F4741 
 1893      5454435F 
 1893      53544F50 
 1894              	.LASF8:
 1895 04c8 756E7369 		.ascii	"unsigned int\000"
 1895      676E6564 
 1895      20696E74 
 1895      00
 1896              	.LASF98:
 1897 04d5 4359424C 		.ascii	"CYBLE_AIOS_DESCR_COUNT\000"
 1897      455F4149 
 1897      4F535F44 
 1897      45534352 
 1897      5F434F55 
 1898              	.LASF82:
 1899 04ec 4359424C 		.ascii	"CYBLE_EVT_LE_PING_AUTH_TIMEOUT\000"
 1899      455F4556 
 1899      545F4C45 
 1899      5F50494E 
 1899      475F4155 
 1900              	.LASF118:
 1901 050b 55415254 		.ascii	"UART_UartPutString\000"
 1901      5F556172 
 1901      74507574 
 1901      53747269 
 1901      6E6700
 1902              	.LASF5:
 1903 051e 6C6F6E67 		.ascii	"long unsigned int\000"
 1903      20756E73 
 1903      69676E65 
 1903      6420696E 
 1903      7400
 1904              	.LASF41:
 1905 0530 4359424C 		.ascii	"CYBLE_EVT_GAP_CONN_ESTB\000"
 1905      455F4556 
 1905      545F4741 
 1905      505F434F 
 1905      4E4E5F45 
 1906              	.LASF57:
 1907 0548 4359424C 		.ascii	"CYBLE_EVT_GATTS_WRITE_REQ\000"
ARM GAS  C:\Users\ARTEM\AppData\Local\Temp\ccTxii9p.s 			page 39


 1907      455F4556 
 1907      545F4741 
 1907      5454535F 
 1907      57524954 
 1908              	.LASF49:
 1909 0562 4359424C 		.ascii	"CYBLE_EVT_GATTC_XCHNG_MTU_RSP\000"
 1909      455F4556 
 1909      545F4741 
 1909      5454435F 
 1909      5843484E 
 1910              	.LASF66:
 1911 0580 4359424C 		.ascii	"CYBLE_EVT_GATTS_DATA_SIGNED_CMD_REQ\000"
 1911      455F4556 
 1911      545F4741 
 1911      5454535F 
 1911      44415441 
 1912              	.LASF88:
 1913 05a4 4359424C 		.ascii	"CYBLE_AIOS_AGGREGATE\000"
 1913      455F4149 
 1913      4F535F41 
 1913      47475245 
 1913      47415445 
 1914              	.LASF114:
 1915 05b9 646F5365 		.ascii	"doServe\000"
 1915      72766500 
 1916              	.LASF3:
 1917 05c1 73686F72 		.ascii	"short unsigned int\000"
 1917      7420756E 
 1917      7369676E 
 1917      65642069 
 1917      6E7400
 1918              	.LASF14:
 1919 05d4 4359424C 		.ascii	"CYBLE_EVT_HOST_INVALID\000"
 1919      455F4556 
 1919      545F484F 
 1919      53545F49 
 1919      4E56414C 
 1920              	.LASF52:
 1921 05eb 4359424C 		.ascii	"CYBLE_EVT_GATTC_FIND_INFO_RSP\000"
 1921      455F4556 
 1921      545F4741 
 1921      5454435F 
 1921      46494E44 
 1922              	.LASF20:
 1923 0609 4359424C 		.ascii	"CYBLE_EVT_MEMORY_REQUEST\000"
 1923      455F4556 
 1923      545F4D45 
 1923      4D4F5259 
 1923      5F524551 
 1924              	.LASF94:
 1925 0622 4359424C 		.ascii	"CYBLE_AIOS_VALUE_TRIGGER_SETTINGS\000"
 1925      455F4149 
 1925      4F535F56 
 1925      414C5545 
 1925      5F545249 
 1926              	.LASF89:
 1927 0644 4359424C 		.ascii	"CYBLE_AIOS_CHAR_COUNT\000"
ARM GAS  C:\Users\ARTEM\AppData\Local\Temp\ccTxii9p.s 			page 40


 1927      455F4149 
 1927      4F535F43 
 1927      4841525F 
 1927      434F554E 
 1928              	.LASF23:
 1929 065a 4359424C 		.ascii	"CYBLE_EVT_GAP_PASSKEY_ENTRY_REQUEST\000"
 1929      455F4556 
 1929      545F4741 
 1929      505F5041 
 1929      53534B45 
 1930              	.LASF28:
 1931 067e 4359424C 		.ascii	"CYBLE_EVT_GAP_DEVICE_CONNECTED\000"
 1931      455F4556 
 1931      545F4741 
 1931      505F4445 
 1931      56494345 
 1932              	.LASF123:
 1933 069d 64656275 		.ascii	"debug.c\000"
 1933      672E6300 
 1934              	.LASF43:
 1935 06a5 4359424C 		.ascii	"CYBLE_EVT_GAP_AUTH_REQ_REPLY_ERR\000"
 1935      455F4556 
 1935      545F4741 
 1935      505F4155 
 1935      54485F52 
 1936              	.LASF24:
 1937 06c6 4359424C 		.ascii	"CYBLE_EVT_GAP_PASSKEY_DISPLAY_REQUEST\000"
 1937      455F4556 
 1937      545F4741 
 1937      505F5041 
 1937      53534B45 
 1938              	.LASF97:
 1939 06ec 4359424C 		.ascii	"CYBLE_AIOS_NUM_OF_DIGITAL_DESCR\000"
 1939      455F4149 
 1939      4F535F4E 
 1939      554D5F4F 
 1939      465F4449 
 1940              	.LASF46:
 1941 070c 4359424C 		.ascii	"CYBLE_EVT_GATT_CONNECT_IND\000"
 1941      455F4556 
 1941      545F4741 
 1941      54545F43 
 1941      4F4E4E45 
 1942              	.LASF72:
 1943 0727 4359424C 		.ascii	"CYBLE_EVT_L2CAP_COMMAND_REJ\000"
 1943      455F4556 
 1943      545F4C32 
 1943      4341505F 
 1943      434F4D4D 
 1944              	.LASF21:
 1945 0743 4359424C 		.ascii	"CYBLE_EVT_GAPC_SCAN_PROGRESS_RESULT\000"
 1945      455F4556 
 1945      545F4741 
 1945      50435F53 
 1945      43414E5F 
 1946              	.LASF102:
 1947 0767 63757272 		.ascii	"current_rpm\000"
ARM GAS  C:\Users\ARTEM\AppData\Local\Temp\ccTxii9p.s 			page 41


 1947      656E745F 
 1947      72706D00 
 1948              	.LASF44:
 1949 0773 4359424C 		.ascii	"CYBLE_EVT_GAP_SMP_LOC_P256_KEYS_GEN_AND_SET_COMPLET"
 1949      455F4556 
 1949      545F4741 
 1949      505F534D 
 1949      505F4C4F 
 1950 07a6 4500     		.ascii	"E\000"
 1951              	.LASF73:
 1952 07a8 4359424C 		.ascii	"CYBLE_EVT_L2CAP_CBFC_CONN_IND\000"
 1952      455F4556 
 1952      545F4C32 
 1952      4341505F 
 1952      43424643 
 1953              	.LASF51:
 1954 07c6 4359424C 		.ascii	"CYBLE_EVT_GATTC_READ_BY_TYPE_RSP\000"
 1954      455F4556 
 1954      545F4741 
 1954      5454435F 
 1954      52454144 
 1955              	.LASF13:
 1956 07e7 73697A65 		.ascii	"sizetype\000"
 1956      74797065 
 1956      00
 1957              	.LASF105:
 1958 07f0 46616E43 		.ascii	"FanController_GetDesiredSpeed\000"
 1958      6F6E7472 
 1958      6F6C6C65 
 1958      725F4765 
 1958      74446573 
 1959              	.LASF58:
 1960 080e 4359424C 		.ascii	"CYBLE_EVT_GATTC_WRITE_RSP\000"
 1960      455F4556 
 1960      545F4741 
 1960      5454435F 
 1960      57524954 
 1961              	.LASF39:
 1962 0828 4359424C 		.ascii	"CYBLE_EVT_GAPC_DIRECT_ADV_REPORT\000"
 1962      455F4556 
 1962      545F4741 
 1962      50435F44 
 1962      49524543 
 1963              	.LASF119:
 1964 0849 55415254 		.ascii	"UART_SpiUartWriteTxData\000"
 1964      5F537069 
 1964      55617274 
 1964      57726974 
 1964      65547844 
 1965              	.LASF37:
 1966 0861 4359424C 		.ascii	"CYBLE_EVT_GAP_DATA_LENGTH_CHANGE\000"
 1966      455F4556 
 1966      545F4741 
 1966      505F4441 
 1966      54415F4C 
 1967              	.LASF25:
 1968 0882 4359424C 		.ascii	"CYBLE_EVT_GAP_AUTH_COMPLETE\000"
ARM GAS  C:\Users\ARTEM\AppData\Local\Temp\ccTxii9p.s 			page 42


 1968      455F4556 
 1968      545F4741 
 1968      505F4155 
 1968      54485F43 
 1969              	.LASF95:
 1970 089e 4359424C 		.ascii	"CYBLE_AIOS_TIME_TRIGGER_SETTINGS\000"
 1970      455F4149 
 1970      4F535F54 
 1970      494D455F 
 1970      54524947 
 1971              	.LASF106:
 1972 08bf 5072696E 		.ascii	"PrintMotorSpeeds\000"
 1972      744D6F74 
 1972      6F725370 
 1972      65656473 
 1972      00
 1973              	.LASF63:
 1974 08d0 4359424C 		.ascii	"CYBLE_EVT_GATTC_HANDLE_VALUE_NTF\000"
 1974      455F4556 
 1974      545F4741 
 1974      5454435F 
 1974      48414E44 
 1975              	.LASF74:
 1976 08f1 4359424C 		.ascii	"CYBLE_EVT_L2CAP_CBFC_CONN_CNF\000"
 1976      455F4556 
 1976      545F4C32 
 1976      4341505F 
 1976      43424643 
 1977              	.LASF50:
 1978 090f 4359424C 		.ascii	"CYBLE_EVT_GATTC_READ_BY_GROUP_TYPE_RSP\000"
 1978      455F4556 
 1978      545F4741 
 1978      5454435F 
 1978      52454144 
 1979              	.LASF115:
 1980 0936 69735365 		.ascii	"isServing\000"
 1980      7276696E 
 1980      6700
 1981              	.LASF9:
 1982 0940 666C6F61 		.ascii	"float\000"
 1982      7400
 1983              	.LASF100:
 1984 0946 5072696E 		.ascii	"Println\000"
 1984      746C6E00 
 1985              	.LASF112:
 1986 094e 5F426F6F 		.ascii	"_Bool\000"
 1986      6C00
 1987              	.LASF1:
 1988 0954 756E7369 		.ascii	"unsigned char\000"
 1988      676E6564 
 1988      20636861 
 1988      7200
 1989              	.LASF35:
 1990 0962 4359424C 		.ascii	"CYBLE_EVT_GAP_KEYPRESS_NOTIFICATION\000"
 1990      455F4556 
 1990      545F4741 
 1990      505F4B45 
ARM GAS  C:\Users\ARTEM\AppData\Local\Temp\ccTxii9p.s 			page 43


 1990      59505245 
 1991              	.LASF109:
 1992 0986 75617274 		.ascii	"uart_rpm_buff\000"
 1992      5F72706D 
 1992      5F627566 
 1992      6600
 1993              	.LASF2:
 1994 0994 73686F72 		.ascii	"short int\000"
 1994      7420696E 
 1994      7400
 1995              	.LASF116:
 1996 099e 636F756E 		.ascii	"counter\000"
 1996      74657200 
 1997              	.LASF64:
 1998 09a6 4359424C 		.ascii	"CYBLE_EVT_GATTC_HANDLE_VALUE_IND\000"
 1998      455F4556 
 1998      545F4741 
 1998      5454435F 
 1998      48414E44 
 1999              	.LASF83:
 2000 09c7 4359424C 		.ascii	"CYBLE_EVT_HCI_PKT\000"
 2000      455F4556 
 2000      545F4843 
 2000      495F504B 
 2000      5400
 2001              	.LASF87:
 2002 09d9 4359424C 		.ascii	"CYBLE_AIOS_ANALOG\000"
 2002      455F4149 
 2002      4F535F41 
 2002      4E414C4F 
 2002      4700
 2003              	.LASF113:
 2004 09eb 64697361 		.ascii	"disablePrintIfZeroRPM\000"
 2004      626C6550 
 2004      72696E74 
 2004      49665A65 
 2004      726F5250 
 2005              	.LASF60:
 2006 0a01 4359424C 		.ascii	"CYBLE_EVT_GATTS_PREP_WRITE_REQ\000"
 2006      455F4556 
 2006      545F4741 
 2006      5454535F 
 2006      50524550 
 2007              	.LASF65:
 2008 0a20 4359424C 		.ascii	"CYBLE_EVT_GATTS_HANDLE_VALUE_CNF\000"
 2008      455F4556 
 2008      545F4741 
 2008      5454535F 
 2008      48414E44 
 2009              	.LASF45:
 2010 0a41 4359424C 		.ascii	"CYBLE_EVT_GATTC_ERROR_RSP\000"
 2010      455F4556 
 2010      545F4741 
 2010      5454435F 
 2010      4552524F 
 2011              	.LASF26:
 2012 0a5b 4359424C 		.ascii	"CYBLE_EVT_GAP_AUTH_FAILED\000"
ARM GAS  C:\Users\ARTEM\AppData\Local\Temp\ccTxii9p.s 			page 44


 2012      455F4556 
 2012      545F4741 
 2012      505F4155 
 2012      54485F46 
 2013              	.LASF40:
 2014 0a75 4359424C 		.ascii	"CYBLE_EVT_GAP_SMP_NEGOTIATED_AUTH_INFO\000"
 2014      455F4556 
 2014      545F4741 
 2014      505F534D 
 2014      505F4E45 
 2015              	.LASF121:
 2016 0a9c 55415254 		.ascii	"UART_UartGetChar\000"
 2016      5F556172 
 2016      74476574 
 2016      43686172 
 2016      00
 2017              	.LASF12:
 2018 0aad 6C6F6E67 		.ascii	"long double\000"
 2018      20646F75 
 2018      626C6500 
 2019              	.LASF11:
 2020 0ab9 63686172 		.ascii	"char\000"
 2020      00
 2021              	.LASF56:
 2022 0abe 4359424C 		.ascii	"CYBLE_EVT_GATTC_READ_MULTI_RSP\000"
 2022      455F4556 
 2022      545F4741 
 2022      5454435F 
 2022      52454144 
 2023              	.LASF29:
 2024 0add 4359424C 		.ascii	"CYBLE_EVT_GAP_DEVICE_DISCONNECTED\000"
 2024      455F4556 
 2024      545F4741 
 2024      505F4445 
 2024      56494345 
 2025              	.LASF101:
 2026 0aff 74657874 		.ascii	"text\000"
 2026      00
 2027              	.LASF107:
 2028 0b04 48616E64 		.ascii	"HandleUARTInput\000"
 2028      6C655541 
 2028      5254496E 
 2028      70757400 
 2029              	.LASF68:
 2030 0b14 4359424C 		.ascii	"CYBLE_EVT_GATTS_READ_CHAR_VAL_ACCESS_REQ\000"
 2030      455F4556 
 2030      545F4741 
 2030      5454535F 
 2030      52454144 
 2031              	.LASF78:
 2032 0b3d 4359424C 		.ascii	"CYBLE_EVT_L2CAP_CBFC_RX_CREDIT_IND\000"
 2032      455F4556 
 2032      545F4C32 
 2032      4341505F 
 2032      43424643 
 2033              	.LASF79:
 2034 0b60 4359424C 		.ascii	"CYBLE_EVT_L2CAP_CBFC_TX_CREDIT_IND\000"
ARM GAS  C:\Users\ARTEM\AppData\Local\Temp\ccTxii9p.s 			page 45


 2034      455F4556 
 2034      545F4C32 
 2034      4341505F 
 2034      43424643 
 2035              	.LASF17:
 2036 0b83 4359424C 		.ascii	"CYBLE_EVT_HARDWARE_ERROR\000"
 2036      455F4556 
 2036      545F4841 
 2036      52445741 
 2036      52455F45 
 2037              	.LASF111:
 2038 0b9c 6D6F746F 		.ascii	"motorsEnabled\000"
 2038      7273456E 
 2038      61626C65 
 2038      6400
 2039              	.LASF90:
 2040 0baa 4359424C 		.ascii	"CYBLE_AIOS_CCCD\000"
 2040      455F4149 
 2040      4F535F43 
 2040      43434400 
 2041              	.LASF48:
 2042 0bba 4359424C 		.ascii	"CYBLE_EVT_GATTS_XCNHG_MTU_REQ\000"
 2042      455F4556 
 2042      545F4741 
 2042      5454535F 
 2042      58434E48 
 2043              	.LASF110:
 2044 0bd8 6D6F746F 		.ascii	"motor_speeds\000"
 2044      725F7370 
 2044      65656473 
 2044      00
 2045              	.LASF99:
 2046 0be5 5072696E 		.ascii	"Print\000"
 2046      7400
 2047              	.LASF53:
 2048 0beb 4359424C 		.ascii	"CYBLE_EVT_GATTC_FIND_BY_TYPE_VALUE_RSP\000"
 2048      455F4556 
 2048      545F4741 
 2048      5454435F 
 2048      46494E44 
 2049              	.LASF33:
 2050 0c12 4359424C 		.ascii	"CYBLE_EVT_GAP_KEYINFO_EXCHNGE_CMPLT\000"
 2050      455F4556 
 2050      545F4741 
 2050      505F4B45 
 2050      59494E46 
 2051              	.LASF75:
 2052 0c36 4359424C 		.ascii	"CYBLE_EVT_L2CAP_CBFC_DISCONN_IND\000"
 2052      455F4556 
 2052      545F4C32 
 2052      4341505F 
 2052      43424643 
 2053              	.LASF71:
 2054 0c57 4359424C 		.ascii	"CYBLE_EVT_L2CAP_CONN_PARAM_UPDATE_RSP\000"
 2054      455F4556 
 2054      545F4C32 
 2054      4341505F 
ARM GAS  C:\Users\ARTEM\AppData\Local\Temp\ccTxii9p.s 			page 46


 2054      434F4E4E 
 2055              	.LASF103:
 2056 0c7d 64657369 		.ascii	"desired_rpm\000"
 2056      7265645F 
 2056      72706D00 
 2057              	.LASF38:
 2058 0c89 4359424C 		.ascii	"CYBLE_EVT_GAP_ENHANCE_CONN_COMPLETE\000"
 2058      455F4556 
 2058      545F4741 
 2058      505F454E 
 2058      48414E43 
 2059              	.LASF96:
 2060 0cad 4359424C 		.ascii	"CYBLE_AIOS_VRD\000"
 2060      455F4149 
 2060      4F535F56 
 2060      524400
 2061              	.LASF47:
 2062 0cbc 4359424C 		.ascii	"CYBLE_EVT_GATT_DISCONNECT_IND\000"
 2062      455F4556 
 2062      545F4741 
 2062      54545F44 
 2062      4953434F 
 2063              	.LASF84:
 2064 0cda 4359424C 		.ascii	"CYBLE_EVT_FLASH_CORRUPT\000"
 2064      455F4556 
 2064      545F464C 
 2064      4153485F 
 2064      434F5252 
 2065              		.ident	"GCC: (GNU Tools for ARM Embedded Processors) 5.4.1 20160609 (release) [ARM/embedded-5-bran
