ARM GAS  C:\Users\ARTEM\AppData\Local\Temp\ccYwC25K.s 			page 1


   1              		.syntax unified
   2              		.cpu cortex-m0
   3              		.fpu softvfp
   4              		.eabi_attribute 20, 1
   5              		.eabi_attribute 21, 1
   6              		.eabi_attribute 23, 3
   7              		.eabi_attribute 24, 1
   8              		.eabi_attribute 25, 1
   9              		.eabi_attribute 26, 1
  10              		.eabi_attribute 30, 1
  11              		.eabi_attribute 34, 0
  12              		.eabi_attribute 18, 4
  13              		.thumb
  14              		.syntax unified
  15              		.file	"main.c"
  16              		.text
  17              	.Ltext0:
  18              		.cfi_sections	.debug_frame
  19              		.section	.text.main,"ax",%progbits
  20              		.align	2
  21              		.global	main
  22              		.code	16
  23              		.thumb_func
  24              		.type	main, %function
  25              	main:
  26              	.LFB36:
  27              		.file 1 "main.c"
   1:main.c        **** #include "project.h"
   2:main.c        **** #include "main_data.h"
   3:main.c        **** #include "motorController.h"
   4:main.c        **** #include "debug.h"
   5:main.c        **** #include "aios.h"
   6:main.c        **** #include "ballServeController.h"
   7:main.c        **** #include "time.h"
   8:main.c        **** 
   9:main.c        **** extern const uint32 StripLights_CLUT[ ];
  10:main.c        **** 
  11:main.c        **** int main(void){
  28              		.loc 1 11 0
  29              		.cfi_startproc
  30              		@ Volatile: function does not return.
  31              		@ args = 0, pretend = 0, frame = 0
  32              		@ frame_needed = 0, uses_anonymous_args = 0
  33 0000 10B5     		push	{r4, lr}
  34              		.cfi_def_cfa_offset 8
  35              		.cfi_offset 4, -8
  36              		.cfi_offset 14, -4
  12:main.c        **** CyGlobalIntEnable;
  37              		.loc 1 12 0
  38              		.syntax divided
  39              	@ 12 "main.c" 1
  40 0002 62B6     		CPSIE   i
  41              	@ 0 "" 2
  13:main.c        ****     // Set everything up
  14:main.c        ****     UART_Start();
  42              		.loc 1 14 0
  43              		.thumb
ARM GAS  C:\Users\ARTEM\AppData\Local\Temp\ccYwC25K.s 			page 2


  44              		.syntax unified
  45 0004 FFF7FEFF 		bl	UART_Start
  46              	.LVL0:
  15:main.c        ****     ISR_Ball_Trigger_StartEx(Pin_Input_BallTrigger_Handler);
  47              		.loc 1 15 0
  48 0008 2748     		ldr	r0, .L3
  49 000a FFF7FEFF 		bl	ISR_Ball_Trigger_StartEx
  50              	.LVL1:
  16:main.c        ****     StopBallServe();
  51              		.loc 1 16 0
  52 000e FFF7FEFF 		bl	StopBallServe
  53              	.LVL2:
  17:main.c        **** 
  18:main.c        ****     // Bluetooth
  19:main.c        ****     CyBle_Start(AIOS_Handler);
  54              		.loc 1 19 0
  55 0012 2648     		ldr	r0, .L3+4
  56 0014 FFF7FEFF 		bl	CyBle_Start
  57              	.LVL3:
  20:main.c        ****     CyBle_AiosRegisterAttrCallback(AIOS_Callback);
  58              		.loc 1 20 0
  59 0018 2548     		ldr	r0, .L3+8
  60 001a FFF7FEFF 		bl	CyBle_AiosRegisterAttrCallback
  61              	.LVL4:
  21:main.c        ****     
  22:main.c        ****     // Set up flags
  23:main.c        ****     disablePrintIfZeroRPM = false;
  62              		.loc 1 23 0
  63 001e 0022     		movs	r2, #0
  64 0020 244B     		ldr	r3, .L3+12
  65 0022 1A70     		strb	r2, [r3]
  24:main.c        ****     motorsEnabled = true;
  66              		.loc 1 24 0
  67 0024 0132     		adds	r2, r2, #1
  68 0026 244B     		ldr	r3, .L3+16
  69 0028 1A70     		strb	r2, [r3]
  25:main.c        ****     
  26:main.c        ****     //LED 
  27:main.c        ****     StripLights_Start();
  70              		.loc 1 27 0
  71 002a FFF7FEFF 		bl	StripLights_Start
  72              	.LVL5:
  28:main.c        ****     StripLights_Dim(2); 
  73              		.loc 1 28 0
  74 002e 0220     		movs	r0, #2
  75 0030 FFF7FEFF 		bl	StripLights_Dim
  76              	.LVL6:
  29:main.c        ****  
  30:main.c        ****     StripLights_DisplayClear(StripLights_BLACK);
  77              		.loc 1 30 0
  78 0034 214B     		ldr	r3, .L3+20
  79 0036 1C6E     		ldr	r4, [r3, #96]
  80 0038 2000     		movs	r0, r4
  81 003a FFF7FEFF 		bl	StripLights_DisplayClear
  82              	.LVL7:
  31:main.c        ****     StripLights_MemClear(StripLights_BLACK);
  83              		.loc 1 31 0
ARM GAS  C:\Users\ARTEM\AppData\Local\Temp\ccYwC25K.s 			page 3


  84 003e 2000     		movs	r0, r4
  85 0040 FFF7FEFF 		bl	StripLights_MemClear
  86              	.LVL8:
  32:main.c        ****  
  33:main.c        ****     StripLights_Pixel(0, 0, StripLights_BLACK);
  87              		.loc 1 33 0
  88 0044 2200     		movs	r2, r4
  89 0046 0021     		movs	r1, #0
  90 0048 0020     		movs	r0, #0
  91 004a FFF7FEFF 		bl	StripLights_Pixel
  92              	.LVL9:
  34:main.c        **** 
  35:main.c        ****     SetMotorsEnabled(false);
  93              		.loc 1 35 0
  94 004e 0020     		movs	r0, #0
  95 0050 FFF7FEFF 		bl	SetMotorsEnabled
  96              	.LVL10:
  36:main.c        ****     Pin_Output_Serve_Write(1);
  97              		.loc 1 36 0
  98 0054 0120     		movs	r0, #1
  99 0056 FFF7FEFF 		bl	Pin_Output_Serve_Write
 100              	.LVL11:
  37:main.c        ****     Pin_Motor_Write(1);
 101              		.loc 1 37 0
 102 005a 0120     		movs	r0, #1
 103 005c FFF7FEFF 		bl	Pin_Motor_Write
 104              	.LVL12:
  38:main.c        ****     UART_UartPutString("ready");
 105              		.loc 1 38 0
 106 0060 1748     		ldr	r0, .L3+24
 107 0062 FFF7FEFF 		bl	UART_UartPutString
 108              	.LVL13:
  39:main.c        ****     ADC_Start();
 109              		.loc 1 39 0
 110 0066 FFF7FEFF 		bl	ADC_Start
 111              	.LVL14:
  40:main.c        ****     PWM_Down_Start();
 112              		.loc 1 40 0
 113 006a FFF7FEFF 		bl	PWM_Down_Start
 114              	.LVL15:
  41:main.c        ****     PWM_Down_WriteCompare(0);
 115              		.loc 1 41 0
 116 006e 0020     		movs	r0, #0
 117 0070 FFF7FEFF 		bl	PWM_Down_WriteCompare
 118              	.LVL16:
  42:main.c        ****     setDesiredVoltage(1900);
 119              		.loc 1 42 0
 120 0074 1348     		ldr	r0, .L3+28
 121 0076 FFF7FEFF 		bl	setDesiredVoltage
 122              	.LVL17:
  43:main.c        ****     CyDelay(1000);
 123              		.loc 1 43 0
 124 007a FA20     		movs	r0, #250
 125 007c 8000     		lsls	r0, r0, #2
 126 007e FFF7FEFF 		bl	CyDelay
 127              	.LVL18:
 128              	.L2:
ARM GAS  C:\Users\ARTEM\AppData\Local\Temp\ccYwC25K.s 			page 4


  44:main.c        ****     
  45:main.c        ****     for(;;){
  46:main.c        ****         CyBle_ProcessEvents();
 129              		.loc 1 46 0 discriminator 1
 130 0082 FFF7FEFF 		bl	CyBle_ProcessEvents
 131              	.LVL19:
  47:main.c        ****         PrintMotorSpeeds();
 132              		.loc 1 47 0 discriminator 1
 133 0086 FFF7FEFF 		bl	PrintMotorSpeeds
 134              	.LVL20:
  48:main.c        ****         SetMotorsEnabled(false);
 135              		.loc 1 48 0 discriminator 1
 136 008a 0020     		movs	r0, #0
 137 008c FFF7FEFF 		bl	SetMotorsEnabled
 138              	.LVL21:
  49:main.c        ****         Pin_Output_Serve_Write(1);
 139              		.loc 1 49 0 discriminator 1
 140 0090 0120     		movs	r0, #1
 141 0092 FFF7FEFF 		bl	Pin_Output_Serve_Write
 142              	.LVL22:
  50:main.c        ****         //CyDelay(10000);
  51:main.c        ****         HandleUARTInput();
 143              		.loc 1 51 0 discriminator 1
 144 0096 FFF7FEFF 		bl	HandleUARTInput
 145              	.LVL23:
  52:main.c        ****         CheckForBallServeRequest();
 146              		.loc 1 52 0 discriminator 1
 147 009a FFF7FEFF 		bl	CheckForBallServeRequest
 148              	.LVL24:
  53:main.c        ****         UpdateServing();
 149              		.loc 1 53 0 discriminator 1
 150 009e FFF7FEFF 		bl	UpdateServing
 151              	.LVL25:
  54:main.c        ****         
  55:main.c        ****         setDifficulty();
 152              		.loc 1 55 0 discriminator 1
 153 00a2 FFF7FEFF 		bl	setDifficulty
 154              	.LVL26:
 155 00a6 ECE7     		b	.L2
 156              	.L4:
 157              		.align	2
 158              	.L3:
 159 00a8 00000000 		.word	Pin_Input_BallTrigger_Handler
 160 00ac 00000000 		.word	AIOS_Handler
 161 00b0 00000000 		.word	AIOS_Callback
 162 00b4 00000000 		.word	disablePrintIfZeroRPM
 163 00b8 00000000 		.word	motorsEnabled
 164 00bc 00000000 		.word	StripLights_CLUT
 165 00c0 00000000 		.word	.LC6
 166 00c4 6C070000 		.word	1900
 167              		.cfi_endproc
 168              	.LFE36:
 169              		.size	main, .-main
 170              		.comm	disablePrintIfZeroRPM,1,1
 171              		.comm	counter,4,4
 172              		.comm	isServing,1,1
 173              		.comm	doServe,1,1
ARM GAS  C:\Users\ARTEM\AppData\Local\Temp\ccYwC25K.s 			page 5


 174              		.comm	motorsEnabled,1,1
 175              		.comm	motor_speeds,16,4
 176              		.comm	newDiffuculty,4,4
 177              		.comm	oldDifficulty,4,4
 178              		.comm	ballCounter,4,4
 179              		.comm	str,16,4
 180              		.comm	uart_rpm_buff,4,4
 181              		.section	.rodata.str1.4,"aMS",%progbits,1
 182              		.align	2
 183              	.LC6:
 184 0000 72656164 		.ascii	"ready\000"
 184      7900
 185              		.text
 186              	.Letext0:
 187              		.file 2 "Generated_Source\\PSoC4/Bluetooth_Stack.h"
 188              		.file 3 "Generated_Source\\PSoC4/Bluetooth_aios.h"
 189              		.file 4 "main_data.h"
 190              		.file 5 "ballServeController.h"
 191              		.file 6 "debug.h"
 192              		.file 7 "Generated_Source\\PSoC4/UART.h"
 193              		.file 8 "Generated_Source\\PSoC4/ISR_Ball_Trigger.h"
 194              		.file 9 "Generated_Source\\PSoC4/Bluetooth.h"
 195              		.file 10 "Generated_Source\\PSoC4/StripLights.h"
 196              		.file 11 "motorController.h"
 197              		.file 12 "Generated_Source\\PSoC4/Pin_Output_Serve.h"
 198              		.file 13 "Generated_Source\\PSoC4/Pin_Motor.h"
 199              		.file 14 "Generated_Source\\PSoC4/UART_SPI_UART.h"
 200              		.file 15 "Generated_Source\\PSoC4/ADC.h"
 201              		.file 16 "Generated_Source\\PSoC4/PWM_Down.h"
 202              		.file 17 "Generated_Source\\PSoC4/CyLib.h"
 203              		.file 18 "Generated_Source\\PSoC4/cytypes.h"
 204              		.section	.debug_info,"",%progbits
 205              	.Ldebug_info0:
 206 0000 8B060000 		.4byte	0x68b
 207 0004 0400     		.2byte	0x4
 208 0006 00000000 		.4byte	.Ldebug_abbrev0
 209 000a 04       		.byte	0x4
 210 000b 01       		.uleb128 0x1
 211 000c 77010000 		.4byte	.LASF136
 212 0010 0C       		.byte	0xc
 213 0011 E0060000 		.4byte	.LASF137
 214 0015 59000000 		.4byte	.LASF138
 215 0019 00000000 		.4byte	.Ldebug_ranges0+0
 216 001d 00000000 		.4byte	0
 217 0021 00000000 		.4byte	.Ldebug_line0
 218 0025 02       		.uleb128 0x2
 219 0026 01       		.byte	0x1
 220 0027 06       		.byte	0x6
 221 0028 03030000 		.4byte	.LASF0
 222 002c 02       		.uleb128 0x2
 223 002d 01       		.byte	0x1
 224 002e 08       		.byte	0x8
 225 002f FE090000 		.4byte	.LASF1
 226 0033 02       		.uleb128 0x2
 227 0034 02       		.byte	0x2
 228 0035 05       		.byte	0x5
 229 0036 2E070000 		.4byte	.LASF2
ARM GAS  C:\Users\ARTEM\AppData\Local\Temp\ccYwC25K.s 			page 6


 230 003a 02       		.uleb128 0x2
 231 003b 02       		.byte	0x2
 232 003c 07       		.byte	0x7
 233 003d 04060000 		.4byte	.LASF3
 234 0041 02       		.uleb128 0x2
 235 0042 04       		.byte	0x4
 236 0043 05       		.byte	0x5
 237 0044 6E010000 		.4byte	.LASF4
 238 0048 02       		.uleb128 0x2
 239 0049 04       		.byte	0x4
 240 004a 07       		.byte	0x7
 241 004b 1F050000 		.4byte	.LASF5
 242 004f 02       		.uleb128 0x2
 243 0050 08       		.byte	0x8
 244 0051 05       		.byte	0x5
 245 0052 FA030000 		.4byte	.LASF6
 246 0056 02       		.uleb128 0x2
 247 0057 08       		.byte	0x8
 248 0058 07       		.byte	0x7
 249 0059 1E020000 		.4byte	.LASF7
 250 005d 03       		.uleb128 0x3
 251 005e 04       		.byte	0x4
 252 005f 05       		.byte	0x5
 253 0060 696E7400 		.ascii	"int\000"
 254 0064 02       		.uleb128 0x2
 255 0065 04       		.byte	0x4
 256 0066 07       		.byte	0x7
 257 0067 C9040000 		.4byte	.LASF8
 258 006b 04       		.uleb128 0x4
 259 006c 3C040000 		.4byte	.LASF139
 260 0070 12       		.byte	0x12
 261 0071 FD01     		.2byte	0x1fd
 262 0073 48000000 		.4byte	0x48
 263 0077 02       		.uleb128 0x2
 264 0078 04       		.byte	0x4
 265 0079 04       		.byte	0x4
 266 007a D9090000 		.4byte	.LASF9
 267 007e 02       		.uleb128 0x2
 268 007f 08       		.byte	0x8
 269 0080 04       		.byte	0x4
 270 0081 35040000 		.4byte	.LASF10
 271 0085 02       		.uleb128 0x2
 272 0086 01       		.byte	0x1
 273 0087 08       		.byte	0x8
 274 0088 2D0B0000 		.4byte	.LASF11
 275 008c 02       		.uleb128 0x2
 276 008d 08       		.byte	0x8
 277 008e 04       		.byte	0x4
 278 008f 51080000 		.4byte	.LASF12
 279 0093 02       		.uleb128 0x2
 280 0094 04       		.byte	0x4
 281 0095 07       		.byte	0x7
 282 0096 38080000 		.4byte	.LASF13
 283 009a 05       		.uleb128 0x5
 284 009b 01       		.byte	0x1
 285 009c 2C000000 		.4byte	0x2c
 286 00a0 02       		.byte	0x2
ARM GAS  C:\Users\ARTEM\AppData\Local\Temp\ccYwC25K.s 			page 7


 287 00a1 3501     		.2byte	0x135
 288 00a3 58020000 		.4byte	0x258
 289 00a7 06       		.uleb128 0x6
 290 00a8 17060000 		.4byte	.LASF14
 291 00ac 00       		.byte	0
 292 00ad 06       		.uleb128 0x6
 293 00ae 0F030000 		.4byte	.LASF15
 294 00b2 01       		.byte	0x1
 295 00b3 06       		.uleb128 0x6
 296 00b4 5C010000 		.4byte	.LASF16
 297 00b8 02       		.byte	0x2
 298 00b9 06       		.uleb128 0x6
 299 00ba 150C0000 		.4byte	.LASF17
 300 00be 03       		.byte	0x3
 301 00bf 06       		.uleb128 0x6
 302 00c0 35020000 		.4byte	.LASF18
 303 00c4 04       		.byte	0x4
 304 00c5 06       		.uleb128 0x6
 305 00c6 1E000000 		.4byte	.LASF19
 306 00ca 05       		.byte	0x5
 307 00cb 06       		.uleb128 0x6
 308 00cc 4C060000 		.4byte	.LASF20
 309 00d0 06       		.byte	0x6
 310 00d1 06       		.uleb128 0x6
 311 00d2 C7070000 		.4byte	.LASF21
 312 00d6 20       		.byte	0x20
 313 00d7 06       		.uleb128 0x6
 314 00d8 41030000 		.4byte	.LASF22
 315 00dc 21       		.byte	0x21
 316 00dd 06       		.uleb128 0x6
 317 00de 9D060000 		.4byte	.LASF23
 318 00e2 22       		.byte	0x22
 319 00e3 06       		.uleb128 0x6
 320 00e4 38070000 		.4byte	.LASF24
 321 00e8 23       		.byte	0x23
 322 00e9 06       		.uleb128 0x6
 323 00ea 1B090000 		.4byte	.LASF25
 324 00ee 24       		.byte	0x24
 325 00ef 06       		.uleb128 0x6
 326 00f0 5D080000 		.4byte	.LASF26
 327 00f4 25       		.byte	0x25
 328 00f5 06       		.uleb128 0x6
 329 00f6 AE030000 		.4byte	.LASF27
 330 00fa 26       		.byte	0x26
 331 00fb 06       		.uleb128 0x6
 332 00fc C1060000 		.4byte	.LASF28
 333 0100 27       		.byte	0x27
 334 0101 06       		.uleb128 0x6
 335 0102 510B0000 		.4byte	.LASF29
 336 0106 28       		.byte	0x28
 337 0107 06       		.uleb128 0x6
 338 0108 BD020000 		.4byte	.LASF30
 339 010c 29       		.byte	0x29
 340 010d 06       		.uleb128 0x6
 341 010e 49050000 		.4byte	.LASF31
 342 0112 2A       		.byte	0x2a
 343 0113 06       		.uleb128 0x6
ARM GAS  C:\Users\ARTEM\AppData\Local\Temp\ccYwC25K.s 			page 8


 344 0114 22030000 		.4byte	.LASF32
 345 0118 2B       		.byte	0x2b
 346 0119 06       		.uleb128 0x6
 347 011a EE0C0000 		.4byte	.LASF33
 348 011e 2C       		.byte	0x2c
 349 011f 06       		.uleb128 0x6
 350 0120 DA020000 		.4byte	.LASF34
 351 0124 2D       		.byte	0x2d
 352 0125 06       		.uleb128 0x6
 353 0126 0C0A0000 		.4byte	.LASF35
 354 012a 2E       		.byte	0x2e
 355 012b 06       		.uleb128 0x6
 356 012c 06010000 		.4byte	.LASF36
 357 0130 2F       		.byte	0x2f
 358 0131 06       		.uleb128 0x6
 359 0132 B2080000 		.4byte	.LASF37
 360 0136 30       		.byte	0x30
 361 0137 06       		.uleb128 0x6
 362 0138 A40D0000 		.4byte	.LASF38
 363 013c 31       		.byte	0x31
 364 013d 06       		.uleb128 0x6
 365 013e 91080000 		.4byte	.LASF39
 366 0142 32       		.byte	0x32
 367 0143 06       		.uleb128 0x6
 368 0144 DD050000 		.4byte	.LASF40
 369 0148 33       		.byte	0x33
 370 0149 06       		.uleb128 0x6
 371 014a 31050000 		.4byte	.LASF41
 372 014e 34       		.byte	0x34
 373 014f 06       		.uleb128 0x6
 374 0150 EA080000 		.4byte	.LASF42
 375 0154 35       		.byte	0x35
 376 0155 06       		.uleb128 0x6
 377 0156 01070000 		.4byte	.LASF43
 378 015a 36       		.byte	0x36
 379 015b 06       		.uleb128 0x6
 380 015c 440D0000 		.4byte	.LASF44
 381 0160 37       		.byte	0x37
 382 0161 06       		.uleb128 0x6
 383 0162 F70A0000 		.4byte	.LASF45
 384 0166 40       		.byte	0x40
 385 0167 06       		.uleb128 0x6
 386 0168 90070000 		.4byte	.LASF46
 387 016c 41       		.byte	0x41
 388 016d 06       		.uleb128 0x6
 389 016e D70D0000 		.4byte	.LASF47
 390 0172 42       		.byte	0x42
 391 0173 06       		.uleb128 0x6
 392 0174 730C0000 		.4byte	.LASF48
 393 0178 43       		.byte	0x43
 394 0179 06       		.uleb128 0x6
 395 017a 72050000 		.4byte	.LASF49
 396 017e 44       		.byte	0x44
 397 017f 06       		.uleb128 0x6
 398 0180 A8090000 		.4byte	.LASF50
 399 0184 45       		.byte	0x45
 400 0185 06       		.uleb128 0x6
ARM GAS  C:\Users\ARTEM\AppData\Local\Temp\ccYwC25K.s 			page 9


 401 0186 17080000 		.4byte	.LASF51
 402 018a 46       		.byte	0x46
 403 018b 06       		.uleb128 0x6
 404 018c 2E060000 		.4byte	.LASF52
 405 0190 47       		.byte	0x47
 406 0191 06       		.uleb128 0x6
 407 0192 B70C0000 		.4byte	.LASF53
 408 0196 48       		.byte	0x48
 409 0197 06       		.uleb128 0x6
 410 0198 58030000 		.4byte	.LASF54
 411 019c 49       		.byte	0x49
 412 019d 06       		.uleb128 0x6
 413 019e 00000000 		.4byte	.LASF55
 414 01a2 4A       		.byte	0x4a
 415 01a3 06       		.uleb128 0x6
 416 01a4 320B0000 		.4byte	.LASF56
 417 01a8 4B       		.byte	0x4b
 418 01a9 06       		.uleb128 0x6
 419 01aa E7060000 		.4byte	.LASF57
 420 01ae 4C       		.byte	0x4c
 421 01af 06       		.uleb128 0x6
 422 01b0 77080000 		.4byte	.LASF58
 423 01b4 4D       		.byte	0x4d
 424 01b5 06       		.uleb128 0x6
 425 01b6 7B030000 		.4byte	.LASF59
 426 01ba 4E       		.byte	0x4e
 427 01bb 06       		.uleb128 0x6
 428 01bc B70A0000 		.4byte	.LASF60
 429 01c0 4F       		.byte	0x4f
 430 01c1 06       		.uleb128 0x6
 431 01c2 3D010000 		.4byte	.LASF61
 432 01c6 50       		.byte	0x50
 433 01c7 06       		.uleb128 0x6
 434 01c8 16040000 		.4byte	.LASF62
 435 01cc 51       		.byte	0x51
 436 01cd 06       		.uleb128 0x6
 437 01ce 69090000 		.4byte	.LASF63
 438 01d2 52       		.byte	0x52
 439 01d3 06       		.uleb128 0x6
 440 01d4 5C0A0000 		.4byte	.LASF64
 441 01d8 53       		.byte	0x53
 442 01d9 06       		.uleb128 0x6
 443 01da D60A0000 		.4byte	.LASF65
 444 01de 54       		.byte	0x54
 445 01df 06       		.uleb128 0x6
 446 01e0 90050000 		.4byte	.LASF66
 447 01e4 55       		.byte	0x55
 448 01e5 06       		.uleb128 0x6
 449 01e6 A7040000 		.4byte	.LASF67
 450 01ea 56       		.byte	0x56
 451 01eb 06       		.uleb128 0x6
 452 01ec 830B0000 		.4byte	.LASF68
 453 01f0 57       		.byte	0x57
 454 01f1 06       		.uleb128 0x6
 455 01f2 84040000 		.4byte	.LASF69
 456 01f6 58       		.byte	0x58
 457 01f7 06       		.uleb128 0x6
ARM GAS  C:\Users\ARTEM\AppData\Local\Temp\ccYwC25K.s 			page 10


 458 01f8 97020000 		.4byte	.LASF70
 459 01fc 70       		.byte	0x70
 460 01fd 06       		.uleb128 0x6
 461 01fe 790D0000 		.4byte	.LASF71
 462 0202 71       		.byte	0x71
 463 0203 06       		.uleb128 0x6
 464 0204 AB070000 		.4byte	.LASF72
 465 0208 72       		.byte	0x72
 466 0209 06       		.uleb128 0x6
 467 020a F9070000 		.4byte	.LASF73
 468 020e 73       		.byte	0x73
 469 020f 06       		.uleb128 0x6
 470 0210 8A090000 		.4byte	.LASF74
 471 0214 74       		.byte	0x74
 472 0215 06       		.uleb128 0x6
 473 0216 120D0000 		.4byte	.LASF75
 474 021a 75       		.byte	0x75
 475 021b 06       		.uleb128 0x6
 476 021c E5000000 		.4byte	.LASF76
 477 0220 76       		.byte	0x76
 478 0221 06       		.uleb128 0x6
 479 0222 3A000000 		.4byte	.LASF77
 480 0226 77       		.byte	0x77
 481 0227 06       		.uleb128 0x6
 482 0228 BD0B0000 		.4byte	.LASF78
 483 022c 78       		.byte	0x78
 484 022d 06       		.uleb128 0x6
 485 022e E00B0000 		.4byte	.LASF79
 486 0232 79       		.byte	0x79
 487 0233 06       		.uleb128 0x6
 488 0234 51040000 		.4byte	.LASF80
 489 0238 7A       		.byte	0x7a
 490 0239 06       		.uleb128 0x6
 491 023a 55020000 		.4byte	.LASF81
 492 023e FA       		.byte	0xfa
 493 023f 06       		.uleb128 0x6
 494 0240 ED040000 		.4byte	.LASF82
 495 0244 FB       		.byte	0xfb
 496 0245 06       		.uleb128 0x6
 497 0246 7D0A0000 		.4byte	.LASF83
 498 024a FC       		.byte	0xfc
 499 024b 06       		.uleb128 0x6
 500 024c F50D0000 		.4byte	.LASF84
 501 0250 FD       		.byte	0xfd
 502 0251 06       		.uleb128 0x6
 503 0252 43040000 		.4byte	.LASF85
 504 0256 FF       		.byte	0xff
 505 0257 00       		.byte	0
 506 0258 07       		.uleb128 0x7
 507 0259 01       		.byte	0x1
 508 025a 2C000000 		.4byte	0x2c
 509 025e 03       		.byte	0x3
 510 025f 2B       		.byte	0x2b
 511 0260 7D020000 		.4byte	0x27d
 512 0264 06       		.uleb128 0x6
 513 0265 D2000000 		.4byte	.LASF86
 514 0269 00       		.byte	0
ARM GAS  C:\Users\ARTEM\AppData\Local\Temp\ccYwC25K.s 			page 11


 515 026a 06       		.uleb128 0x6
 516 026b 8F0A0000 		.4byte	.LASF87
 517 026f 01       		.byte	0x1
 518 0270 06       		.uleb128 0x6
 519 0271 C0050000 		.4byte	.LASF88
 520 0275 02       		.byte	0x2
 521 0276 06       		.uleb128 0x6
 522 0277 87060000 		.4byte	.LASF89
 523 027b 03       		.byte	0x3
 524 027c 00       		.byte	0
 525 027d 07       		.uleb128 0x7
 526 027e 01       		.byte	0x1
 527 027f 2C000000 		.4byte	0x2c
 528 0283 03       		.byte	0x3
 529 0284 34       		.byte	0x34
 530 0285 C0020000 		.4byte	0x2c0
 531 0289 06       		.uleb128 0x6
 532 028a 440C0000 		.4byte	.LASF90
 533 028e 00       		.byte	0
 534 028f 06       		.uleb128 0x6
 535 0290 D6030000 		.4byte	.LASF91
 536 0294 01       		.byte	0x1
 537 0295 06       		.uleb128 0x6
 538 0296 AB000000 		.4byte	.LASF92
 539 029a 02       		.byte	0x2
 540 029b 06       		.uleb128 0x6
 541 029c 73020000 		.4byte	.LASF93
 542 02a0 03       		.byte	0x3
 543 02a1 06       		.uleb128 0x6
 544 02a2 65060000 		.4byte	.LASF94
 545 02a6 04       		.byte	0x4
 546 02a7 06       		.uleb128 0x6
 547 02a8 37090000 		.4byte	.LASF95
 548 02ac 05       		.byte	0x5
 549 02ad 06       		.uleb128 0x6
 550 02ae C80D0000 		.4byte	.LASF96
 551 02b2 06       		.byte	0x6
 552 02b3 06       		.uleb128 0x6
 553 02b4 70070000 		.4byte	.LASF97
 554 02b8 06       		.byte	0x6
 555 02b9 06       		.uleb128 0x6
 556 02ba D6040000 		.4byte	.LASF98
 557 02be 07       		.byte	0x7
 558 02bf 00       		.byte	0
 559 02c0 08       		.uleb128 0x8
 560 02c1 9F0D0000 		.4byte	.LASF140
 561 02c5 01       		.byte	0x1
 562 02c6 0B       		.byte	0xb
 563 02c7 5D000000 		.4byte	0x5d
 564 02cb 00000000 		.4byte	.LFB36
 565 02cf C8000000 		.4byte	.LFE36-.LFB36
 566 02d3 01       		.uleb128 0x1
 567 02d4 9C       		.byte	0x9c
 568 02d5 64040000 		.4byte	0x464
 569 02d9 09       		.uleb128 0x9
 570 02da 08000000 		.4byte	.LVL0
 571 02de 76050000 		.4byte	0x576
ARM GAS  C:\Users\ARTEM\AppData\Local\Temp\ccYwC25K.s 			page 12


 572 02e2 09       		.uleb128 0x9
 573 02e3 0E000000 		.4byte	.LVL1
 574 02e7 81050000 		.4byte	0x581
 575 02eb 09       		.uleb128 0x9
 576 02ec 12000000 		.4byte	.LVL2
 577 02f0 8C050000 		.4byte	0x58c
 578 02f4 09       		.uleb128 0x9
 579 02f5 18000000 		.4byte	.LVL3
 580 02f9 97050000 		.4byte	0x597
 581 02fd 09       		.uleb128 0x9
 582 02fe 1E000000 		.4byte	.LVL4
 583 0302 A3050000 		.4byte	0x5a3
 584 0306 09       		.uleb128 0x9
 585 0307 2E000000 		.4byte	.LVL5
 586 030b AE050000 		.4byte	0x5ae
 587 030f 0A       		.uleb128 0xa
 588 0310 34000000 		.4byte	.LVL6
 589 0314 B9050000 		.4byte	0x5b9
 590 0318 22030000 		.4byte	0x322
 591 031c 0B       		.uleb128 0xb
 592 031d 01       		.uleb128 0x1
 593 031e 50       		.byte	0x50
 594 031f 01       		.uleb128 0x1
 595 0320 32       		.byte	0x32
 596 0321 00       		.byte	0
 597 0322 0A       		.uleb128 0xa
 598 0323 3E000000 		.4byte	.LVL7
 599 0327 C4050000 		.4byte	0x5c4
 600 032b 36030000 		.4byte	0x336
 601 032f 0B       		.uleb128 0xb
 602 0330 01       		.uleb128 0x1
 603 0331 50       		.byte	0x50
 604 0332 02       		.uleb128 0x2
 605 0333 74       		.byte	0x74
 606 0334 00       		.sleb128 0
 607 0335 00       		.byte	0
 608 0336 0A       		.uleb128 0xa
 609 0337 44000000 		.4byte	.LVL8
 610 033b CF050000 		.4byte	0x5cf
 611 033f 4A030000 		.4byte	0x34a
 612 0343 0B       		.uleb128 0xb
 613 0344 01       		.uleb128 0x1
 614 0345 50       		.byte	0x50
 615 0346 02       		.uleb128 0x2
 616 0347 74       		.byte	0x74
 617 0348 00       		.sleb128 0
 618 0349 00       		.byte	0
 619 034a 0A       		.uleb128 0xa
 620 034b 4E000000 		.4byte	.LVL9
 621 034f DA050000 		.4byte	0x5da
 622 0353 68030000 		.4byte	0x368
 623 0357 0B       		.uleb128 0xb
 624 0358 01       		.uleb128 0x1
 625 0359 50       		.byte	0x50
 626 035a 01       		.uleb128 0x1
 627 035b 30       		.byte	0x30
 628 035c 0B       		.uleb128 0xb
ARM GAS  C:\Users\ARTEM\AppData\Local\Temp\ccYwC25K.s 			page 13


 629 035d 01       		.uleb128 0x1
 630 035e 51       		.byte	0x51
 631 035f 01       		.uleb128 0x1
 632 0360 30       		.byte	0x30
 633 0361 0B       		.uleb128 0xb
 634 0362 01       		.uleb128 0x1
 635 0363 52       		.byte	0x52
 636 0364 02       		.uleb128 0x2
 637 0365 74       		.byte	0x74
 638 0366 00       		.sleb128 0
 639 0367 00       		.byte	0
 640 0368 0A       		.uleb128 0xa
 641 0369 54000000 		.4byte	.LVL10
 642 036d E5050000 		.4byte	0x5e5
 643 0371 7B030000 		.4byte	0x37b
 644 0375 0B       		.uleb128 0xb
 645 0376 01       		.uleb128 0x1
 646 0377 50       		.byte	0x50
 647 0378 01       		.uleb128 0x1
 648 0379 30       		.byte	0x30
 649 037a 00       		.byte	0
 650 037b 0A       		.uleb128 0xa
 651 037c 5A000000 		.4byte	.LVL11
 652 0380 F0050000 		.4byte	0x5f0
 653 0384 8E030000 		.4byte	0x38e
 654 0388 0B       		.uleb128 0xb
 655 0389 01       		.uleb128 0x1
 656 038a 50       		.byte	0x50
 657 038b 01       		.uleb128 0x1
 658 038c 31       		.byte	0x31
 659 038d 00       		.byte	0
 660 038e 0A       		.uleb128 0xa
 661 038f 60000000 		.4byte	.LVL12
 662 0393 FB050000 		.4byte	0x5fb
 663 0397 A1030000 		.4byte	0x3a1
 664 039b 0B       		.uleb128 0xb
 665 039c 01       		.uleb128 0x1
 666 039d 50       		.byte	0x50
 667 039e 01       		.uleb128 0x1
 668 039f 31       		.byte	0x31
 669 03a0 00       		.byte	0
 670 03a1 0A       		.uleb128 0xa
 671 03a2 66000000 		.4byte	.LVL13
 672 03a6 06060000 		.4byte	0x606
 673 03aa B8030000 		.4byte	0x3b8
 674 03ae 0B       		.uleb128 0xb
 675 03af 01       		.uleb128 0x1
 676 03b0 50       		.byte	0x50
 677 03b1 05       		.uleb128 0x5
 678 03b2 03       		.byte	0x3
 679 03b3 00000000 		.4byte	.LC6
 680 03b7 00       		.byte	0
 681 03b8 09       		.uleb128 0x9
 682 03b9 6A000000 		.4byte	.LVL14
 683 03bd 12060000 		.4byte	0x612
 684 03c1 09       		.uleb128 0x9
 685 03c2 6E000000 		.4byte	.LVL15
ARM GAS  C:\Users\ARTEM\AppData\Local\Temp\ccYwC25K.s 			page 14


 686 03c6 1D060000 		.4byte	0x61d
 687 03ca 0A       		.uleb128 0xa
 688 03cb 74000000 		.4byte	.LVL16
 689 03cf 29060000 		.4byte	0x629
 690 03d3 DD030000 		.4byte	0x3dd
 691 03d7 0B       		.uleb128 0xb
 692 03d8 01       		.uleb128 0x1
 693 03d9 50       		.byte	0x50
 694 03da 01       		.uleb128 0x1
 695 03db 30       		.byte	0x30
 696 03dc 00       		.byte	0
 697 03dd 0A       		.uleb128 0xa
 698 03de 7A000000 		.4byte	.LVL17
 699 03e2 35060000 		.4byte	0x635
 700 03e6 F2030000 		.4byte	0x3f2
 701 03ea 0B       		.uleb128 0xb
 702 03eb 01       		.uleb128 0x1
 703 03ec 50       		.byte	0x50
 704 03ed 03       		.uleb128 0x3
 705 03ee 0A       		.byte	0xa
 706 03ef 6C07     		.2byte	0x76c
 707 03f1 00       		.byte	0
 708 03f2 0A       		.uleb128 0xa
 709 03f3 82000000 		.4byte	.LVL18
 710 03f7 40060000 		.4byte	0x640
 711 03fb 07040000 		.4byte	0x407
 712 03ff 0B       		.uleb128 0xb
 713 0400 01       		.uleb128 0x1
 714 0401 50       		.byte	0x50
 715 0402 03       		.uleb128 0x3
 716 0403 0A       		.byte	0xa
 717 0404 E803     		.2byte	0x3e8
 718 0406 00       		.byte	0
 719 0407 09       		.uleb128 0x9
 720 0408 86000000 		.4byte	.LVL19
 721 040c 4B060000 		.4byte	0x64b
 722 0410 09       		.uleb128 0x9
 723 0411 8A000000 		.4byte	.LVL20
 724 0415 57060000 		.4byte	0x657
 725 0419 0A       		.uleb128 0xa
 726 041a 90000000 		.4byte	.LVL21
 727 041e E5050000 		.4byte	0x5e5
 728 0422 2C040000 		.4byte	0x42c
 729 0426 0B       		.uleb128 0xb
 730 0427 01       		.uleb128 0x1
 731 0428 50       		.byte	0x50
 732 0429 01       		.uleb128 0x1
 733 042a 30       		.byte	0x30
 734 042b 00       		.byte	0
 735 042c 0A       		.uleb128 0xa
 736 042d 96000000 		.4byte	.LVL22
 737 0431 F0050000 		.4byte	0x5f0
 738 0435 3F040000 		.4byte	0x43f
 739 0439 0B       		.uleb128 0xb
 740 043a 01       		.uleb128 0x1
 741 043b 50       		.byte	0x50
 742 043c 01       		.uleb128 0x1
ARM GAS  C:\Users\ARTEM\AppData\Local\Temp\ccYwC25K.s 			page 15


 743 043d 31       		.byte	0x31
 744 043e 00       		.byte	0
 745 043f 09       		.uleb128 0x9
 746 0440 9A000000 		.4byte	.LVL23
 747 0444 62060000 		.4byte	0x662
 748 0448 09       		.uleb128 0x9
 749 0449 9E000000 		.4byte	.LVL24
 750 044d 6D060000 		.4byte	0x66d
 751 0451 09       		.uleb128 0x9
 752 0452 A2000000 		.4byte	.LVL25
 753 0456 78060000 		.4byte	0x678
 754 045a 09       		.uleb128 0x9
 755 045b A6000000 		.4byte	.LVL26
 756 045f 83060000 		.4byte	0x683
 757 0463 00       		.byte	0
 758 0464 0C       		.uleb128 0xc
 759 0465 85000000 		.4byte	0x85
 760 0469 74040000 		.4byte	0x474
 761 046d 0D       		.uleb128 0xd
 762 046e 93000000 		.4byte	0x93
 763 0472 03       		.byte	0x3
 764 0473 00       		.byte	0
 765 0474 0E       		.uleb128 0xe
 766 0475 300A0000 		.4byte	.LASF99
 767 0479 04       		.byte	0x4
 768 047a 0C       		.byte	0xc
 769 047b 64040000 		.4byte	0x464
 770 047f 05       		.uleb128 0x5
 771 0480 03       		.byte	0x3
 772 0481 00000000 		.4byte	uart_rpm_buff
 773 0485 0C       		.uleb128 0xc
 774 0486 85000000 		.4byte	0x85
 775 048a 95040000 		.4byte	0x495
 776 048e 0D       		.uleb128 0xd
 777 048f 93000000 		.4byte	0x93
 778 0493 0F       		.byte	0xf
 779 0494 00       		.byte	0
 780 0495 0F       		.uleb128 0xf
 781 0496 73747200 		.ascii	"str\000"
 782 049a 04       		.byte	0x4
 783 049b 0D       		.byte	0xd
 784 049c 85040000 		.4byte	0x485
 785 04a0 05       		.uleb128 0x5
 786 04a1 03       		.byte	0x3
 787 04a2 00000000 		.4byte	str
 788 04a6 0E       		.uleb128 0xe
 789 04a7 B4050000 		.4byte	.LASF100
 790 04ab 04       		.byte	0x4
 791 04ac 0F       		.byte	0xf
 792 04ad 5D000000 		.4byte	0x5d
 793 04b1 05       		.uleb128 0x5
 794 04b2 03       		.byte	0x3
 795 04b3 00000000 		.4byte	ballCounter
 796 04b7 0E       		.uleb128 0xe
 797 04b8 110B0000 		.4byte	.LASF101
 798 04bc 04       		.byte	0x4
 799 04bd 10       		.byte	0x10
ARM GAS  C:\Users\ARTEM\AppData\Local\Temp\ccYwC25K.s 			page 16


 800 04be 5D000000 		.4byte	0x5d
 801 04c2 05       		.uleb128 0x5
 802 04c3 03       		.byte	0x3
 803 04c4 00000000 		.4byte	oldDifficulty
 804 04c8 0E       		.uleb128 0xe
 805 04c9 08040000 		.4byte	.LASF102
 806 04cd 04       		.byte	0x4
 807 04ce 11       		.byte	0x11
 808 04cf 5D000000 		.4byte	0x5d
 809 04d3 05       		.uleb128 0x5
 810 04d4 03       		.byte	0x3
 811 04d5 00000000 		.4byte	newDiffuculty
 812 04d9 0C       		.uleb128 0xc
 813 04da 5D000000 		.4byte	0x5d
 814 04de E9040000 		.4byte	0x4e9
 815 04e2 0D       		.uleb128 0xd
 816 04e3 93000000 		.4byte	0x93
 817 04e7 03       		.byte	0x3
 818 04e8 00       		.byte	0
 819 04e9 0E       		.uleb128 0xe
 820 04ea AA0C0000 		.4byte	.LASF103
 821 04ee 04       		.byte	0x4
 822 04ef 13       		.byte	0x13
 823 04f0 D9040000 		.4byte	0x4d9
 824 04f4 05       		.uleb128 0x5
 825 04f5 03       		.byte	0x3
 826 04f6 00000000 		.4byte	motor_speeds
 827 04fa 0E       		.uleb128 0xe
 828 04fb 2E0C0000 		.4byte	.LASF104
 829 04ff 04       		.byte	0x4
 830 0500 14       		.byte	0x14
 831 0501 0B050000 		.4byte	0x50b
 832 0505 05       		.uleb128 0x5
 833 0506 03       		.byte	0x3
 834 0507 00000000 		.4byte	motorsEnabled
 835 050b 02       		.uleb128 0x2
 836 050c 01       		.byte	0x1
 837 050d 02       		.byte	0x2
 838 050e F8090000 		.4byte	.LASF105
 839 0512 0E       		.uleb128 0xe
 840 0513 D5050000 		.4byte	.LASF106
 841 0517 05       		.byte	0x5
 842 0518 08       		.byte	0x8
 843 0519 0B050000 		.4byte	0x50b
 844 051d 05       		.uleb128 0x5
 845 051e 03       		.byte	0x3
 846 051f 00000000 		.4byte	doServe
 847 0523 0E       		.uleb128 0xe
 848 0524 CF090000 		.4byte	.LASF107
 849 0528 05       		.byte	0x5
 850 0529 09       		.byte	0x9
 851 052a 0B050000 		.4byte	0x50b
 852 052e 05       		.uleb128 0x5
 853 052f 03       		.byte	0x3
 854 0530 00000000 		.4byte	isServing
 855 0534 0E       		.uleb128 0xe
 856 0535 540A0000 		.4byte	.LASF108
ARM GAS  C:\Users\ARTEM\AppData\Local\Temp\ccYwC25K.s 			page 17


 857 0539 05       		.byte	0x5
 858 053a 0A       		.byte	0xa
 859 053b 5D000000 		.4byte	0x5d
 860 053f 05       		.uleb128 0x5
 861 0540 03       		.byte	0x3
 862 0541 00000000 		.4byte	counter
 863 0545 0E       		.uleb128 0xe
 864 0546 A10A0000 		.4byte	.LASF109
 865 054a 06       		.byte	0x6
 866 054b 0B       		.byte	0xb
 867 054c 0B050000 		.4byte	0x50b
 868 0550 05       		.uleb128 0x5
 869 0551 03       		.byte	0x3
 870 0552 00000000 		.4byte	disablePrintIfZeroRPM
 871 0556 0C       		.uleb128 0xc
 872 0557 61050000 		.4byte	0x561
 873 055b 61050000 		.4byte	0x561
 874 055f 10       		.uleb128 0x10
 875 0560 00       		.byte	0
 876 0561 11       		.uleb128 0x11
 877 0562 6B000000 		.4byte	0x6b
 878 0566 12       		.uleb128 0x12
 879 0567 AC0B0000 		.4byte	.LASF110
 880 056b 01       		.byte	0x1
 881 056c 09       		.byte	0x9
 882 056d 71050000 		.4byte	0x571
 883 0571 11       		.uleb128 0x11
 884 0572 56050000 		.4byte	0x556
 885 0576 13       		.uleb128 0x13
 886 0577 4A020000 		.4byte	.LASF111
 887 057b 4A020000 		.4byte	.LASF111
 888 057f 07       		.byte	0x7
 889 0580 72       		.byte	0x72
 890 0581 13       		.uleb128 0x13
 891 0582 910C0000 		.4byte	.LASF112
 892 0586 910C0000 		.4byte	.LASF112
 893 058a 08       		.byte	0x8
 894 058b 18       		.byte	0x18
 895 058c 13       		.uleb128 0x13
 896 058d EB070000 		.4byte	.LASF113
 897 0591 EB070000 		.4byte	.LASF113
 898 0595 05       		.byte	0x5
 899 0596 0D       		.byte	0xd
 900 0597 14       		.uleb128 0x14
 901 0598 22070000 		.4byte	.LASF114
 902 059c 22070000 		.4byte	.LASF114
 903 05a0 09       		.byte	0x9
 904 05a1 7102     		.2byte	0x271
 905 05a3 13       		.uleb128 0x13
 906 05a4 540C0000 		.4byte	.LASF115
 907 05a8 540C0000 		.4byte	.LASF115
 908 05ac 03       		.byte	0x3
 909 05ad B5       		.byte	0xb5
 910 05ae 13       		.uleb128 0x13
 911 05af 5E070000 		.4byte	.LASF116
 912 05b3 5E070000 		.4byte	.LASF116
 913 05b7 0A       		.byte	0xa
ARM GAS  C:\Users\ARTEM\AppData\Local\Temp\ccYwC25K.s 			page 18


 914 05b8 12       		.byte	0x12
 915 05b9 13       		.uleb128 0x13
 916 05ba 41080000 		.4byte	.LASF117
 917 05be 41080000 		.4byte	.LASF117
 918 05c2 0A       		.byte	0xa
 919 05c3 20       		.byte	0x20
 920 05c4 13       		.uleb128 0x13
 921 05c5 DF090000 		.4byte	.LASF118
 922 05c9 DF090000 		.4byte	.LASF118
 923 05cd 0A       		.byte	0xa
 924 05ce 15       		.byte	0x15
 925 05cf 13       		.uleb128 0x13
 926 05d0 99030000 		.4byte	.LASF119
 927 05d4 99030000 		.4byte	.LASF119
 928 05d8 0A       		.byte	0xa
 929 05d9 16       		.byte	0x16
 930 05da 13       		.uleb128 0x13
 931 05db 99000000 		.4byte	.LASF120
 932 05df 99000000 		.4byte	.LASF120
 933 05e3 0A       		.byte	0xa
 934 05e4 1D       		.byte	0x1d
 935 05e5 13       		.uleb128 0x13
 936 05e6 330D0000 		.4byte	.LASF121
 937 05ea 330D0000 		.4byte	.LASF121
 938 05ee 0B       		.byte	0xb
 939 05ef 12       		.byte	0x12
 940 05f0 13       		.uleb128 0x13
 941 05f1 D3080000 		.4byte	.LASF122
 942 05f5 D3080000 		.4byte	.LASF122
 943 05f9 0C       		.byte	0xc
 944 05fa 33       		.byte	0x33
 945 05fb 13       		.uleb128 0x13
 946 05fc DE0C0000 		.4byte	.LASF123
 947 0600 DE0C0000 		.4byte	.LASF123
 948 0604 0D       		.byte	0xd
 949 0605 33       		.byte	0x33
 950 0606 14       		.uleb128 0x14
 951 0607 0C050000 		.4byte	.LASF124
 952 060b 0C050000 		.4byte	.LASF124
 953 060f 0E       		.byte	0xe
 954 0610 2A03     		.2byte	0x32a
 955 0612 13       		.uleb128 0x13
 956 0613 71030000 		.4byte	.LASF125
 957 0617 71030000 		.4byte	.LASF125
 958 061b 0F       		.byte	0xf
 959 061c 99       		.byte	0x99
 960 061d 14       		.uleb128 0x14
 961 061e 75040000 		.4byte	.LASF126
 962 0622 75040000 		.4byte	.LASF126
 963 0626 10       		.byte	0x10
 964 0627 3201     		.2byte	0x132
 965 0629 14       		.uleb128 0x14
 966 062a 3E0A0000 		.4byte	.LASF127
 967 062e 3E0A0000 		.4byte	.LASF127
 968 0632 10       		.byte	0x10
 969 0633 5501     		.2byte	0x155
 970 0635 13       		.uleb128 0x13
ARM GAS  C:\Users\ARTEM\AppData\Local\Temp\ccYwC25K.s 			page 19


 971 0636 030C0000 		.4byte	.LASF128
 972 063a 030C0000 		.4byte	.LASF128
 973 063e 0B       		.byte	0xb
 974 063f 11       		.byte	0x11
 975 0640 13       		.uleb128 0x13
 976 0641 3C0C0000 		.4byte	.LASF129
 977 0645 3C0C0000 		.4byte	.LASF129
 978 0649 11       		.byte	0x11
 979 064a EC       		.byte	0xec
 980 064b 14       		.uleb128 0x14
 981 064c 07090000 		.4byte	.LASF130
 982 0650 07090000 		.4byte	.LASF130
 983 0654 02       		.byte	0x2
 984 0655 CF07     		.2byte	0x7cf
 985 0657 13       		.uleb128 0x13
 986 0658 58090000 		.4byte	.LASF131
 987 065c 58090000 		.4byte	.LASF131
 988 0660 06       		.byte	0x6
 989 0661 10       		.byte	0x10
 990 0662 13       		.uleb128 0x13
 991 0663 730B0000 		.4byte	.LASF132
 992 0667 730B0000 		.4byte	.LASF132
 993 066b 06       		.byte	0x6
 994 066c 11       		.byte	0x11
 995 066d 13       		.uleb128 0x13
 996 066e 05020000 		.4byte	.LASF133
 997 0672 05020000 		.4byte	.LASF133
 998 0676 05       		.byte	0x5
 999 0677 0C       		.byte	0xc
 1000 0678 13       		.uleb128 0x13
 1001 0679 2F010000 		.4byte	.LASF134
 1002 067d 2F010000 		.4byte	.LASF134
 1003 0681 05       		.byte	0x5
 1004 0682 10       		.byte	0x10
 1005 0683 13       		.uleb128 0x13
 1006 0684 1F0B0000 		.4byte	.LASF135
 1007 0688 1F0B0000 		.4byte	.LASF135
 1008 068c 0B       		.byte	0xb
 1009 068d 13       		.byte	0x13
 1010 068e 00       		.byte	0
 1011              		.section	.debug_abbrev,"",%progbits
 1012              	.Ldebug_abbrev0:
 1013 0000 01       		.uleb128 0x1
 1014 0001 11       		.uleb128 0x11
 1015 0002 01       		.byte	0x1
 1016 0003 25       		.uleb128 0x25
 1017 0004 0E       		.uleb128 0xe
 1018 0005 13       		.uleb128 0x13
 1019 0006 0B       		.uleb128 0xb
 1020 0007 03       		.uleb128 0x3
 1021 0008 0E       		.uleb128 0xe
 1022 0009 1B       		.uleb128 0x1b
 1023 000a 0E       		.uleb128 0xe
 1024 000b 55       		.uleb128 0x55
 1025 000c 17       		.uleb128 0x17
 1026 000d 11       		.uleb128 0x11
 1027 000e 01       		.uleb128 0x1
ARM GAS  C:\Users\ARTEM\AppData\Local\Temp\ccYwC25K.s 			page 20


 1028 000f 10       		.uleb128 0x10
 1029 0010 17       		.uleb128 0x17
 1030 0011 00       		.byte	0
 1031 0012 00       		.byte	0
 1032 0013 02       		.uleb128 0x2
 1033 0014 24       		.uleb128 0x24
 1034 0015 00       		.byte	0
 1035 0016 0B       		.uleb128 0xb
 1036 0017 0B       		.uleb128 0xb
 1037 0018 3E       		.uleb128 0x3e
 1038 0019 0B       		.uleb128 0xb
 1039 001a 03       		.uleb128 0x3
 1040 001b 0E       		.uleb128 0xe
 1041 001c 00       		.byte	0
 1042 001d 00       		.byte	0
 1043 001e 03       		.uleb128 0x3
 1044 001f 24       		.uleb128 0x24
 1045 0020 00       		.byte	0
 1046 0021 0B       		.uleb128 0xb
 1047 0022 0B       		.uleb128 0xb
 1048 0023 3E       		.uleb128 0x3e
 1049 0024 0B       		.uleb128 0xb
 1050 0025 03       		.uleb128 0x3
 1051 0026 08       		.uleb128 0x8
 1052 0027 00       		.byte	0
 1053 0028 00       		.byte	0
 1054 0029 04       		.uleb128 0x4
 1055 002a 16       		.uleb128 0x16
 1056 002b 00       		.byte	0
 1057 002c 03       		.uleb128 0x3
 1058 002d 0E       		.uleb128 0xe
 1059 002e 3A       		.uleb128 0x3a
 1060 002f 0B       		.uleb128 0xb
 1061 0030 3B       		.uleb128 0x3b
 1062 0031 05       		.uleb128 0x5
 1063 0032 49       		.uleb128 0x49
 1064 0033 13       		.uleb128 0x13
 1065 0034 00       		.byte	0
 1066 0035 00       		.byte	0
 1067 0036 05       		.uleb128 0x5
 1068 0037 04       		.uleb128 0x4
 1069 0038 01       		.byte	0x1
 1070 0039 0B       		.uleb128 0xb
 1071 003a 0B       		.uleb128 0xb
 1072 003b 49       		.uleb128 0x49
 1073 003c 13       		.uleb128 0x13
 1074 003d 3A       		.uleb128 0x3a
 1075 003e 0B       		.uleb128 0xb
 1076 003f 3B       		.uleb128 0x3b
 1077 0040 05       		.uleb128 0x5
 1078 0041 01       		.uleb128 0x1
 1079 0042 13       		.uleb128 0x13
 1080 0043 00       		.byte	0
 1081 0044 00       		.byte	0
 1082 0045 06       		.uleb128 0x6
 1083 0046 28       		.uleb128 0x28
 1084 0047 00       		.byte	0
ARM GAS  C:\Users\ARTEM\AppData\Local\Temp\ccYwC25K.s 			page 21


 1085 0048 03       		.uleb128 0x3
 1086 0049 0E       		.uleb128 0xe
 1087 004a 1C       		.uleb128 0x1c
 1088 004b 0B       		.uleb128 0xb
 1089 004c 00       		.byte	0
 1090 004d 00       		.byte	0
 1091 004e 07       		.uleb128 0x7
 1092 004f 04       		.uleb128 0x4
 1093 0050 01       		.byte	0x1
 1094 0051 0B       		.uleb128 0xb
 1095 0052 0B       		.uleb128 0xb
 1096 0053 49       		.uleb128 0x49
 1097 0054 13       		.uleb128 0x13
 1098 0055 3A       		.uleb128 0x3a
 1099 0056 0B       		.uleb128 0xb
 1100 0057 3B       		.uleb128 0x3b
 1101 0058 0B       		.uleb128 0xb
 1102 0059 01       		.uleb128 0x1
 1103 005a 13       		.uleb128 0x13
 1104 005b 00       		.byte	0
 1105 005c 00       		.byte	0
 1106 005d 08       		.uleb128 0x8
 1107 005e 2E       		.uleb128 0x2e
 1108 005f 01       		.byte	0x1
 1109 0060 3F       		.uleb128 0x3f
 1110 0061 19       		.uleb128 0x19
 1111 0062 03       		.uleb128 0x3
 1112 0063 0E       		.uleb128 0xe
 1113 0064 3A       		.uleb128 0x3a
 1114 0065 0B       		.uleb128 0xb
 1115 0066 3B       		.uleb128 0x3b
 1116 0067 0B       		.uleb128 0xb
 1117 0068 27       		.uleb128 0x27
 1118 0069 19       		.uleb128 0x19
 1119 006a 49       		.uleb128 0x49
 1120 006b 13       		.uleb128 0x13
 1121 006c 8701     		.uleb128 0x87
 1122 006e 19       		.uleb128 0x19
 1123 006f 11       		.uleb128 0x11
 1124 0070 01       		.uleb128 0x1
 1125 0071 12       		.uleb128 0x12
 1126 0072 06       		.uleb128 0x6
 1127 0073 40       		.uleb128 0x40
 1128 0074 18       		.uleb128 0x18
 1129 0075 9742     		.uleb128 0x2117
 1130 0077 19       		.uleb128 0x19
 1131 0078 01       		.uleb128 0x1
 1132 0079 13       		.uleb128 0x13
 1133 007a 00       		.byte	0
 1134 007b 00       		.byte	0
 1135 007c 09       		.uleb128 0x9
 1136 007d 898201   		.uleb128 0x4109
 1137 0080 00       		.byte	0
 1138 0081 11       		.uleb128 0x11
 1139 0082 01       		.uleb128 0x1
 1140 0083 31       		.uleb128 0x31
 1141 0084 13       		.uleb128 0x13
ARM GAS  C:\Users\ARTEM\AppData\Local\Temp\ccYwC25K.s 			page 22


 1142 0085 00       		.byte	0
 1143 0086 00       		.byte	0
 1144 0087 0A       		.uleb128 0xa
 1145 0088 898201   		.uleb128 0x4109
 1146 008b 01       		.byte	0x1
 1147 008c 11       		.uleb128 0x11
 1148 008d 01       		.uleb128 0x1
 1149 008e 31       		.uleb128 0x31
 1150 008f 13       		.uleb128 0x13
 1151 0090 01       		.uleb128 0x1
 1152 0091 13       		.uleb128 0x13
 1153 0092 00       		.byte	0
 1154 0093 00       		.byte	0
 1155 0094 0B       		.uleb128 0xb
 1156 0095 8A8201   		.uleb128 0x410a
 1157 0098 00       		.byte	0
 1158 0099 02       		.uleb128 0x2
 1159 009a 18       		.uleb128 0x18
 1160 009b 9142     		.uleb128 0x2111
 1161 009d 18       		.uleb128 0x18
 1162 009e 00       		.byte	0
 1163 009f 00       		.byte	0
 1164 00a0 0C       		.uleb128 0xc
 1165 00a1 01       		.uleb128 0x1
 1166 00a2 01       		.byte	0x1
 1167 00a3 49       		.uleb128 0x49
 1168 00a4 13       		.uleb128 0x13
 1169 00a5 01       		.uleb128 0x1
 1170 00a6 13       		.uleb128 0x13
 1171 00a7 00       		.byte	0
 1172 00a8 00       		.byte	0
 1173 00a9 0D       		.uleb128 0xd
 1174 00aa 21       		.uleb128 0x21
 1175 00ab 00       		.byte	0
 1176 00ac 49       		.uleb128 0x49
 1177 00ad 13       		.uleb128 0x13
 1178 00ae 2F       		.uleb128 0x2f
 1179 00af 0B       		.uleb128 0xb
 1180 00b0 00       		.byte	0
 1181 00b1 00       		.byte	0
 1182 00b2 0E       		.uleb128 0xe
 1183 00b3 34       		.uleb128 0x34
 1184 00b4 00       		.byte	0
 1185 00b5 03       		.uleb128 0x3
 1186 00b6 0E       		.uleb128 0xe
 1187 00b7 3A       		.uleb128 0x3a
 1188 00b8 0B       		.uleb128 0xb
 1189 00b9 3B       		.uleb128 0x3b
 1190 00ba 0B       		.uleb128 0xb
 1191 00bb 49       		.uleb128 0x49
 1192 00bc 13       		.uleb128 0x13
 1193 00bd 3F       		.uleb128 0x3f
 1194 00be 19       		.uleb128 0x19
 1195 00bf 02       		.uleb128 0x2
 1196 00c0 18       		.uleb128 0x18
 1197 00c1 00       		.byte	0
 1198 00c2 00       		.byte	0
ARM GAS  C:\Users\ARTEM\AppData\Local\Temp\ccYwC25K.s 			page 23


 1199 00c3 0F       		.uleb128 0xf
 1200 00c4 34       		.uleb128 0x34
 1201 00c5 00       		.byte	0
 1202 00c6 03       		.uleb128 0x3
 1203 00c7 08       		.uleb128 0x8
 1204 00c8 3A       		.uleb128 0x3a
 1205 00c9 0B       		.uleb128 0xb
 1206 00ca 3B       		.uleb128 0x3b
 1207 00cb 0B       		.uleb128 0xb
 1208 00cc 49       		.uleb128 0x49
 1209 00cd 13       		.uleb128 0x13
 1210 00ce 3F       		.uleb128 0x3f
 1211 00cf 19       		.uleb128 0x19
 1212 00d0 02       		.uleb128 0x2
 1213 00d1 18       		.uleb128 0x18
 1214 00d2 00       		.byte	0
 1215 00d3 00       		.byte	0
 1216 00d4 10       		.uleb128 0x10
 1217 00d5 21       		.uleb128 0x21
 1218 00d6 00       		.byte	0
 1219 00d7 00       		.byte	0
 1220 00d8 00       		.byte	0
 1221 00d9 11       		.uleb128 0x11
 1222 00da 26       		.uleb128 0x26
 1223 00db 00       		.byte	0
 1224 00dc 49       		.uleb128 0x49
 1225 00dd 13       		.uleb128 0x13
 1226 00de 00       		.byte	0
 1227 00df 00       		.byte	0
 1228 00e0 12       		.uleb128 0x12
 1229 00e1 34       		.uleb128 0x34
 1230 00e2 00       		.byte	0
 1231 00e3 03       		.uleb128 0x3
 1232 00e4 0E       		.uleb128 0xe
 1233 00e5 3A       		.uleb128 0x3a
 1234 00e6 0B       		.uleb128 0xb
 1235 00e7 3B       		.uleb128 0x3b
 1236 00e8 0B       		.uleb128 0xb
 1237 00e9 49       		.uleb128 0x49
 1238 00ea 13       		.uleb128 0x13
 1239 00eb 3F       		.uleb128 0x3f
 1240 00ec 19       		.uleb128 0x19
 1241 00ed 3C       		.uleb128 0x3c
 1242 00ee 19       		.uleb128 0x19
 1243 00ef 00       		.byte	0
 1244 00f0 00       		.byte	0
 1245 00f1 13       		.uleb128 0x13
 1246 00f2 2E       		.uleb128 0x2e
 1247 00f3 00       		.byte	0
 1248 00f4 3F       		.uleb128 0x3f
 1249 00f5 19       		.uleb128 0x19
 1250 00f6 3C       		.uleb128 0x3c
 1251 00f7 19       		.uleb128 0x19
 1252 00f8 6E       		.uleb128 0x6e
 1253 00f9 0E       		.uleb128 0xe
 1254 00fa 03       		.uleb128 0x3
 1255 00fb 0E       		.uleb128 0xe
ARM GAS  C:\Users\ARTEM\AppData\Local\Temp\ccYwC25K.s 			page 24


 1256 00fc 3A       		.uleb128 0x3a
 1257 00fd 0B       		.uleb128 0xb
 1258 00fe 3B       		.uleb128 0x3b
 1259 00ff 0B       		.uleb128 0xb
 1260 0100 00       		.byte	0
 1261 0101 00       		.byte	0
 1262 0102 14       		.uleb128 0x14
 1263 0103 2E       		.uleb128 0x2e
 1264 0104 00       		.byte	0
 1265 0105 3F       		.uleb128 0x3f
 1266 0106 19       		.uleb128 0x19
 1267 0107 3C       		.uleb128 0x3c
 1268 0108 19       		.uleb128 0x19
 1269 0109 6E       		.uleb128 0x6e
 1270 010a 0E       		.uleb128 0xe
 1271 010b 03       		.uleb128 0x3
 1272 010c 0E       		.uleb128 0xe
 1273 010d 3A       		.uleb128 0x3a
 1274 010e 0B       		.uleb128 0xb
 1275 010f 3B       		.uleb128 0x3b
 1276 0110 05       		.uleb128 0x5
 1277 0111 00       		.byte	0
 1278 0112 00       		.byte	0
 1279 0113 00       		.byte	0
 1280              		.section	.debug_aranges,"",%progbits
 1281 0000 1C000000 		.4byte	0x1c
 1282 0004 0200     		.2byte	0x2
 1283 0006 00000000 		.4byte	.Ldebug_info0
 1284 000a 04       		.byte	0x4
 1285 000b 00       		.byte	0
 1286 000c 0000     		.2byte	0
 1287 000e 0000     		.2byte	0
 1288 0010 00000000 		.4byte	.LFB36
 1289 0014 C8000000 		.4byte	.LFE36-.LFB36
 1290 0018 00000000 		.4byte	0
 1291 001c 00000000 		.4byte	0
 1292              		.section	.debug_ranges,"",%progbits
 1293              	.Ldebug_ranges0:
 1294 0000 00000000 		.4byte	.LFB36
 1295 0004 C8000000 		.4byte	.LFE36
 1296 0008 00000000 		.4byte	0
 1297 000c 00000000 		.4byte	0
 1298              		.section	.debug_line,"",%progbits
 1299              	.Ldebug_line0:
 1300 0000 9F010000 		.section	.debug_str,"MS",%progbits,1
 1300      02004C01 
 1300      00000201 
 1300      FB0E0D00 
 1300      01010101 
 1301              	.LASF55:
 1302 0000 4359424C 		.ascii	"CYBLE_EVT_GATTC_READ_BLOB_RSP\000"
 1302      455F4556 
 1302      545F4741 
 1302      5454435F 
 1302      52454144 
 1303              	.LASF19:
 1304 001e 4359424C 		.ascii	"CYBLE_EVT_STACK_BUSY_STATUS\000"
ARM GAS  C:\Users\ARTEM\AppData\Local\Temp\ccYwC25K.s 			page 25


 1304      455F4556 
 1304      545F5354 
 1304      41434B5F 
 1304      42555359 
 1305              	.LASF77:
 1306 003a 4359424C 		.ascii	"CYBLE_EVT_L2CAP_CBFC_DATA_READ\000"
 1306      455F4556 
 1306      545F4C32 
 1306      4341505F 
 1306      43424643 
 1307              	.LASF138:
 1308 0059 423A5C55 		.ascii	"B:\\UCU Second year\\Term 1\\POC\\Project\\CyberPon"
 1308      43552053 
 1308      65636F6E 
 1308      64207965 
 1308      61725C54 
 1309 0087 675C4379 		.ascii	"g\\CyberPong.cydsn\000"
 1309      62657250 
 1309      6F6E672E 
 1309      63796473 
 1309      6E00
 1310              	.LASF120:
 1311 0099 53747269 		.ascii	"StripLights_Pixel\000"
 1311      704C6967 
 1311      6874735F 
 1311      50697865 
 1311      6C00
 1312              	.LASF92:
 1313 00ab 4359424C 		.ascii	"CYBLE_AIOS_CHAR_USER_DESCRIPTION_DESCR\000"
 1313      455F4149 
 1313      4F535F43 
 1313      4841525F 
 1313      55534552 
 1314              	.LASF86:
 1315 00d2 4359424C 		.ascii	"CYBLE_AIOS_DIGITAL\000"
 1315      455F4149 
 1315      4F535F44 
 1315      49474954 
 1315      414C00
 1316              	.LASF76:
 1317 00e5 4359424C 		.ascii	"CYBLE_EVT_L2CAP_CBFC_DISCONN_CNF\000"
 1317      455F4556 
 1317      545F4C32 
 1317      4341505F 
 1317      43424643 
 1318              	.LASF36:
 1319 0106 4359424C 		.ascii	"CYBLE_EVT_GAP_OOB_GENERATED_NOTIFICATION\000"
 1319      455F4556 
 1319      545F4741 
 1319      505F4F4F 
 1319      425F4745 
 1320              	.LASF134:
 1321 012f 55706461 		.ascii	"UpdateServing\000"
 1321      74655365 
 1321      7276696E 
 1321      6700
 1322              	.LASF61:
ARM GAS  C:\Users\ARTEM\AppData\Local\Temp\ccYwC25K.s 			page 26


 1323 013d 4359424C 		.ascii	"CYBLE_EVT_GATTS_EXEC_WRITE_REQ\000"
 1323      455F4556 
 1323      545F4741 
 1323      5454535F 
 1323      45584543 
 1324              	.LASF16:
 1325 015c 4359424C 		.ascii	"CYBLE_EVT_TIMEOUT\000"
 1325      455F4556 
 1325      545F5449 
 1325      4D454F55 
 1325      5400
 1326              	.LASF4:
 1327 016e 6C6F6E67 		.ascii	"long int\000"
 1327      20696E74 
 1327      00
 1328              	.LASF136:
 1329 0177 474E5520 		.ascii	"GNU C11 5.4.1 20160609 (release) [ARM/embedded-5-br"
 1329      43313120 
 1329      352E342E 
 1329      31203230 
 1329      31363036 
 1330 01aa 616E6368 		.ascii	"anch revision 237715] -mcpu=cortex-m0 -mthumb -g -O"
 1330      20726576 
 1330      6973696F 
 1330      6E203233 
 1330      37373135 
 1331 01dd 67202D66 		.ascii	"g -ffunction-sections -ffat-lto-objects\000"
 1331      66756E63 
 1331      74696F6E 
 1331      2D736563 
 1331      74696F6E 
 1332              	.LASF133:
 1333 0205 43686563 		.ascii	"CheckForBallServeRequest\000"
 1333      6B466F72 
 1333      42616C6C 
 1333      53657276 
 1333      65526571 
 1334              	.LASF7:
 1335 021e 6C6F6E67 		.ascii	"long long unsigned int\000"
 1335      206C6F6E 
 1335      6720756E 
 1335      7369676E 
 1335      65642069 
 1336              	.LASF18:
 1337 0235 4359424C 		.ascii	"CYBLE_EVT_HCI_STATUS\000"
 1337      455F4556 
 1337      545F4843 
 1337      495F5354 
 1337      41545553 
 1338              	.LASF111:
 1339 024a 55415254 		.ascii	"UART_Start\000"
 1339      5F537461 
 1339      727400
 1340              	.LASF81:
 1341 0255 4359424C 		.ascii	"CYBLE_EVT_PENDING_FLASH_WRITE\000"
 1341      455F4556 
 1341      545F5045 
ARM GAS  C:\Users\ARTEM\AppData\Local\Temp\ccYwC25K.s 			page 27


 1341      4E44494E 
 1341      475F464C 
 1342              	.LASF93:
 1343 0273 4359424C 		.ascii	"CYBLE_AIOS_CHAR_EXTENDED_PROPERTIES\000"
 1343      455F4149 
 1343      4F535F43 
 1343      4841525F 
 1343      45585445 
 1344              	.LASF70:
 1345 0297 4359424C 		.ascii	"CYBLE_EVT_L2CAP_CONN_PARAM_UPDATE_REQ\000"
 1345      455F4556 
 1345      545F4C32 
 1345      4341505F 
 1345      434F4E4E 
 1346              	.LASF30:
 1347 02bd 4359424C 		.ascii	"CYBLE_EVT_GAP_ENCRYPT_CHANGE\000"
 1347      455F4556 
 1347      545F4741 
 1347      505F454E 
 1347      43525950 
 1348              	.LASF34:
 1349 02da 4359424C 		.ascii	"CYBLE_EVT_GAP_NUMERIC_COMPARISON_REQUEST\000"
 1349      455F4556 
 1349      545F4741 
 1349      505F4E55 
 1349      4D455249 
 1350              	.LASF0:
 1351 0303 7369676E 		.ascii	"signed char\000"
 1351      65642063 
 1351      68617200 
 1352              	.LASF15:
 1353 030f 4359424C 		.ascii	"CYBLE_EVT_STACK_ON\000"
 1353      455F4556 
 1353      545F5354 
 1353      41434B5F 
 1353      4F4E00
 1354              	.LASF32:
 1355 0322 4359424C 		.ascii	"CYBLE_EVT_GAPC_SCAN_START_STOP\000"
 1355      455F4556 
 1355      545F4741 
 1355      50435F53 
 1355      43414E5F 
 1356              	.LASF22:
 1357 0341 4359424C 		.ascii	"CYBLE_EVT_GAP_AUTH_REQ\000"
 1357      455F4556 
 1357      545F4741 
 1357      505F4155 
 1357      54485F52 
 1358              	.LASF54:
 1359 0358 4359424C 		.ascii	"CYBLE_EVT_GATTC_READ_RSP\000"
 1359      455F4556 
 1359      545F4741 
 1359      5454435F 
 1359      52454144 
 1360              	.LASF125:
 1361 0371 4144435F 		.ascii	"ADC_Start\000"
 1361      53746172 
ARM GAS  C:\Users\ARTEM\AppData\Local\Temp\ccYwC25K.s 			page 28


 1361      7400
 1362              	.LASF59:
 1363 037b 4359424C 		.ascii	"CYBLE_EVT_GATTS_WRITE_CMD_REQ\000"
 1363      455F4556 
 1363      545F4741 
 1363      5454535F 
 1363      57524954 
 1364              	.LASF119:
 1365 0399 53747269 		.ascii	"StripLights_MemClear\000"
 1365      704C6967 
 1365      6874735F 
 1365      4D656D43 
 1365      6C656172 
 1366              	.LASF27:
 1367 03ae 4359424C 		.ascii	"CYBLE_EVT_GAPP_ADVERTISEMENT_START_STOP\000"
 1367      455F4556 
 1367      545F4741 
 1367      50505F41 
 1367      44564552 
 1368              	.LASF91:
 1369 03d6 4359424C 		.ascii	"CYBLE_AIOS_CHAR_PRESENTATION_FORMAT\000"
 1369      455F4149 
 1369      4F535F43 
 1369      4841525F 
 1369      50524553 
 1370              	.LASF6:
 1371 03fa 6C6F6E67 		.ascii	"long long int\000"
 1371      206C6F6E 
 1371      6720696E 
 1371      7400
 1372              	.LASF102:
 1373 0408 6E657744 		.ascii	"newDiffuculty\000"
 1373      69666675 
 1373      63756C74 
 1373      7900
 1374              	.LASF62:
 1375 0416 4359424C 		.ascii	"CYBLE_EVT_GATTC_EXEC_WRITE_RSP\000"
 1375      455F4556 
 1375      545F4741 
 1375      5454435F 
 1375      45584543 
 1376              	.LASF10:
 1377 0435 646F7562 		.ascii	"double\000"
 1377      6C6500
 1378              	.LASF139:
 1379 043c 75696E74 		.ascii	"uint32\000"
 1379      333200
 1380              	.LASF85:
 1381 0443 4359424C 		.ascii	"CYBLE_EVT_MAX\000"
 1381      455F4556 
 1381      545F4D41 
 1381      5800
 1382              	.LASF80:
 1383 0451 4359424C 		.ascii	"CYBLE_EVT_L2CAP_CBFC_DATA_WRITE_IND\000"
 1383      455F4556 
 1383      545F4C32 
 1383      4341505F 
ARM GAS  C:\Users\ARTEM\AppData\Local\Temp\ccYwC25K.s 			page 29


 1383      43424643 
 1384              	.LASF126:
 1385 0475 50574D5F 		.ascii	"PWM_Down_Start\000"
 1385      446F776E 
 1385      5F537461 
 1385      727400
 1386              	.LASF69:
 1387 0484 4359424C 		.ascii	"CYBLE_EVT_GATTC_LONG_PROCEDURE_END\000"
 1387      455F4556 
 1387      545F4741 
 1387      5454435F 
 1387      4C4F4E47 
 1388              	.LASF67:
 1389 04a7 4359424C 		.ascii	"CYBLE_EVT_GATTC_STOP_CMD_COMPLETE\000"
 1389      455F4556 
 1389      545F4741 
 1389      5454435F 
 1389      53544F50 
 1390              	.LASF8:
 1391 04c9 756E7369 		.ascii	"unsigned int\000"
 1391      676E6564 
 1391      20696E74 
 1391      00
 1392              	.LASF98:
 1393 04d6 4359424C 		.ascii	"CYBLE_AIOS_DESCR_COUNT\000"
 1393      455F4149 
 1393      4F535F44 
 1393      45534352 
 1393      5F434F55 
 1394              	.LASF82:
 1395 04ed 4359424C 		.ascii	"CYBLE_EVT_LE_PING_AUTH_TIMEOUT\000"
 1395      455F4556 
 1395      545F4C45 
 1395      5F50494E 
 1395      475F4155 
 1396              	.LASF124:
 1397 050c 55415254 		.ascii	"UART_UartPutString\000"
 1397      5F556172 
 1397      74507574 
 1397      53747269 
 1397      6E6700
 1398              	.LASF5:
 1399 051f 6C6F6E67 		.ascii	"long unsigned int\000"
 1399      20756E73 
 1399      69676E65 
 1399      6420696E 
 1399      7400
 1400              	.LASF41:
 1401 0531 4359424C 		.ascii	"CYBLE_EVT_GAP_CONN_ESTB\000"
 1401      455F4556 
 1401      545F4741 
 1401      505F434F 
 1401      4E4E5F45 
 1402              	.LASF31:
 1403 0549 4359424C 		.ascii	"CYBLE_EVT_GAP_CONNECTION_UPDATE_COMPLETE\000"
 1403      455F4556 
 1403      545F4741 
ARM GAS  C:\Users\ARTEM\AppData\Local\Temp\ccYwC25K.s 			page 30


 1403      505F434F 
 1403      4E4E4543 
 1404              	.LASF49:
 1405 0572 4359424C 		.ascii	"CYBLE_EVT_GATTC_XCHNG_MTU_RSP\000"
 1405      455F4556 
 1405      545F4741 
 1405      5454435F 
 1405      5843484E 
 1406              	.LASF66:
 1407 0590 4359424C 		.ascii	"CYBLE_EVT_GATTS_DATA_SIGNED_CMD_REQ\000"
 1407      455F4556 
 1407      545F4741 
 1407      5454535F 
 1407      44415441 
 1408              	.LASF100:
 1409 05b4 62616C6C 		.ascii	"ballCounter\000"
 1409      436F756E 
 1409      74657200 
 1410              	.LASF88:
 1411 05c0 4359424C 		.ascii	"CYBLE_AIOS_AGGREGATE\000"
 1411      455F4149 
 1411      4F535F41 
 1411      47475245 
 1411      47415445 
 1412              	.LASF106:
 1413 05d5 646F5365 		.ascii	"doServe\000"
 1413      72766500 
 1414              	.LASF40:
 1415 05dd 4359424C 		.ascii	"CYBLE_EVT_GAP_SMP_NEGOTIATED_AUTH_INFO\000"
 1415      455F4556 
 1415      545F4741 
 1415      505F534D 
 1415      505F4E45 
 1416              	.LASF3:
 1417 0604 73686F72 		.ascii	"short unsigned int\000"
 1417      7420756E 
 1417      7369676E 
 1417      65642069 
 1417      6E7400
 1418              	.LASF14:
 1419 0617 4359424C 		.ascii	"CYBLE_EVT_HOST_INVALID\000"
 1419      455F4556 
 1419      545F484F 
 1419      53545F49 
 1419      4E56414C 
 1420              	.LASF52:
 1421 062e 4359424C 		.ascii	"CYBLE_EVT_GATTC_FIND_INFO_RSP\000"
 1421      455F4556 
 1421      545F4741 
 1421      5454435F 
 1421      46494E44 
 1422              	.LASF20:
 1423 064c 4359424C 		.ascii	"CYBLE_EVT_MEMORY_REQUEST\000"
 1423      455F4556 
 1423      545F4D45 
 1423      4D4F5259 
 1423      5F524551 
ARM GAS  C:\Users\ARTEM\AppData\Local\Temp\ccYwC25K.s 			page 31


 1424              	.LASF94:
 1425 0665 4359424C 		.ascii	"CYBLE_AIOS_VALUE_TRIGGER_SETTINGS\000"
 1425      455F4149 
 1425      4F535F56 
 1425      414C5545 
 1425      5F545249 
 1426              	.LASF89:
 1427 0687 4359424C 		.ascii	"CYBLE_AIOS_CHAR_COUNT\000"
 1427      455F4149 
 1427      4F535F43 
 1427      4841525F 
 1427      434F554E 
 1428              	.LASF23:
 1429 069d 4359424C 		.ascii	"CYBLE_EVT_GAP_PASSKEY_ENTRY_REQUEST\000"
 1429      455F4556 
 1429      545F4741 
 1429      505F5041 
 1429      53534B45 
 1430              	.LASF28:
 1431 06c1 4359424C 		.ascii	"CYBLE_EVT_GAP_DEVICE_CONNECTED\000"
 1431      455F4556 
 1431      545F4741 
 1431      505F4445 
 1431      56494345 
 1432              	.LASF137:
 1433 06e0 6D61696E 		.ascii	"main.c\000"
 1433      2E6300
 1434              	.LASF57:
 1435 06e7 4359424C 		.ascii	"CYBLE_EVT_GATTS_WRITE_REQ\000"
 1435      455F4556 
 1435      545F4741 
 1435      5454535F 
 1435      57524954 
 1436              	.LASF43:
 1437 0701 4359424C 		.ascii	"CYBLE_EVT_GAP_AUTH_REQ_REPLY_ERR\000"
 1437      455F4556 
 1437      545F4741 
 1437      505F4155 
 1437      54485F52 
 1438              	.LASF114:
 1439 0722 4379426C 		.ascii	"CyBle_Start\000"
 1439      655F5374 
 1439      61727400 
 1440              	.LASF2:
 1441 072e 73686F72 		.ascii	"short int\000"
 1441      7420696E 
 1441      7400
 1442              	.LASF24:
 1443 0738 4359424C 		.ascii	"CYBLE_EVT_GAP_PASSKEY_DISPLAY_REQUEST\000"
 1443      455F4556 
 1443      545F4741 
 1443      505F5041 
 1443      53534B45 
 1444              	.LASF116:
 1445 075e 53747269 		.ascii	"StripLights_Start\000"
 1445      704C6967 
 1445      6874735F 
ARM GAS  C:\Users\ARTEM\AppData\Local\Temp\ccYwC25K.s 			page 32


 1445      53746172 
 1445      7400
 1446              	.LASF97:
 1447 0770 4359424C 		.ascii	"CYBLE_AIOS_NUM_OF_DIGITAL_DESCR\000"
 1447      455F4149 
 1447      4F535F4E 
 1447      554D5F4F 
 1447      465F4449 
 1448              	.LASF46:
 1449 0790 4359424C 		.ascii	"CYBLE_EVT_GATT_CONNECT_IND\000"
 1449      455F4556 
 1449      545F4741 
 1449      54545F43 
 1449      4F4E4E45 
 1450              	.LASF72:
 1451 07ab 4359424C 		.ascii	"CYBLE_EVT_L2CAP_COMMAND_REJ\000"
 1451      455F4556 
 1451      545F4C32 
 1451      4341505F 
 1451      434F4D4D 
 1452              	.LASF21:
 1453 07c7 4359424C 		.ascii	"CYBLE_EVT_GAPC_SCAN_PROGRESS_RESULT\000"
 1453      455F4556 
 1453      545F4741 
 1453      50435F53 
 1453      43414E5F 
 1454              	.LASF113:
 1455 07eb 53746F70 		.ascii	"StopBallServe\000"
 1455      42616C6C 
 1455      53657276 
 1455      6500
 1456              	.LASF73:
 1457 07f9 4359424C 		.ascii	"CYBLE_EVT_L2CAP_CBFC_CONN_IND\000"
 1457      455F4556 
 1457      545F4C32 
 1457      4341505F 
 1457      43424643 
 1458              	.LASF51:
 1459 0817 4359424C 		.ascii	"CYBLE_EVT_GATTC_READ_BY_TYPE_RSP\000"
 1459      455F4556 
 1459      545F4741 
 1459      5454435F 
 1459      52454144 
 1460              	.LASF13:
 1461 0838 73697A65 		.ascii	"sizetype\000"
 1461      74797065 
 1461      00
 1462              	.LASF117:
 1463 0841 53747269 		.ascii	"StripLights_Dim\000"
 1463      704C6967 
 1463      6874735F 
 1463      44696D00 
 1464              	.LASF12:
 1465 0851 6C6F6E67 		.ascii	"long double\000"
 1465      20646F75 
 1465      626C6500 
 1466              	.LASF26:
ARM GAS  C:\Users\ARTEM\AppData\Local\Temp\ccYwC25K.s 			page 33


 1467 085d 4359424C 		.ascii	"CYBLE_EVT_GAP_AUTH_FAILED\000"
 1467      455F4556 
 1467      545F4741 
 1467      505F4155 
 1467      54485F46 
 1468              	.LASF58:
 1469 0877 4359424C 		.ascii	"CYBLE_EVT_GATTC_WRITE_RSP\000"
 1469      455F4556 
 1469      545F4741 
 1469      5454435F 
 1469      57524954 
 1470              	.LASF39:
 1471 0891 4359424C 		.ascii	"CYBLE_EVT_GAPC_DIRECT_ADV_REPORT\000"
 1471      455F4556 
 1471      545F4741 
 1471      50435F44 
 1471      49524543 
 1472              	.LASF37:
 1473 08b2 4359424C 		.ascii	"CYBLE_EVT_GAP_DATA_LENGTH_CHANGE\000"
 1473      455F4556 
 1473      545F4741 
 1473      505F4441 
 1473      54415F4C 
 1474              	.LASF122:
 1475 08d3 50696E5F 		.ascii	"Pin_Output_Serve_Write\000"
 1475      4F757470 
 1475      75745F53 
 1475      65727665 
 1475      5F577269 
 1476              	.LASF42:
 1477 08ea 4359424C 		.ascii	"CYBLE_EVT_GAP_SCAN_REQ_RECVD\000"
 1477      455F4556 
 1477      545F4741 
 1477      505F5343 
 1477      414E5F52 
 1478              	.LASF130:
 1479 0907 4379426C 		.ascii	"CyBle_ProcessEvents\000"
 1479      655F5072 
 1479      6F636573 
 1479      73457665 
 1479      6E747300 
 1480              	.LASF25:
 1481 091b 4359424C 		.ascii	"CYBLE_EVT_GAP_AUTH_COMPLETE\000"
 1481      455F4556 
 1481      545F4741 
 1481      505F4155 
 1481      54485F43 
 1482              	.LASF95:
 1483 0937 4359424C 		.ascii	"CYBLE_AIOS_TIME_TRIGGER_SETTINGS\000"
 1483      455F4149 
 1483      4F535F54 
 1483      494D455F 
 1483      54524947 
 1484              	.LASF131:
 1485 0958 5072696E 		.ascii	"PrintMotorSpeeds\000"
 1485      744D6F74 
 1485      6F725370 
ARM GAS  C:\Users\ARTEM\AppData\Local\Temp\ccYwC25K.s 			page 34


 1485      65656473 
 1485      00
 1486              	.LASF63:
 1487 0969 4359424C 		.ascii	"CYBLE_EVT_GATTC_HANDLE_VALUE_NTF\000"
 1487      455F4556 
 1487      545F4741 
 1487      5454435F 
 1487      48414E44 
 1488              	.LASF74:
 1489 098a 4359424C 		.ascii	"CYBLE_EVT_L2CAP_CBFC_CONN_CNF\000"
 1489      455F4556 
 1489      545F4C32 
 1489      4341505F 
 1489      43424643 
 1490              	.LASF50:
 1491 09a8 4359424C 		.ascii	"CYBLE_EVT_GATTC_READ_BY_GROUP_TYPE_RSP\000"
 1491      455F4556 
 1491      545F4741 
 1491      5454435F 
 1491      52454144 
 1492              	.LASF107:
 1493 09cf 69735365 		.ascii	"isServing\000"
 1493      7276696E 
 1493      6700
 1494              	.LASF9:
 1495 09d9 666C6F61 		.ascii	"float\000"
 1495      7400
 1496              	.LASF118:
 1497 09df 53747269 		.ascii	"StripLights_DisplayClear\000"
 1497      704C6967 
 1497      6874735F 
 1497      44697370 
 1497      6C617943 
 1498              	.LASF105:
 1499 09f8 5F426F6F 		.ascii	"_Bool\000"
 1499      6C00
 1500              	.LASF1:
 1501 09fe 756E7369 		.ascii	"unsigned char\000"
 1501      676E6564 
 1501      20636861 
 1501      7200
 1502              	.LASF35:
 1503 0a0c 4359424C 		.ascii	"CYBLE_EVT_GAP_KEYPRESS_NOTIFICATION\000"
 1503      455F4556 
 1503      545F4741 
 1503      505F4B45 
 1503      59505245 
 1504              	.LASF99:
 1505 0a30 75617274 		.ascii	"uart_rpm_buff\000"
 1505      5F72706D 
 1505      5F627566 
 1505      6600
 1506              	.LASF127:
 1507 0a3e 50574D5F 		.ascii	"PWM_Down_WriteCompare\000"
 1507      446F776E 
 1507      5F577269 
 1507      7465436F 
ARM GAS  C:\Users\ARTEM\AppData\Local\Temp\ccYwC25K.s 			page 35


 1507      6D706172 
 1508              	.LASF108:
 1509 0a54 636F756E 		.ascii	"counter\000"
 1509      74657200 
 1510              	.LASF64:
 1511 0a5c 4359424C 		.ascii	"CYBLE_EVT_GATTC_HANDLE_VALUE_IND\000"
 1511      455F4556 
 1511      545F4741 
 1511      5454435F 
 1511      48414E44 
 1512              	.LASF83:
 1513 0a7d 4359424C 		.ascii	"CYBLE_EVT_HCI_PKT\000"
 1513      455F4556 
 1513      545F4843 
 1513      495F504B 
 1513      5400
 1514              	.LASF87:
 1515 0a8f 4359424C 		.ascii	"CYBLE_AIOS_ANALOG\000"
 1515      455F4149 
 1515      4F535F41 
 1515      4E414C4F 
 1515      4700
 1516              	.LASF109:
 1517 0aa1 64697361 		.ascii	"disablePrintIfZeroRPM\000"
 1517      626C6550 
 1517      72696E74 
 1517      49665A65 
 1517      726F5250 
 1518              	.LASF60:
 1519 0ab7 4359424C 		.ascii	"CYBLE_EVT_GATTS_PREP_WRITE_REQ\000"
 1519      455F4556 
 1519      545F4741 
 1519      5454535F 
 1519      50524550 
 1520              	.LASF65:
 1521 0ad6 4359424C 		.ascii	"CYBLE_EVT_GATTS_HANDLE_VALUE_CNF\000"
 1521      455F4556 
 1521      545F4741 
 1521      5454535F 
 1521      48414E44 
 1522              	.LASF45:
 1523 0af7 4359424C 		.ascii	"CYBLE_EVT_GATTC_ERROR_RSP\000"
 1523      455F4556 
 1523      545F4741 
 1523      5454435F 
 1523      4552524F 
 1524              	.LASF101:
 1525 0b11 6F6C6444 		.ascii	"oldDifficulty\000"
 1525      69666669 
 1525      63756C74 
 1525      7900
 1526              	.LASF135:
 1527 0b1f 73657444 		.ascii	"setDifficulty\000"
 1527      69666669 
 1527      63756C74 
 1527      7900
 1528              	.LASF11:
ARM GAS  C:\Users\ARTEM\AppData\Local\Temp\ccYwC25K.s 			page 36


 1529 0b2d 63686172 		.ascii	"char\000"
 1529      00
 1530              	.LASF56:
 1531 0b32 4359424C 		.ascii	"CYBLE_EVT_GATTC_READ_MULTI_RSP\000"
 1531      455F4556 
 1531      545F4741 
 1531      5454435F 
 1531      52454144 
 1532              	.LASF29:
 1533 0b51 4359424C 		.ascii	"CYBLE_EVT_GAP_DEVICE_DISCONNECTED\000"
 1533      455F4556 
 1533      545F4741 
 1533      505F4445 
 1533      56494345 
 1534              	.LASF132:
 1535 0b73 48616E64 		.ascii	"HandleUARTInput\000"
 1535      6C655541 
 1535      5254496E 
 1535      70757400 
 1536              	.LASF68:
 1537 0b83 4359424C 		.ascii	"CYBLE_EVT_GATTS_READ_CHAR_VAL_ACCESS_REQ\000"
 1537      455F4556 
 1537      545F4741 
 1537      5454535F 
 1537      52454144 
 1538              	.LASF110:
 1539 0bac 53747269 		.ascii	"StripLights_CLUT\000"
 1539      704C6967 
 1539      6874735F 
 1539      434C5554 
 1539      00
 1540              	.LASF78:
 1541 0bbd 4359424C 		.ascii	"CYBLE_EVT_L2CAP_CBFC_RX_CREDIT_IND\000"
 1541      455F4556 
 1541      545F4C32 
 1541      4341505F 
 1541      43424643 
 1542              	.LASF79:
 1543 0be0 4359424C 		.ascii	"CYBLE_EVT_L2CAP_CBFC_TX_CREDIT_IND\000"
 1543      455F4556 
 1543      545F4C32 
 1543      4341505F 
 1543      43424643 
 1544              	.LASF128:
 1545 0c03 73657444 		.ascii	"setDesiredVoltage\000"
 1545      65736972 
 1545      6564566F 
 1545      6C746167 
 1545      6500
 1546              	.LASF17:
 1547 0c15 4359424C 		.ascii	"CYBLE_EVT_HARDWARE_ERROR\000"
 1547      455F4556 
 1547      545F4841 
 1547      52445741 
 1547      52455F45 
 1548              	.LASF104:
 1549 0c2e 6D6F746F 		.ascii	"motorsEnabled\000"
ARM GAS  C:\Users\ARTEM\AppData\Local\Temp\ccYwC25K.s 			page 37


 1549      7273456E 
 1549      61626C65 
 1549      6400
 1550              	.LASF129:
 1551 0c3c 43794465 		.ascii	"CyDelay\000"
 1551      6C617900 
 1552              	.LASF90:
 1553 0c44 4359424C 		.ascii	"CYBLE_AIOS_CCCD\000"
 1553      455F4149 
 1553      4F535F43 
 1553      43434400 
 1554              	.LASF115:
 1555 0c54 4379426C 		.ascii	"CyBle_AiosRegisterAttrCallback\000"
 1555      655F4169 
 1555      6F735265 
 1555      67697374 
 1555      65724174 
 1556              	.LASF48:
 1557 0c73 4359424C 		.ascii	"CYBLE_EVT_GATTS_XCNHG_MTU_REQ\000"
 1557      455F4556 
 1557      545F4741 
 1557      5454535F 
 1557      58434E48 
 1558              	.LASF112:
 1559 0c91 4953525F 		.ascii	"ISR_Ball_Trigger_StartEx\000"
 1559      42616C6C 
 1559      5F547269 
 1559      67676572 
 1559      5F537461 
 1560              	.LASF103:
 1561 0caa 6D6F746F 		.ascii	"motor_speeds\000"
 1561      725F7370 
 1561      65656473 
 1561      00
 1562              	.LASF53:
 1563 0cb7 4359424C 		.ascii	"CYBLE_EVT_GATTC_FIND_BY_TYPE_VALUE_RSP\000"
 1563      455F4556 
 1563      545F4741 
 1563      5454435F 
 1563      46494E44 
 1564              	.LASF123:
 1565 0cde 50696E5F 		.ascii	"Pin_Motor_Write\000"
 1565      4D6F746F 
 1565      725F5772 
 1565      69746500 
 1566              	.LASF33:
 1567 0cee 4359424C 		.ascii	"CYBLE_EVT_GAP_KEYINFO_EXCHNGE_CMPLT\000"
 1567      455F4556 
 1567      545F4741 
 1567      505F4B45 
 1567      59494E46 
 1568              	.LASF75:
 1569 0d12 4359424C 		.ascii	"CYBLE_EVT_L2CAP_CBFC_DISCONN_IND\000"
 1569      455F4556 
 1569      545F4C32 
 1569      4341505F 
 1569      43424643 
ARM GAS  C:\Users\ARTEM\AppData\Local\Temp\ccYwC25K.s 			page 38


 1570              	.LASF121:
 1571 0d33 5365744D 		.ascii	"SetMotorsEnabled\000"
 1571      6F746F72 
 1571      73456E61 
 1571      626C6564 
 1571      00
 1572              	.LASF44:
 1573 0d44 4359424C 		.ascii	"CYBLE_EVT_GAP_SMP_LOC_P256_KEYS_GEN_AND_SET_COMPLET"
 1573      455F4556 
 1573      545F4741 
 1573      505F534D 
 1573      505F4C4F 
 1574 0d77 4500     		.ascii	"E\000"
 1575              	.LASF71:
 1576 0d79 4359424C 		.ascii	"CYBLE_EVT_L2CAP_CONN_PARAM_UPDATE_RSP\000"
 1576      455F4556 
 1576      545F4C32 
 1576      4341505F 
 1576      434F4E4E 
 1577              	.LASF140:
 1578 0d9f 6D61696E 		.ascii	"main\000"
 1578      00
 1579              	.LASF38:
 1580 0da4 4359424C 		.ascii	"CYBLE_EVT_GAP_ENHANCE_CONN_COMPLETE\000"
 1580      455F4556 
 1580      545F4741 
 1580      505F454E 
 1580      48414E43 
 1581              	.LASF96:
 1582 0dc8 4359424C 		.ascii	"CYBLE_AIOS_VRD\000"
 1582      455F4149 
 1582      4F535F56 
 1582      524400
 1583              	.LASF47:
 1584 0dd7 4359424C 		.ascii	"CYBLE_EVT_GATT_DISCONNECT_IND\000"
 1584      455F4556 
 1584      545F4741 
 1584      54545F44 
 1584      4953434F 
 1585              	.LASF84:
 1586 0df5 4359424C 		.ascii	"CYBLE_EVT_FLASH_CORRUPT\000"
 1586      455F4556 
 1586      545F464C 
 1586      4153485F 
 1586      434F5252 
 1587              		.ident	"GCC: (GNU Tools for ARM Embedded Processors) 5.4.1 20160609 (release) [ARM/embedded-5-bran
