--------------- Build Started: 12/28/2023 14:33:05 Project: CyberPong, Configuration: ARM GCC 5.4-2016-q2-update Debug ---------------
cydsfit.exe -.appdatapath "C:\Users\ARTEM\AppData\Local\Cypress Semiconductor\PSoC Creator\4.4" -.fdsnotice -.fdswarpdepfile=warp_dependencies.txt -.fdselabdepfile=elab_dependencies.txt -.fdsbldfile=generated_files.txt -.fdsreffile=referenced_files.txt -p "B:\UCU Second year\Term 1\POC\Cyberpong\CyberPong.cydsn\CyberPong.cyprj" -d CY8C4248LQI-BL583 -s "B:\UCU Second year\Term 1\POC\Cyberpong\CyberPong.cydsn\Generated_Source\PSoC4" -- -yv2 -q10 -ygs -o2 -v3 -.fftcfgtype=LE
Elaborating Design...
ADD: fit.M0032: warning: Clock Warning: (Clock's accuracy range '9.6 MHz +/- 2%, (9.408 MHz - 9.792 MHz)' is not within the specified tolerance range '10 MHz +/- 5%, (9.5 MHz - 10.5 MHz)'.).
 * B:\UCU Second year\Term 1\POC\Cyberpong\CyberPong.cydsn\CyberPong.cydwr (Clock)
 * B:\UCU Second year\Term 1\POC\Cyberpong\CyberPong.cydsn\TopDesign\TopDesign.cysch (Instance:Clock)
ADD: fit.M0032: warning: Clock Warning: (Clock_1's accuracy range '9.6 MHz +/- 2%, (9.408 MHz - 9.792 MHz)' is not within the specified tolerance range '10 MHz +/- 5%, (9.5 MHz - 10.5 MHz)'.).
 * B:\UCU Second year\Term 1\POC\Cyberpong\CyberPong.cydsn\CyberPong.cydwr (Clock_1)
 * B:\UCU Second year\Term 1\POC\Cyberpong\CyberPong.cydsn\TopDesign\TopDesign.cysch (Instance:Clock_1)
HDL Generation...
Synthesis...
Tech Mapping...
Analog Placement...
Analog Routing...
Analog Code Generation...
Digital Placement...
Digital Routing...
Bitstream Generation...
Bitstream Verification...
Static timing analysis...
API Generation...
Dependency Generation...
Cleanup...
The compile step is up to date, no work needs to be done.
The link step is up to date, no work needs to be done.
--------------- Build Succeeded: 12/28/2023 14:33:18 ---------------
